             VMA              LMA     Size Align Out     In      Symbol
               0                0        0     1 KERNEL_VMA = 0xFFFF800000000000
               0                0        0     1 KERNEL_LMA = 0x200000
               0                0   200000     1 . = KERNEL_LMA
          200000           200000      13d    16 .boot
          200000           200000       90    16         ./build/x86_64/hal/x86_64/_boot.o:(.boot)
          200000           200000        0     1                 _boot_kernel_gateway
          200022           200022        0     1                 _boot_gdtr
          20002c           20002c        0     1                 boot_gdt
          20004c           20004c        0     1                 boot_gdt_end
          20004c           20004c        0     1                 _load_segment_register
          200058           200058        0     1                 _load_segment_register.reload_cs
          200067           200067        0     1                 _boot_lower_half
          200090           200090       ad    16         ./build/x86_64/hal/x86_64/boot.o:(.boot)
          200090           200090       ad     1                 init_page_table
          20013d           20013d      ec3     1 . = KERNEL_VMA + KERNEL_LMA + 0x1000
ffff800000201000           201000     46ae    16 .text
          201000     800000201000        0     1         __kernel_start = . - KERNEL_VMA
ffff800000201000           201000      366    16         ./build/x86_64/kernel/include/library/string.o:(.text)
ffff800000201000           201000      13f     1                 std::memset(void*, char, unsigned long)
ffff800000201140           201140      1ae     1                 std::memcpy(void*, void const*, unsigned long)
ffff8000002012f0           2012f0       36     1                 std::strcpy(char*, char const*)
ffff800000201330           201330       36     1                 std::strcmp(char const*, char const*)
ffff800000201370           201370      5f1    16         ./build/x86_64/kernel/logger.o:(.text)
ffff800000201370           201370       43     1                 kernel::utility::logger::logger(hal::interface::serial&)
ffff800000201370           201370       43     1                 kernel::utility::logger::logger(hal::interface::serial&)
ffff8000002013c0           2013c0       c2     1                 kernel::utility::logger::log(char const*, char const*)
ffff800000201490           201490       53     1                 kernel::utility::logger::print_log_id(char const*)
ffff8000002014f0           2014f0       3e     1                 kernel::utility::logger::print_sender(char const*, char const*)
ffff800000201530           201530       2a     1                 kernel::utility::logger::print_splitter()
ffff800000201560           201560      15a     1                 kernel::utility::logger::debug(char const*, ...)
ffff8000002016c0           2016c0       c2     1                 kernel::utility::logger::error(char const*)
ffff800000201790           201790      13d     1                 kernel::utility::logger::printk(char const*, ...)
ffff8000002018d0           2018d0       2a     1                 kernel::utility::logger::split()
ffff800000201900           201900       61     1                 kernel::utility::logger::a9nout()
ffff800000201970           201970      5ca    16         ./build/x86_64/kernel/main.o:(.text)
ffff800000201970           201970      4e6     1                 kernel_entry
ffff800000201e60           201e60       da     1                 kernel_main()
ffff800000201f40           201f40      a86    16         ./build/x86_64/kernel/memory_manager.o:(.text)
ffff800000201f40           201f40       32     1                 kernel::memory_manager::memory_manager(hal::interface::memory_manager&, memory_info const&)
ffff800000201f40           201f40       32     1                 kernel::memory_manager::memory_manager(hal::interface::memory_manager&, memory_info const&)
ffff800000201f80           201f80       11     1                 kernel::memory_manager::init(memory_info const&)
ffff800000201fa0           201fa0      26c     1                 kernel::memory_manager::init_memory_block(memory_info const&)
ffff800000202210           202210       16     1                 kernel::memory_manager::align_physical_address(unsigned long, unsigned short)
ffff800000202230           202230       9d     1                 kernel::memory_manager::init_memory_frame(kernel::memory_block&)
ffff8000002022d0           2022d0       b3     1                 kernel::memory_manager::print_memory_block_info(kernel::memory_block&)
ffff800000202390           202390      18a     1                 kernel::memory_manager::allocate_physical_memory(unsigned long, kernel::process*)
ffff800000202520           202520       16     1                 kernel::memory_manager::align_size(unsigned long, unsigned short)
ffff800000202540           202540       52     1                 kernel::memory_manager::find_free_frames(kernel::memory_block&, unsigned long, unsigned long&)
ffff8000002025a0           2025a0       60     1                 kernel::memory_manager::configure_memory_frames(kernel::memory_frame*, unsigned long, kernel::process*, bool)
ffff800000202600           202600       12     1                 kernel::memory_manager::convert_physical_to_virtual_address(unsigned long)
ffff800000202620           202620       4e     1                 kernel::memory_manager::find_frames(kernel::memory_block&, unsigned long, unsigned long&, bool)
ffff800000202670           202670       c3     1                 kernel::memory_manager::deallocate_physical_memory(unsigned long, unsigned long)
ffff800000202740           202740       12     1                 kernel::memory_manager::convert_virtual_to_physical_address(unsigned long)
ffff800000202760           202760       65     1                 kernel::memory_manager::init_virtual_memory(kernel::process*)
ffff8000002027d0           2027d0      1e8     1                 kernel::memory_manager::map_virtual_memory(kernel::process*, unsigned long, unsigned long, unsigned long)
ffff8000002029c0           2029c0        6     1                 kernel::memory_manager::unmap_virtual_memory(kernel::process*, unsigned long, unsigned long)
ffff8000002029d0           2029d0       36    16         ./build/x86_64/kernel/new.o:(.text)
ffff8000002029d0           2029d0        9     1                 operator new(unsigned long, void*)
ffff8000002029e0           2029e0        9     1                 operator new[](unsigned long, void*)
ffff8000002029f0           2029f0        6     1                 operator delete(void*, void*)
ffff800000202a00           202a00        6     1                 operator delete[](void*, void*)
ffff800000202a10           202a10     1c04    16         ./build/x86_64/kernel/print.o:(.text)
ffff800000202a10           202a10        9     1                 kernel::utility::print::print(hal::interface::serial&)
ffff800000202a10           202a10        9     1                 kernel::utility::print::print(hal::interface::serial&)
ffff800000202a20           202a20      124     1                 kernel::utility::print::printf(char const*, ...)
ffff800000202b50           202b50       94     1                 kernel::utility::print::vsprintf(char*, char const*, __va_list_tag*)
ffff800000202bf0           202bf0       c3     1                 kernel::utility::print::vprintf(char const*, __va_list_tag*)
ffff800000202cc0           202cc0      107     1                 kernel::utility::print::sprintf(char*, char const*, ...)
ffff800000202dd0           202dd0     10d4     1                 kernel::utility::print::process_format(char**, char const**, __va_list_tag*)
ffff800000203eb0           203eb0       14     1                 kernel::utility::print::write_char(char**, char)
ffff800000203ed0           203ed0      104     1                 kernel::utility::print::write_int(char**, int, int, bool)
ffff800000203fe0           203fe0      114     1                 kernel::utility::print::write_int_ll(char**, long long, int, bool)
ffff800000204100           204100       e4     1                 kernel::utility::print::write_hex_ll(char**, unsigned long long, int, bool, bool)
ffff8000002041f0           2041f0       e4     1                 kernel::utility::print::write_hex(char**, unsigned int, int, bool, bool)
ffff8000002042e0           2042e0       82     1                 kernel::utility::print::write_string(char**, char*, int)
ffff800000204370           204370       ae     1                 kernel::utility::print::write_pointer(char**, void const*)
ffff800000204420           204420       f4     1                 kernel::utility::print::write_uint(char**, unsigned int, int, bool)
ffff800000204520           204520       f4     1                 kernel::utility::print::write_uint_ll(char**, unsigned long long, int, bool)
ffff800000204620           204620       16    16         ./build/x86_64/kernel/process.o:(.text)
ffff800000204620           204620        6     1                 kernel::process::process()
ffff800000204620           204620        6     1                 kernel::process::process()
ffff800000204630           204630        6     1                 kernel::process::~process()
ffff800000204630           204630        6     1                 kernel::process::~process()
ffff800000204640           204640       93    16         ./build/x86_64/kernel/process_manager.o:(.text)
ffff800000204640           204640       1c     1                 kernel::process_manager::process_manager(hal::interface::process_manager&, hal::interface::interrupt&)
ffff800000204640           204640       1c     1                 kernel::process_manager::process_manager(hal::interface::process_manager&, hal::interface::interrupt&)
ffff800000204660           204660       15     1                 kernel::process_manager::~process_manager()
ffff800000204660           204660       15     1                 kernel::process_manager::~process_manager()
ffff800000204680           204680        6     1                 kernel::process_manager::init_process()
ffff800000204690           204690        6     1                 kernel::process_manager::create_process(char const*, unsigned long)
ffff8000002046a0           2046a0        6     1                 kernel::process_manager::delete_process(int)
ffff8000002046b0           2046b0       23     1                 kernel::process_manager::switch_context()
ffff8000002046e0           2046e0       24    16         ./build/x86_64/kernel/scheduler.o:(.text)
ffff8000002046e0           2046e0        6     1                 kernel::scheduler::scheduler()
ffff8000002046e0           2046e0        6     1                 kernel::scheduler::scheduler()
ffff8000002046f0           2046f0        6     1                 kernel::scheduler::~scheduler()
ffff8000002046f0           2046f0        6     1                 kernel::scheduler::~scheduler()
ffff800000204700           204700        4     1                 kernel::schedule_next_process()
ffff800000204710           204710       1e    16         ./build/x86_64/hal/x86_64/_boot.o:(.text)
ffff800000204710           204710        0     1                 _boot_higher_half
ffff80000020472a           20472a        0     1                 none
ffff800000204730           204730        f    16         ./build/x86_64/hal/x86_64/_paging.o:(.text)
ffff800000204730           204730        0     1                 _load_cr3
ffff800000204734           204734        0     1                 _flush_tlb
ffff80000020473b           20473b        0     1                 _invalidate_page
ffff800000204740           204740       3a    16         ./build/x86_64/hal/x86_64/_segment_configurator.o:(.text)
ffff800000204740           204740        0     1                 gdtr
ffff80000020474a           20474a        0     1                 _load_gdt
ffff800000204760           204760        0     1                 _load_segment_register
ffff80000020476b           20476b        0     1                 _load_segment_register.reload_cs
ffff800000204780           204780       1d    16         ./build/x86_64/hal/x86_64/_x86_64_context_switch.o:(.text)
ffff800000204780           204780        0     1                 _switch_context
ffff8000002047a0           2047a0       31    16         ./build/x86_64/hal/x86_64/_x86_64_interrupt.o:(.text)
ffff8000002047a0           2047a0        0     1                 interrupt_handler_common
ffff8000002047e0           2047e0       29    16         ./build/x86_64/hal/x86_64/_x86_64_interrupt_configurator.o:(.text)
ffff8000002047e0           2047e0        0     1                 idtr
ffff8000002047ea           2047ea        0     1                 _load_idt
ffff800000204805           204805        0     1                 _enable_interrupt_all
ffff800000204807           204807        0     1                 _disable_interrupt_all
ffff800000204810           204810        d    16         ./build/x86_64/hal/x86_64/_x86_64_port_io.o:(.text)
ffff800000204810           204810        0     1                 _read
ffff800000204814           204814        0     1                 _write
ffff800000204820           204820       45    16         ./build/x86_64/hal/x86_64/arch_initializer.o:(.text)
ffff800000204820           204820       1b     1                 hal::x86_64::arch_initializer::arch_initializer(hal::x86_64::segment_configurator&)
ffff800000204820           204820       1b     1                 hal::x86_64::arch_initializer::arch_initializer(hal::x86_64::segment_configurator&)
ffff800000204840           204840        6     1                 hal::x86_64::arch_initializer::~arch_initializer()
ffff800000204840           204840        6     1                 hal::x86_64::arch_initializer::~arch_initializer()
ffff800000204850           204850       15     1                 hal::x86_64::arch_initializer::init_architecture()
ffff800000204868           204868        0     4         ./build/x86_64/hal/x86_64/boot.o:(.text)
ffff800000204870           204870      229    16         ./build/x86_64/hal/x86_64/interrupt.o:(.text)
ffff800000204870           204870       17     1                 hal::x86_64::interrupt::interrupt()
ffff800000204870           204870       17     1                 hal::x86_64::interrupt::interrupt()
ffff800000204890           204890        6     1                 hal::x86_64::interrupt::~interrupt()
ffff800000204890           204890        6     1                 hal::x86_64::interrupt::~interrupt()
ffff8000002048a0           2048a0       1a     1                 hal::x86_64::interrupt::init_interrupt()
ffff8000002048c0           2048c0       1a     1                 hal::x86_64::interrupt::load_idt()
ffff8000002048e0           2048e0       35     1                 hal::x86_64::interrupt::register_interrupt(unsigned int, void (*)(void*))
ffff800000204920           204920       11     1                 hal::x86_64::interrupt::enable_interrupt(unsigned int)
ffff800000204940           204940       11     1                 hal::x86_64::interrupt::disable_interrupt(unsigned int)
ffff800000204960           204960       11     1                 hal::x86_64::interrupt::enable_interrupt_all()
ffff800000204980           204980       11     1                 hal::x86_64::interrupt::disable_interrupt_all()
ffff8000002049a0           2049a0       f9     1                 hal::x86_64::interrupt::mask_interrupt(hal::interface::interrupt_mask)
ffff800000204aa0           204aa0      513    16         ./build/x86_64/hal/x86_64/memory_manager.o:(.text)
ffff800000204aa0           204aa0       24     1                 hal::x86_64::memory_manager::init_memory()
ffff800000204ad0           204ad0       23     1                 hal::x86_64::memory_manager::init_virtual_memory(unsigned long)
ffff800000204b00           204b00      13b     1                 hal::x86_64::memory_manager::is_table_exists(unsigned long, unsigned long)
ffff800000204c40           204c40      1c6     1                 hal::x86_64::memory_manager::configure_page_table(unsigned long, unsigned long, unsigned long)
ffff800000204e10           204e10      151     1                 hal::x86_64::memory_manager::map_virtual_memory(unsigned long, unsigned long, unsigned long)
ffff800000204f70           204f70        6     1                 hal::x86_64::memory_manager::unmap_virtual_memory(unsigned long, unsigned long)
ffff800000204f80           204f80       13     1                 hal::x86_64::memory_manager::convert_physical_to_virtual_address(unsigned long)
ffff800000204fa0           204fa0       13     1                 hal::x86_64::memory_manager::convert_virtual_to_physical_address(unsigned long)
ffff800000204fc0           204fc0       eb    16         ./build/x86_64/hal/x86_64/pic.o:(.text)
ffff800000204fc0           204fc0        9     1                 hal::x86_64::pic::pic(hal::interface::port_io&)
ffff800000204fc0           204fc0        9     1                 hal::x86_64::pic::pic(hal::interface::port_io&)
ffff800000204fd0           204fd0        6     1                 hal::x86_64::pic::~pic()
ffff800000204fd0           204fd0        6     1                 hal::x86_64::pic::~pic()
ffff800000204fe0           204fe0       aa     1                 hal::x86_64::pic::init_pic()
ffff800000205090           205090       1b     1                 hal::x86_64::pic::end_of_interrupt_pic()
ffff8000002050b0           2050b0      289    16         ./build/x86_64/hal/x86_64/pit_timer.o:(.text)
ffff8000002050b0           2050b0       49     1                 hal::x86_64::pit_timer::pit_timer(hal::interface::port_io&)
ffff8000002050b0           2050b0       49     1                 hal::x86_64::pit_timer::pit_timer(hal::interface::port_io&)
ffff800000205100           205100       26     1                 hal::x86_64::pit_timer::~pit_timer()
ffff800000205100           205100       26     1                 hal::x86_64::pit_timer::~pit_timer()
ffff800000205130           205130       5e     1                 hal::x86_64::pit_timer::init_timer()
ffff800000205190           205190       54     1                 hal::x86_64::pit_timer::configure_timer(unsigned short)
ffff8000002051f0           2051f0      12f     1                 hal::x86_64::pit_timer::handle(void*)
ffff800000205320           205320        a     1                 hal::x86_64::pit_timer::clock()
ffff800000205330           205330        9     1                 hal::x86_64::pit_timer::get_tick()
ffff800000205340           205340       35    16         ./build/x86_64/hal/x86_64/port_io.o:(.text)
ffff800000205340           205340       13     1                 hal::x86_64::port_io::read(unsigned short)
ffff800000205360           205360       15     1                 hal::x86_64::port_io::write(unsigned short, unsigned char)
ffff800000205380           205380       76    16         ./build/x86_64/hal/x86_64/process_manager.o:(.text)
ffff800000205380           205380       17     1                 hal::x86_64::process_manager::process_manager()
ffff800000205380           205380       17     1                 hal::x86_64::process_manager::process_manager()
ffff8000002053a0           2053a0        6     1                 hal::x86_64::process_manager::~process_manager()
ffff8000002053a0           2053a0        6     1                 hal::x86_64::process_manager::~process_manager()
ffff8000002053b0           2053b0       1f     1                 hal::x86_64::process_manager::switch_context(kernel::process*, kernel::process*)
ffff8000002053d0           2053d0       20     1                 hal::x86_64::process_manager::create_process(kernel::process*, unsigned long)
ffff8000002053f0           2053f0        6     1                 hal::x86_64::process_manager::delete_process(kernel::process*)
ffff800000205400           205400       93    16         ./build/x86_64/hal/x86_64/segment_configurator.o:(.text)
ffff800000205400           205400        6     1                 hal::x86_64::segment_configurator::segment_configurator()
ffff800000205400           205400        6     1                 hal::x86_64::segment_configurator::segment_configurator()
ffff800000205410           205410        6     1                 hal::x86_64::segment_configurator::~segment_configurator()
ffff800000205410           205410        6     1                 hal::x86_64::segment_configurator::~segment_configurator()
ffff800000205420           205420       31     1                 hal::x86_64::segment_configurator::init_gdt()
ffff800000205460           205460       20     1                 hal::x86_64::segment_configurator::load_gdt()
ffff800000205480           205480       13     1                 hal::x86_64::segment_configurator::load_segment_register(unsigned short)
ffff8000002054a0           2054a0      20e    16         ./build/x86_64/hal/x86_64/serial.o:(.text)
ffff8000002054a0           2054a0       1b     1                 hal::x86_64::serial::serial(hal::interface::port_io&)
ffff8000002054a0           2054a0       1b     1                 hal::x86_64::serial::serial(hal::interface::port_io&)
ffff8000002054c0           2054c0        6     1                 hal::x86_64::serial::~serial()
ffff8000002054c0           2054c0        6     1                 hal::x86_64::serial::~serial()
ffff8000002054d0           2054d0       98     1                 hal::x86_64::serial::init_serial(unsigned int)
ffff800000205570           205570       39     1                 hal::x86_64::serial::read_serial()
ffff8000002055b0           2055b0       19     1                 hal::x86_64::serial::is_received()
ffff8000002055d0           2055d0       3c     1                 hal::x86_64::serial::write_serial(char)
ffff800000205610           205610       19     1                 hal::x86_64::serial::is_empty()
ffff800000205630           205630       5f     1                 hal::x86_64::serial::write_string_serial(char*)
ffff800000205690           205690       1e     1                 hal::x86_64::serial::strlen(char const*)
ffff8000002056b0           2056b0      db8    16 .rodata
ffff8000002056b0           2056b0      108     8         ./build/x86_64/kernel/print.o:(.rodata)
ffff8000002057b8           2057b8       18     8         ./build/x86_64/hal/x86_64/arch_initializer.o:(.rodata)
ffff8000002057b8           2057b8       18     1                 vtable for hal::x86_64::arch_initializer
ffff8000002057d0           2057d0       48     8         ./build/x86_64/hal/x86_64/interrupt.o:(.rodata)
ffff8000002057d0           2057d0       48     1                 vtable for hal::x86_64::interrupt
ffff800000205818           205818       50     8         ./build/x86_64/hal/x86_64/memory_manager.o:(.rodata)
ffff800000205818           205818       50     1                 vtable for hal::x86_64::memory_manager
ffff800000205868           205868       30     8         ./build/x86_64/hal/x86_64/pit_timer.o:(.rodata)
ffff800000205868           205868       30     1                 vtable for hal::x86_64::pit_timer
ffff800000205898           205898       20     8         ./build/x86_64/hal/x86_64/port_io.o:(.rodata)
ffff800000205898           205898       20     1                 vtable for hal::x86_64::port_io
ffff8000002058b8           2058b8       28     8         ./build/x86_64/hal/x86_64/process_manager.o:(.rodata)
ffff8000002058b8           2058b8       28     1                 vtable for hal::x86_64::process_manager
ffff8000002058e0           2058e0       30     8         ./build/x86_64/hal/x86_64/serial.o:(.rodata)
ffff8000002058e0           2058e0       30     1                 vtable for hal::x86_64::serial
ffff800000205910           205910      b0a     1         <internal>:(.rodata)
ffff800000206420           206420       20    16         <internal>:(.rodata)
ffff800000206440           206440       28    16         ./build/x86_64/hal/x86_64/segment_configurator.o:(.rodata._ZN3hal6x86_6420segment_configurator3gdtE)
ffff800000206440           206440       28     1                 hal::x86_64::segment_configurator::gdt
ffff800000206468           206468        0     1 .data
ffff800000206468           206468    16b98     8 .bss
          206468     800000206468        0     1         __bss_start = . - KERNEL_VMA
ffff800000206468           206468       10     8         ./build/x86_64/kernel/logger.o:(.bss)
ffff800000206468           206468        4     1                 kernel::utility::logger::log_id
ffff800000206470           206470        8     1                 kernel::utility::logger::this_logger
ffff800000206478           206478        8     8         ./build/x86_64/kernel/main.o:(.bss)
ffff800000206478           206478        8     1                 timer
ffff800000206480           206480        8     8         ./build/x86_64/hal/x86_64/pit_timer.o:(.bss)
ffff800000206480           206480        8     1                 hal::x86_64::pit_timer::this_timer
          206488     800000206488        0     1         __bss_end = . - KERNEL_VMA
          206488     800000206488      b78     1         . = ALIGN ( 0x1000 )
          207000     800000207000        0     1         __kernel_pml4 = . - KERNEL_VMA
          207000     800000207000     1000     1         . += 0x1000
          208000     800000208000        0     1         . = ALIGN ( 0x1000 )
          208000     800000208000        0     1         __kernel_pdpt = . - KERNEL_VMA
          208000     800000208000     1000     1         . += 0x1000
          209000     800000209000        0     1         . = ALIGN ( 0x1000 )
          209000     800000209000        0     1         __kernel_pd = . - KERNEL_VMA
          209000     800000209000     4000     1         . += 4 * 512 * 8
          20d000     80000020d000        0     1         . = ALIGN ( 0x1000 )
          20d000     80000020d000        0     1         __boot_stack_start = . - KERNEL_VMA
          20d000     80000020d000    10000     1         . += 0x1000 * 16
          21d000     80000021d000        0     1         __boot_stack_end = . - KERNEL_VMA
          21d000     80000021d000        0     1         . = ALIGN ( 0x1000 )
          21d000     80000021d000        0     1         __kernel_end = . - KERNEL_VMA
               0                0     3260     1 .debug_str
               0                0     3260     1         <internal>:(.debug_str)
               0                0     6864     1 .debug_loc
               0                0      3b3     1         ./build/x86_64/kernel/include/library/string.o:(.debug_loc)
             3b3              3b3      40e     1         ./build/x86_64/kernel/logger.o:(.debug_loc)
             7c1              7c1      4cb     1         ./build/x86_64/kernel/main.o:(.debug_loc)
             c8c              c8c     147b     1         ./build/x86_64/kernel/memory_manager.o:(.debug_loc)
            2107             2107       6c     1         ./build/x86_64/kernel/new.o:(.debug_loc)
            2173             2173     32db     1         ./build/x86_64/kernel/print.o:(.debug_loc)
            544e             544e       c2     1         ./build/x86_64/kernel/process_manager.o:(.debug_loc)
            5510             5510       23     1         ./build/x86_64/hal/x86_64/arch_initializer.o:(.debug_loc)
            5533             5533       c9     1         ./build/x86_64/hal/x86_64/boot.o:(.debug_loc)
            55fc             55fc      13d     1         ./build/x86_64/hal/x86_64/interrupt.o:(.debug_loc)
            5739             5739      aac     1         ./build/x86_64/hal/x86_64/memory_manager.o:(.debug_loc)
            61e5             61e5       59     1         ./build/x86_64/hal/x86_64/pic.o:(.debug_loc)
            623e             623e      174     1         ./build/x86_64/hal/x86_64/pit_timer.o:(.debug_loc)
            63b2             63b2       a2     1         ./build/x86_64/hal/x86_64/port_io.o:(.debug_loc)
            6454             6454       ee     1         ./build/x86_64/hal/x86_64/process_manager.o:(.debug_loc)
            6542             6542       9f     1         ./build/x86_64/hal/x86_64/segment_configurator.o:(.debug_loc)
            65e1             65e1      283     1         ./build/x86_64/hal/x86_64/serial.o:(.debug_loc)
               0                0     1eca     1 .debug_abbrev
               0                0       9b     1         ./build/x86_64/kernel/include/library/string.o:(.debug_abbrev)
              9b               9b      204     1         ./build/x86_64/kernel/logger.o:(.debug_abbrev)
             29f              29f      2d6     1         ./build/x86_64/kernel/main.o:(.debug_abbrev)
             575              575      2d3     1         ./build/x86_64/kernel/memory_manager.o:(.debug_abbrev)
             848              848       81     1         ./build/x86_64/kernel/new.o:(.debug_abbrev)
             8c9              8c9      2a8     1         ./build/x86_64/kernel/print.o:(.debug_abbrev)
             b71              b71       c5     1         ./build/x86_64/kernel/process.o:(.debug_abbrev)
             c36              c36      139     1         ./build/x86_64/kernel/process_manager.o:(.debug_abbrev)
             d6f              d6f       af     1         ./build/x86_64/kernel/scheduler.o:(.debug_abbrev)
             e1e              e1e      19c     1         ./build/x86_64/hal/x86_64/arch_initializer.o:(.debug_abbrev)
             fba              fba       70     1         ./build/x86_64/hal/x86_64/boot.o:(.debug_abbrev)
            102a             102a      250     1         ./build/x86_64/hal/x86_64/interrupt.o:(.debug_abbrev)
            127a             127a      23f     1         ./build/x86_64/hal/x86_64/memory_manager.o:(.debug_abbrev)
            14b9             14b9      148     1         ./build/x86_64/hal/x86_64/pic.o:(.debug_abbrev)
            1601             1601      243     1         ./build/x86_64/hal/x86_64/pit_timer.o:(.debug_abbrev)
            1844             1844      102     1         ./build/x86_64/hal/x86_64/port_io.o:(.debug_abbrev)
            1946             1946      197     1         ./build/x86_64/hal/x86_64/process_manager.o:(.debug_abbrev)
            1add             1add      1b5     1         ./build/x86_64/hal/x86_64/segment_configurator.o:(.debug_abbrev)
            1c92             1c92      238     1         ./build/x86_64/hal/x86_64/serial.o:(.debug_abbrev)
               0                0     74f4     1 .debug_info
               0                0      214     1         ./build/x86_64/kernel/include/library/string.o:(.debug_info)
             214              214      941     1         ./build/x86_64/kernel/logger.o:(.debug_info)
             b55              b55     105c     1         ./build/x86_64/kernel/main.o:(.debug_info)
            1bb1             1bb1     110b     1         ./build/x86_64/kernel/memory_manager.o:(.debug_info)
            2cbc             2cbc      11a     1         ./build/x86_64/kernel/new.o:(.debug_info)
            2dd6             2dd6     1b8b     1         ./build/x86_64/kernel/print.o:(.debug_info)
            4961             4961      168     1         ./build/x86_64/kernel/process.o:(.debug_info)
            4ac9             4ac9      2e3     1         ./build/x86_64/kernel/process_manager.o:(.debug_info)
            4dac             4dac       f5     1         ./build/x86_64/kernel/scheduler.o:(.debug_info)
            4ea1             4ea1      234     1         ./build/x86_64/hal/x86_64/arch_initializer.o:(.debug_info)
            50d5             50d5       df     1         ./build/x86_64/hal/x86_64/boot.o:(.debug_info)
            51b4             51b4      67e     1         ./build/x86_64/hal/x86_64/interrupt.o:(.debug_info)
            5832             5832      94b     1         ./build/x86_64/hal/x86_64/memory_manager.o:(.debug_info)
            617d             617d      204     1         ./build/x86_64/hal/x86_64/pic.o:(.debug_info)
            6381             6381      426     1         ./build/x86_64/hal/x86_64/pit_timer.o:(.debug_info)
            67a7             67a7      178     1         ./build/x86_64/hal/x86_64/port_io.o:(.debug_info)
            691f             691f      3bf     1         ./build/x86_64/hal/x86_64/process_manager.o:(.debug_info)
            6cde             6cde      2ad     1         ./build/x86_64/hal/x86_64/segment_configurator.o:(.debug_info)
            6f8b             6f8b      569     1         ./build/x86_64/hal/x86_64/serial.o:(.debug_info)
               0                0       33     1 .comment
               0                0       33     1         <internal>:(.comment)
               0                0     1590     8 .debug_frame
               0                0       c0     8         ./build/x86_64/kernel/include/library/string.o:(.debug_frame)
              c0               c0      1e0     8         ./build/x86_64/kernel/logger.o:(.debug_frame)
             2a0              2a0       78     8         ./build/x86_64/kernel/main.o:(.debug_frame)
             318              318      320     8         ./build/x86_64/kernel/memory_manager.o:(.debug_frame)
             638              638       b8     8         ./build/x86_64/kernel/new.o:(.debug_frame)
             6f0              6f0      2d8     8         ./build/x86_64/kernel/print.o:(.debug_frame)
             9c8              9c8       68     8         ./build/x86_64/kernel/process.o:(.debug_frame)
             a30              a30      108     8         ./build/x86_64/kernel/process_manager.o:(.debug_frame)
             b38              b38       88     8         ./build/x86_64/kernel/scheduler.o:(.debug_frame)
             bc0              bc0       90     8         ./build/x86_64/hal/x86_64/arch_initializer.o:(.debug_frame)
             c50              c50       30     8         ./build/x86_64/hal/x86_64/boot.o:(.debug_frame)
             c80              c80      1a8     8         ./build/x86_64/hal/x86_64/interrupt.o:(.debug_frame)
             e28              e28      188     8         ./build/x86_64/hal/x86_64/memory_manager.o:(.debug_frame)
             fb0              fb0       b8     8         ./build/x86_64/hal/x86_64/pic.o:(.debug_frame)
            1068             1068      170     8         ./build/x86_64/hal/x86_64/pit_timer.o:(.debug_frame)
            11d8             11d8       68     8         ./build/x86_64/hal/x86_64/port_io.o:(.debug_frame)
            1240             1240       e0     8         ./build/x86_64/hal/x86_64/process_manager.o:(.debug_frame)
            1320             1320       e0     8         ./build/x86_64/hal/x86_64/segment_configurator.o:(.debug_frame)
            1400             1400      190     8         ./build/x86_64/hal/x86_64/serial.o:(.debug_frame)
               0                0     32ef     1 .debug_line
               0                0      1fb     1         ./build/x86_64/kernel/include/library/string.o:(.debug_line)
             1fb              1fb      21d     1         ./build/x86_64/kernel/logger.o:(.debug_line)
             418              418      379     1         ./build/x86_64/kernel/main.o:(.debug_line)
             791              791      66e     1         ./build/x86_64/kernel/memory_manager.o:(.debug_line)
             dff              dff       94     1         ./build/x86_64/kernel/new.o:(.debug_line)
             e93              e93     144d     1         ./build/x86_64/kernel/print.o:(.debug_line)
            22e0             22e0       be     1         ./build/x86_64/kernel/process.o:(.debug_line)
            239e             239e       f7     1         ./build/x86_64/kernel/process_manager.o:(.debug_line)
            2495             2495       74     1         ./build/x86_64/kernel/scheduler.o:(.debug_line)
            2509             2509      124     1         ./build/x86_64/hal/x86_64/arch_initializer.o:(.debug_line)
            262d             262d       c0     1         ./build/x86_64/hal/x86_64/boot.o:(.debug_line)
            26ed             26ed      19d     1         ./build/x86_64/hal/x86_64/interrupt.o:(.debug_line)
            288a             288a      35a     1         ./build/x86_64/hal/x86_64/memory_manager.o:(.debug_line)
            2be4             2be4       fd     1         ./build/x86_64/hal/x86_64/pic.o:(.debug_line)
            2ce1             2ce1      154     1         ./build/x86_64/hal/x86_64/pit_timer.o:(.debug_line)
            2e35             2e35       af     1         ./build/x86_64/hal/x86_64/port_io.o:(.debug_line)
            2ee4             2ee4      14b     1         ./build/x86_64/hal/x86_64/process_manager.o:(.debug_line)
            302f             302f       e7     1         ./build/x86_64/hal/x86_64/segment_configurator.o:(.debug_line)
            3116             3116      1d9     1         ./build/x86_64/hal/x86_64/serial.o:(.debug_line)
               0                0     1120     1 .debug_ranges
               0                0       30     1         ./build/x86_64/kernel/main.o:(.debug_ranges)
              30               30      310     1         ./build/x86_64/kernel/memory_manager.o:(.debug_ranges)
             340              340      c40     1         ./build/x86_64/kernel/print.o:(.debug_ranges)
             f80              f80      1a0     1         ./build/x86_64/hal/x86_64/memory_manager.o:(.debug_ranges)
               0                0     1410     8 .symtab
               0                0     1410     8         <internal>:(.symtab)
               0                0       9a     1 .shstrtab
               0                0       9a     1         <internal>:(.shstrtab)
               0                0     1d03     1 .strtab
               0                0     1d03     1         <internal>:(.strtab)
