             VMA              LMA     Size Align Out     In      Symbol
               0                0        0     1 KERNEL_VMA = 0xFFFF800000000000
               0                0        0     1 KERNEL_LMA = 0x200000
               0                0   200000     1 . = KERNEL_LMA
          200000           200000      13d    16 .boot
          200000           200000       90    16         ./build/x86_64/hal/x86_64/_boot.o:(.boot)
          200000           200000        0     1                 _boot_kernel_gateway
          200022           200022        0     1                 _boot_gdtr
          20002c           20002c        0     1                 boot_gdt
          20004c           20004c        0     1                 boot_gdt_end
          20004c           20004c        0     1                 _load_segment_register
          200058           200058        0     1                 _load_segment_register.reload_cs
          200067           200067        0     1                 _boot_lower_half
          200090           200090       ad    16         ./build/x86_64/hal/x86_64/boot.o:(.boot)
          200090           200090       ad     1                 init_page_table
          20013d           20013d      ec3     1 . = KERNEL_VMA + KERNEL_LMA + 0x1000
ffff800000201000           201000     5ace    16 .text
          201000     800000201000        0     1         __kernel_start = . - KERNEL_VMA
ffff800000201000           201000      366    16         ./build/x86_64/kernel/include/library/string.o:(.text)
ffff800000201000           201000      13f     1                 std::memset(void*, char, unsigned long)
ffff800000201140           201140      1ae     1                 std::memcpy(void*, void const*, unsigned long)
ffff8000002012f0           2012f0       36     1                 std::strcpy(char*, char const*)
ffff800000201330           201330       36     1                 std::strcmp(char const*, char const*)
ffff800000201368           201368        0     4         ./build/x86_64/kernel/ipc_manager.o:(.text)
ffff800000201368           201368        0     4         ./build/x86_64/kernel/kernel.o:(.text)
ffff800000201370           201370      5f1    16         ./build/x86_64/kernel/logger.o:(.text)
ffff800000201370           201370       43     1                 kernel::utility::logger::logger(hal::interface::serial&)
ffff800000201370           201370       43     1                 kernel::utility::logger::logger(hal::interface::serial&)
ffff8000002013c0           2013c0       c2     1                 kernel::utility::logger::log(char const*, char const*)
ffff800000201490           201490       53     1                 kernel::utility::logger::print_log_id(char const*)
ffff8000002014f0           2014f0       3e     1                 kernel::utility::logger::print_sender(char const*, char const*)
ffff800000201530           201530       2a     1                 kernel::utility::logger::print_splitter()
ffff800000201560           201560      15a     1                 kernel::utility::logger::debug(char const*, ...)
ffff8000002016c0           2016c0       c2     1                 kernel::utility::logger::error(char const*)
ffff800000201790           201790      13d     1                 kernel::utility::logger::printk(char const*, ...)
ffff8000002018d0           2018d0       2a     1                 kernel::utility::logger::split()
ffff800000201900           201900       61     1                 kernel::utility::logger::a9nout()
ffff800000201970           201970      838    16         ./build/x86_64/kernel/main.o:(.text)
ffff800000201970           201970      176     1                 handle_timer
ffff800000201af0           201af0      142     1                 handle_page_fault(void*, unsigned long)
ffff800000201c40           201c40      12f     1                 exception_handler(void*, unsigned long)
ffff800000201d70           201d70       5f     1                 process_1()
ffff800000201dd0           201dd0       5f     1                 process_2()
ffff800000201e30           201e30       5f     1                 process_3()
ffff800000201e90           201e90       5f     1                 process_4()
ffff800000201ef0           201ef0      28c     1                 kernel_entry
ffff800000202180           202180       28     1                 kernel_main()
ffff8000002021b0           2021b0      976    16         ./build/x86_64/kernel/memory_manager.o:(.text)
ffff8000002021b0           2021b0       68     1                 kernel::memory_manager::memory_manager(hal::interface::memory_manager&, memory_info const&)
ffff8000002021b0           2021b0       68     1                 kernel::memory_manager::memory_manager(hal::interface::memory_manager&, memory_info const&)
ffff800000202220           202220       5d     1                 kernel::memory_manager::init(memory_info const&)
ffff800000202280           202280      153     1                 kernel::memory_manager::init_memory_block(memory_info const&)
ffff8000002023e0           2023e0       16     1                 kernel::memory_manager::align_physical_address(unsigned long, unsigned short)
ffff800000202400           202400       12     1                 kernel::memory_manager::convert_physical_to_virtual_address(unsigned long)
ffff800000202420           202420       6d     1                 kernel::memory_manager::init_memory_frame(kernel::memory_block&)
ffff800000202490           202490       b3     1                 kernel::memory_manager::print_memory_block_info(kernel::memory_block&)
ffff800000202550           202550      130     1                 kernel::memory_manager::allocate_physical_memory(unsigned long, kernel::process*)
ffff800000202680           202680       16     1                 kernel::memory_manager::align_size(unsigned long, unsigned short)
ffff8000002026a0           2026a0       52     1                 kernel::memory_manager::find_free_frames(kernel::memory_block&, unsigned long, unsigned long&)
ffff800000202700           202700       60     1                 kernel::memory_manager::configure_memory_frames(kernel::memory_frame*, unsigned long, kernel::process*, bool)
ffff800000202760           202760       4e     1                 kernel::memory_manager::find_frames(kernel::memory_block&, unsigned long, unsigned long&, bool)
ffff8000002027b0           2027b0       c3     1                 kernel::memory_manager::deallocate_physical_memory(unsigned long, unsigned long)
ffff800000202880           202880       12     1                 kernel::memory_manager::convert_virtual_to_physical_address(unsigned long)
ffff8000002028a0           2028a0       fb     1                 kernel::memory_manager::init_virtual_memory(kernel::process*)
ffff8000002029a0           2029a0      17d     1                 kernel::memory_manager::map_virtual_memory(kernel::process*, unsigned long, unsigned long, unsigned long)
ffff800000202b20           202b20        6     1                 kernel::memory_manager::unmap_virtual_memory(kernel::process*, unsigned long, unsigned long)
ffff800000202b30           202b30       36    16         ./build/x86_64/kernel/new.o:(.text)
ffff800000202b30           202b30        9     1                 operator new(unsigned long, void*)
ffff800000202b40           202b40        9     1                 operator new[](unsigned long, void*)
ffff800000202b50           202b50        6     1                 operator delete(void*, void*)
ffff800000202b60           202b60        6     1                 operator delete[](void*, void*)
ffff800000202b70           202b70     1c04    16         ./build/x86_64/kernel/print.o:(.text)
ffff800000202b70           202b70        9     1                 kernel::utility::print::print(hal::interface::serial&)
ffff800000202b70           202b70        9     1                 kernel::utility::print::print(hal::interface::serial&)
ffff800000202b80           202b80      124     1                 kernel::utility::print::printf(char const*, ...)
ffff800000202cb0           202cb0       94     1                 kernel::utility::print::vsprintf(char*, char const*, __va_list_tag*)
ffff800000202d50           202d50       c3     1                 kernel::utility::print::vprintf(char const*, __va_list_tag*)
ffff800000202e20           202e20      107     1                 kernel::utility::print::sprintf(char*, char const*, ...)
ffff800000202f30           202f30     10d4     1                 kernel::utility::print::process_format(char**, char const**, __va_list_tag*)
ffff800000204010           204010       14     1                 kernel::utility::print::write_char(char**, char)
ffff800000204030           204030      104     1                 kernel::utility::print::write_int(char**, int, int, bool)
ffff800000204140           204140      114     1                 kernel::utility::print::write_int_ll(char**, long long, int, bool)
ffff800000204260           204260       e4     1                 kernel::utility::print::write_hex_ll(char**, unsigned long long, int, bool, bool)
ffff800000204350           204350       e4     1                 kernel::utility::print::write_hex(char**, unsigned int, int, bool, bool)
ffff800000204440           204440       82     1                 kernel::utility::print::write_string(char**, char*, int)
ffff8000002044d0           2044d0       ae     1                 kernel::utility::print::write_pointer(char**, void const*)
ffff800000204580           204580       f4     1                 kernel::utility::print::write_uint(char**, unsigned int, int, bool)
ffff800000204680           204680       f4     1                 kernel::utility::print::write_uint_ll(char**, unsigned long long, int, bool)
ffff800000204780           204780       16    16         ./build/x86_64/kernel/process.o:(.text)
ffff800000204780           204780        6     1                 kernel::process::process()
ffff800000204780           204780        6     1                 kernel::process::process()
ffff800000204790           204790        6     1                 kernel::process::~process()
ffff800000204790           204790        6     1                 kernel::process::~process()
ffff8000002047a0           2047a0      40b    16         ./build/x86_64/kernel/process_manager.o:(.text)
ffff8000002047a0           2047a0       6b     1                 kernel::process_manager::process_manager(hal::interface::process_manager&)
ffff8000002047a0           2047a0       6b     1                 kernel::process_manager::process_manager(hal::interface::process_manager&)
ffff800000204810           204810       52     1                 kernel::process_manager::~process_manager()
ffff800000204810           204810       52     1                 kernel::process_manager::~process_manager()
ffff800000204870           204870      19b     1                 kernel::process_manager::create_process(char const*, unsigned long)
ffff800000204a10           204a10       73     1                 kernel::process_manager::determine_process_id()
ffff800000204a90           204a90       6e     1                 kernel::process_manager::init_process(kernel::process*, int, char const*, unsigned long)
ffff800000204b00           204b00        6     1                 kernel::process_manager::delete_process(int)
ffff800000204b10           204b10       7d     1                 kernel::process_manager::switch_context()
ffff800000204b90           204b90       1b     1                 kernel::process_manager::search_process_from_id(int)
ffff800000204bb0           204bb0      102    16         ./build/x86_64/kernel/scheduler.o:(.text)
ffff800000204bb0           204bb0       10     1                 kernel::scheduler::scheduler(kernel::process*)
ffff800000204bb0           204bb0       10     1                 kernel::scheduler::scheduler(kernel::process*)
ffff800000204bc0           204bc0        6     1                 kernel::scheduler::~scheduler()
ffff800000204bc0           204bc0        6     1                 kernel::scheduler::~scheduler()
ffff800000204bd0           204bd0       e2     1                 kernel::scheduler::schedule_next_process()
ffff800000204cb4           204cb4        0     4         ./build/x86_64/kernel/timer.o:(.text)
ffff800000204cc0           204cc0       1e    16         ./build/x86_64/hal/x86_64/_boot.o:(.text)
ffff800000204cc0           204cc0        0     1                 _boot_higher_half
ffff800000204cda           204cda        0     1                 none
ffff800000204ce0           204ce0        f    16         ./build/x86_64/hal/x86_64/_paging.o:(.text)
ffff800000204ce0           204ce0        0     1                 _load_cr3
ffff800000204ce4           204ce4        0     1                 _flush_tlb
ffff800000204ceb           204ceb        0     1                 _invalidate_page
ffff800000204cf0           204cf0       3a    16         ./build/x86_64/hal/x86_64/_segment_configurator.o:(.text)
ffff800000204cf0           204cf0        0     1                 gdtr
ffff800000204cfa           204cfa        0     1                 _load_gdt
ffff800000204d10           204d10        0     1                 _load_segment_register
ffff800000204d1b           204d1b        0     1                 _load_segment_register.reload_cs
ffff800000204d30           204d30       1d    16         ./build/x86_64/hal/x86_64/_x86_64_context_switch.o:(.text)
ffff800000204d30           204d30        0     1                 _switch_context
ffff800000204d50           204d50     102f    16         ./build/x86_64/hal/x86_64/_x86_64_interrupt.o:(.text)
ffff800000204d50           204d50        0     1                 interrupt_handlers
ffff800000205d40           205d40        0     1                 interrupt_handler_common
ffff800000205d80           205d80       29    16         ./build/x86_64/hal/x86_64/_x86_64_interrupt_configurator.o:(.text)
ffff800000205d80           205d80        0     1                 idtr
ffff800000205d8a           205d8a        0     1                 _load_idt
ffff800000205da5           205da5        0     1                 _enable_interrupt_all
ffff800000205da7           205da7        0     1                 _disable_interrupt_all
ffff800000205db0           205db0        d    16         ./build/x86_64/hal/x86_64/_x86_64_port_io.o:(.text)
ffff800000205db0           205db0        0     1                 _read
ffff800000205db4           205db4        0     1                 _write
ffff800000205dc0           205dc0       3e    16         ./build/x86_64/hal/x86_64/arch_initializer.o:(.text)
ffff800000205dc0           205dc0       3e     1                 hal::x86_64::arch_initializer::init_architecture()
ffff800000205e00           205e00        0     4         ./build/x86_64/hal/x86_64/boot.o:(.text)
ffff800000205e00           205e00      12f    16         ./build/x86_64/hal/x86_64/hal_factory.o:(.text)
ffff800000205e00           205e00      12f     1                 hal::x86_64::hal_factory::make()
ffff800000205f30           205f30      24f    16         ./build/x86_64/hal/x86_64/interrupt.o:(.text)
ffff800000205f30           205f30       17     1                 hal::x86_64::interrupt::interrupt()
ffff800000205f30           205f30       17     1                 hal::x86_64::interrupt::interrupt()
ffff800000205f50           205f50        6     1                 hal::x86_64::interrupt::~interrupt()
ffff800000205f50           205f50        6     1                 hal::x86_64::interrupt::~interrupt()
ffff800000205f60           205f60       1a     1                 hal::x86_64::interrupt::init_interrupt()
ffff800000205f80           205f80       1a     1                 hal::x86_64::interrupt::load_idt()
ffff800000205fa0           205fa0       35     1                 hal::x86_64::interrupt::register_interrupt(unsigned int, void (*)(void*))
ffff800000205fe0           205fe0       11     1                 hal::x86_64::interrupt::enable_interrupt(unsigned int)
ffff800000206000           206000       11     1                 hal::x86_64::interrupt::disable_interrupt(unsigned int)
ffff800000206020           206020       11     1                 hal::x86_64::interrupt::enable_interrupt_all()
ffff800000206040           206040       11     1                 hal::x86_64::interrupt::disable_interrupt_all()
ffff800000206060           206060       f9     1                 hal::x86_64::interrupt::mask_interrupt(hal::interface::interrupt_mask)
ffff800000206160           206160       1f     1                 x86_64_do_irq
ffff800000206180           206180      2d3    16         ./build/x86_64/hal/x86_64/memory_manager.o:(.text)
ffff800000206180           206180       24     1                 hal::x86_64::memory_manager::init_memory()
ffff8000002061b0           2061b0       31     1                 hal::x86_64::memory_manager::init_virtual_memory(unsigned long)
ffff8000002061f0           2061f0       13     1                 hal::x86_64::memory_manager::convert_physical_to_virtual_address(unsigned long)
ffff800000206210           206210       9c     1                 hal::x86_64::memory_manager::is_table_exists(unsigned long, unsigned long)
ffff8000002062b0           2062b0       c4     1                 hal::x86_64::memory_manager::configure_page_table(unsigned long, unsigned long, unsigned long)
ffff800000206380           206380       a8     1                 hal::x86_64::memory_manager::map_virtual_memory(unsigned long, unsigned long, unsigned long)
ffff800000206430           206430        6     1                 hal::x86_64::memory_manager::unmap_virtual_memory(unsigned long, unsigned long)
ffff800000206440           206440       13     1                 hal::x86_64::memory_manager::convert_virtual_to_physical_address(unsigned long)
ffff800000206460           206460      10b    16         ./build/x86_64/hal/x86_64/pic.o:(.text)
ffff800000206460           206460        9     1                 hal::x86_64::pic::pic(hal::interface::port_io&)
ffff800000206460           206460        9     1                 hal::x86_64::pic::pic(hal::interface::port_io&)
ffff800000206470           206470        6     1                 hal::x86_64::pic::~pic()
ffff800000206470           206470        6     1                 hal::x86_64::pic::~pic()
ffff800000206480           206480       d0     1                 hal::x86_64::pic::init_pic()
ffff800000206550           206550       1b     1                 hal::x86_64::pic::end_of_interrupt_pic()
ffff800000206570           206570      169    16         ./build/x86_64/hal/x86_64/pit_timer.o:(.text)
ffff800000206570           206570       49     1                 hal::x86_64::pit_timer::pit_timer(hal::interface::port_io&)
ffff800000206570           206570       49     1                 hal::x86_64::pit_timer::pit_timer(hal::interface::port_io&)
ffff8000002065c0           2065c0       26     1                 hal::x86_64::pit_timer::~pit_timer()
ffff8000002065c0           2065c0       26     1                 hal::x86_64::pit_timer::~pit_timer()
ffff8000002065f0           2065f0       5e     1                 hal::x86_64::pit_timer::init_timer()
ffff800000206650           206650       54     1                 hal::x86_64::pit_timer::configure_timer(unsigned short)
ffff8000002066b0           2066b0       19     1                 hal::x86_64::pit_timer::clock()
ffff8000002066d0           2066d0        9     1                 hal::x86_64::pit_timer::get_tick()
ffff8000002066e0           2066e0       35    16         ./build/x86_64/hal/x86_64/port_io.o:(.text)
ffff8000002066e0           2066e0       13     1                 hal::x86_64::port_io::read(unsigned short)
ffff800000206700           206700       15     1                 hal::x86_64::port_io::write(unsigned short, unsigned char)
ffff800000206720           206720       f6    16         ./build/x86_64/hal/x86_64/process_manager.o:(.text)
ffff800000206720           206720       17     1                 hal::x86_64::process_manager::process_manager()
ffff800000206720           206720       17     1                 hal::x86_64::process_manager::process_manager()
ffff800000206740           206740        6     1                 hal::x86_64::process_manager::~process_manager()
ffff800000206740           206740        6     1                 hal::x86_64::process_manager::~process_manager()
ffff800000206750           206750       1f     1                 hal::x86_64::process_manager::switch_context(kernel::process*, kernel::process*)
ffff800000206770           206770       a0     1                 hal::x86_64::process_manager::create_process(kernel::process*, unsigned long)
ffff800000206810           206810        6     1                 hal::x86_64::process_manager::delete_process(kernel::process*)
ffff800000206820           206820       93    16         ./build/x86_64/hal/x86_64/segment_configurator.o:(.text)
ffff800000206820           206820        6     1                 hal::x86_64::segment_configurator::segment_configurator()
ffff800000206820           206820        6     1                 hal::x86_64::segment_configurator::segment_configurator()
ffff800000206830           206830        6     1                 hal::x86_64::segment_configurator::~segment_configurator()
ffff800000206830           206830        6     1                 hal::x86_64::segment_configurator::~segment_configurator()
ffff800000206840           206840       31     1                 hal::x86_64::segment_configurator::init_gdt()
ffff800000206880           206880       20     1                 hal::x86_64::segment_configurator::load_gdt()
ffff8000002068a0           2068a0       13     1                 hal::x86_64::segment_configurator::load_segment_register(unsigned short)
ffff8000002068c0           2068c0      20e    16         ./build/x86_64/hal/x86_64/serial.o:(.text)
ffff8000002068c0           2068c0       1b     1                 hal::x86_64::serial::serial(hal::interface::port_io&)
ffff8000002068c0           2068c0       1b     1                 hal::x86_64::serial::serial(hal::interface::port_io&)
ffff8000002068e0           2068e0        6     1                 hal::x86_64::serial::~serial()
ffff8000002068e0           2068e0        6     1                 hal::x86_64::serial::~serial()
ffff8000002068f0           2068f0       98     1                 hal::x86_64::serial::init_serial(unsigned int)
ffff800000206990           206990       39     1                 hal::x86_64::serial::read_serial()
ffff8000002069d0           2069d0       19     1                 hal::x86_64::serial::is_received()
ffff8000002069f0           2069f0       3c     1                 hal::x86_64::serial::write_serial(char)
ffff800000206a30           206a30       19     1                 hal::x86_64::serial::is_empty()
ffff800000206a50           206a50       5f     1                 hal::x86_64::serial::write_string_serial(char*)
ffff800000206ab0           206ab0       1e     1                 hal::x86_64::serial::strlen(char const*)
ffff800000206ad0           206ad0      d28    16 .rodata
ffff800000206ad0           206ad0      108     8         ./build/x86_64/kernel/print.o:(.rodata)
ffff800000206bd8           206bd8       18     8         ./build/x86_64/hal/x86_64/arch_initializer.o:(.rodata)
ffff800000206bd8           206bd8       18     1                 vtable for hal::x86_64::arch_initializer
ffff800000206bf0           206bf0       18     8         ./build/x86_64/hal/x86_64/hal_factory.o:(.rodata)
ffff800000206bf0           206bf0       18     1                 vtable for hal::x86_64::hal_factory
ffff800000206c08           206c08       48     8         ./build/x86_64/hal/x86_64/interrupt.o:(.rodata)
ffff800000206c08           206c08       48     1                 vtable for hal::x86_64::interrupt
ffff800000206c50           206c50       50     8         ./build/x86_64/hal/x86_64/memory_manager.o:(.rodata)
ffff800000206c50           206c50       50     1                 vtable for hal::x86_64::memory_manager
ffff800000206ca0           206ca0       30     8         ./build/x86_64/hal/x86_64/pit_timer.o:(.rodata)
ffff800000206ca0           206ca0       30     1                 vtable for hal::x86_64::pit_timer
ffff800000206cd0           206cd0       20     8         ./build/x86_64/hal/x86_64/port_io.o:(.rodata)
ffff800000206cd0           206cd0       20     1                 vtable for hal::x86_64::port_io
ffff800000206cf0           206cf0       28     8         ./build/x86_64/hal/x86_64/process_manager.o:(.rodata)
ffff800000206cf0           206cf0       28     1                 vtable for hal::x86_64::process_manager
ffff800000206d18           206d18       30     8         ./build/x86_64/hal/x86_64/serial.o:(.rodata)
ffff800000206d18           206d18       30     1                 vtable for hal::x86_64::serial
ffff800000206d48           206d48      a5f     1         <internal>:(.rodata)
ffff8000002077b0           2077b0       20    16         <internal>:(.rodata)
ffff8000002077d0           2077d0       28    16         ./build/x86_64/hal/x86_64/segment_configurator.o:(.rodata._ZN3hal6x86_6420segment_configurator3gdtE)
ffff8000002077d0           2077d0       28     1                 hal::x86_64::segment_configurator::gdt
ffff8000002077f8           2077f8        0     1 .data
ffff8000002077f8           2077f8   42b808     8 .bss
          2077f8     8000002077f8        0     1         __bss_start = . - KERNEL_VMA
ffff8000002077f8           2077f8   414058     8         ./build/x86_64/kernel/kernel.o:(.bss)
ffff8000002077f8           2077f8       10     1                 kernel::kernel_object::memory_manager_buffer
ffff800000207808           207808        8     1                 kernel::kernel_object::memory_manager
ffff800000207810           207810   414028     1                 kernel::kernel_object::process_manager_buffer
ffff80000061b838           61b838        8     1                 kernel::kernel_object::process_manager
ffff80000061b840           61b840        1     1                 kernel::kernel_object::ipc_manager_buffer
ffff80000061b848           61b848        8     1                 kernel::kernel_object::ipc_manager
ffff80000061b850           61b850       10     8         ./build/x86_64/kernel/logger.o:(.bss)
ffff80000061b850           61b850        4     1                 kernel::utility::logger::log_id
ffff80000061b858           61b858        8     1                 kernel::utility::logger::this_logger
ffff80000061b860           61b860       18     8         ./build/x86_64/kernel/main.o:(.bss)
ffff80000061b860           61b860        8     1                 hal_instance
ffff80000061b868           61b868        4     1                 clock_count
ffff80000061b870           61b870        8     1                 hal_factory_buffer
ffff80000061b878           61b878     1090     8         ./build/x86_64/hal/x86_64/hal_factory.o:(.bss)
ffff80000061b878           61b878       38     1                 hal::x86_64::hal_factory::hal_buffer
ffff80000061b8b0           61b8b0        8     1                 hal::x86_64::hal_factory::memory_manager_buffer
ffff80000061b8b8           61b8b8        8     1                 hal::x86_64::hal_factory::process_manager_buffer
ffff80000061b8c0           61b8c0     1008     1                 hal::x86_64::hal_factory::interrupt_buffer
ffff80000061c8c8           61c8c8        8     1                 hal::x86_64::hal_factory::arch_initializer_buffer
ffff80000061c8d0           61c8d0        8     1                 hal::x86_64::hal_factory::port_io_buffer
ffff80000061c8d8           61c8d8       10     1                 hal::x86_64::hal_factory::serial_buffer
ffff80000061c8e8           61c8e8       20     1                 hal::x86_64::hal_factory::timer_buffer
ffff80000061c908           61c908        8     8         ./build/x86_64/hal/x86_64/pit_timer.o:(.bss)
ffff80000061c908           61c908        8     1                 hal::x86_64::pit_timer::this_timer
          61c910     80000061c910        0     1         __bss_end = . - KERNEL_VMA
          61c910     80000061c910      6f0     1         . = ALIGN ( 0x1000 )
          61d000     80000061d000        0     1         __kernel_pml4 = . - KERNEL_VMA
          61d000     80000061d000     1000     1         . += 0x1000
          61e000     80000061e000        0     1         . = ALIGN ( 0x1000 )
          61e000     80000061e000        0     1         __kernel_pdpt = . - KERNEL_VMA
          61e000     80000061e000     1000     1         . += 0x1000
          61f000     80000061f000        0     1         . = ALIGN ( 0x1000 )
          61f000     80000061f000        0     1         __kernel_pd = . - KERNEL_VMA
          61f000     80000061f000     4000     1         . += 4 * 512 * 8
          623000     800000623000        0     1         . = ALIGN ( 0x1000 )
          623000     800000623000        0     1         __boot_stack_start = . - KERNEL_VMA
          623000     800000623000    10000     1         . += 0x1000 * 16
          633000     800000633000        0     1         __boot_stack_end = . - KERNEL_VMA
          633000     800000633000        0     1         . = ALIGN ( 0x1000 )
          633000     800000633000        0     1         __kernel_end = . - KERNEL_VMA
               0                0     3834     1 .debug_str
               0                0     3834     1         <internal>:(.debug_str)
               0                0     6fc2     1 .debug_loc
               0                0      3b3     1         ./build/x86_64/kernel/include/library/string.o:(.debug_loc)
             3b3              3b3      40e     1         ./build/x86_64/kernel/logger.o:(.debug_loc)
             7c1              7c1      167     1         ./build/x86_64/kernel/main.o:(.debug_loc)
             928              928     19ba     1         ./build/x86_64/kernel/memory_manager.o:(.debug_loc)
            22e2             22e2       6c     1         ./build/x86_64/kernel/new.o:(.debug_loc)
            234e             234e     32db     1         ./build/x86_64/kernel/print.o:(.debug_loc)
            5629             5629      504     1         ./build/x86_64/kernel/process_manager.o:(.debug_loc)
            5b2d             5b2d       7f     1         ./build/x86_64/kernel/scheduler.o:(.debug_loc)
            5bac             5bac       c9     1         ./build/x86_64/hal/x86_64/boot.o:(.debug_loc)
            5c75             5c75      151     1         ./build/x86_64/hal/x86_64/hal_factory.o:(.debug_loc)
            5dc6             5dc6      173     1         ./build/x86_64/hal/x86_64/interrupt.o:(.debug_loc)
            5f39             5f39      9b0     1         ./build/x86_64/hal/x86_64/memory_manager.o:(.debug_loc)
            68e9             68e9       59     1         ./build/x86_64/hal/x86_64/pic.o:(.debug_loc)
            6942             6942      174     1         ./build/x86_64/hal/x86_64/pit_timer.o:(.debug_loc)
            6ab6             6ab6       a2     1         ./build/x86_64/hal/x86_64/port_io.o:(.debug_loc)
            6b58             6b58      148     1         ./build/x86_64/hal/x86_64/process_manager.o:(.debug_loc)
            6ca0             6ca0       9f     1         ./build/x86_64/hal/x86_64/segment_configurator.o:(.debug_loc)
            6d3f             6d3f      283     1         ./build/x86_64/hal/x86_64/serial.o:(.debug_loc)
               0                0     2535     1 .debug_abbrev
               0                0       9b     1         ./build/x86_64/kernel/include/library/string.o:(.debug_abbrev)
              9b               9b      1f1     1         ./build/x86_64/kernel/kernel.o:(.debug_abbrev)
             28c              28c      204     1         ./build/x86_64/kernel/logger.o:(.debug_abbrev)
             490              490      2cd     1         ./build/x86_64/kernel/main.o:(.debug_abbrev)
             75d              75d      314     1         ./build/x86_64/kernel/memory_manager.o:(.debug_abbrev)
             a71              a71       81     1         ./build/x86_64/kernel/new.o:(.debug_abbrev)
             af2              af2      2a8     1         ./build/x86_64/kernel/print.o:(.debug_abbrev)
             d9a              d9a       ea     1         ./build/x86_64/kernel/process.o:(.debug_abbrev)
             e84              e84      299     1         ./build/x86_64/kernel/process_manager.o:(.debug_abbrev)
            111d             111d      17e     1         ./build/x86_64/kernel/scheduler.o:(.debug_abbrev)
            129b             129b      13b     1         ./build/x86_64/hal/x86_64/arch_initializer.o:(.debug_abbrev)
            13d6             13d6       70     1         ./build/x86_64/hal/x86_64/boot.o:(.debug_abbrev)
            1446             1446      1c7     1         ./build/x86_64/hal/x86_64/hal_factory.o:(.debug_abbrev)
            160d             160d      266     1         ./build/x86_64/hal/x86_64/interrupt.o:(.debug_abbrev)
            1873             1873      250     1         ./build/x86_64/hal/x86_64/memory_manager.o:(.debug_abbrev)
            1ac3             1ac3      148     1         ./build/x86_64/hal/x86_64/pic.o:(.debug_abbrev)
            1c0b             1c0b      226     1         ./build/x86_64/hal/x86_64/pit_timer.o:(.debug_abbrev)
            1e31             1e31      102     1         ./build/x86_64/hal/x86_64/port_io.o:(.debug_abbrev)
            1f33             1f33      1ff     1         ./build/x86_64/hal/x86_64/process_manager.o:(.debug_abbrev)
            2132             2132      1cb     1         ./build/x86_64/hal/x86_64/segment_configurator.o:(.debug_abbrev)
            22fd             22fd      238     1         ./build/x86_64/hal/x86_64/serial.o:(.debug_abbrev)
               0                0     852d     1 .debug_info
               0                0      214     1         ./build/x86_64/kernel/include/library/string.o:(.debug_info)
             214              214      705     1         ./build/x86_64/kernel/kernel.o:(.debug_info)
             919              919      941     1         ./build/x86_64/kernel/logger.o:(.debug_info)
            125a             125a      a10     1         ./build/x86_64/kernel/main.o:(.debug_info)
            1c6a             1c6a     1312     1         ./build/x86_64/kernel/memory_manager.o:(.debug_info)
            2f7c             2f7c      11a     1         ./build/x86_64/kernel/new.o:(.debug_info)
            3096             3096     1b8b     1         ./build/x86_64/kernel/print.o:(.debug_info)
            4c21             4c21      1d8     1         ./build/x86_64/kernel/process.o:(.debug_info)
            4df9             4df9      709     1         ./build/x86_64/kernel/process_manager.o:(.debug_info)
            5502             5502      2d2     1         ./build/x86_64/kernel/scheduler.o:(.debug_info)
            57d4             57d4      178     1         ./build/x86_64/hal/x86_64/arch_initializer.o:(.debug_info)
            594c             594c       df     1         ./build/x86_64/hal/x86_64/boot.o:(.debug_info)
            5a2b             5a2b      702     1         ./build/x86_64/hal/x86_64/hal_factory.o:(.debug_info)
            612d             612d      6ae     1         ./build/x86_64/hal/x86_64/interrupt.o:(.debug_info)
            67db             67db      96f     1         ./build/x86_64/hal/x86_64/memory_manager.o:(.debug_info)
            714a             714a      21a     1         ./build/x86_64/hal/x86_64/pic.o:(.debug_info)
            7364             7364      3d9     1         ./build/x86_64/hal/x86_64/pit_timer.o:(.debug_info)
            773d             773d      178     1         ./build/x86_64/hal/x86_64/port_io.o:(.debug_info)
            78b5             78b5      463     1         ./build/x86_64/hal/x86_64/process_manager.o:(.debug_info)
            7d18             7d18      2ac     1         ./build/x86_64/hal/x86_64/segment_configurator.o:(.debug_info)
            7fc4             7fc4      569     1         ./build/x86_64/hal/x86_64/serial.o:(.debug_info)
               0                0       33     1 .comment
               0                0       33     1         <internal>:(.comment)
               0                0     17a0     8 .debug_frame
               0                0       c0     8         ./build/x86_64/kernel/include/library/string.o:(.debug_frame)
              c0               c0      1e0     8         ./build/x86_64/kernel/logger.o:(.debug_frame)
             2a0              2a0      248     8         ./build/x86_64/kernel/main.o:(.debug_frame)
             4e8              4e8      320     8         ./build/x86_64/kernel/memory_manager.o:(.debug_frame)
             808              808       b8     8         ./build/x86_64/kernel/new.o:(.debug_frame)
             8c0              8c0      2d8     8         ./build/x86_64/kernel/print.o:(.debug_frame)
             b98              b98       68     8         ./build/x86_64/kernel/process.o:(.debug_frame)
             c00              c00      190     8         ./build/x86_64/kernel/process_manager.o:(.debug_frame)
             d90              d90       98     8         ./build/x86_64/kernel/scheduler.o:(.debug_frame)
             e28              e28       40     8         ./build/x86_64/hal/x86_64/arch_initializer.o:(.debug_frame)
             e68              e68       30     8         ./build/x86_64/hal/x86_64/boot.o:(.debug_frame)
             e98              e98       50     8         ./build/x86_64/hal/x86_64/hal_factory.o:(.debug_frame)
             ee8              ee8      1d0     8         ./build/x86_64/hal/x86_64/interrupt.o:(.debug_frame)
            10b8             10b8      160     8         ./build/x86_64/hal/x86_64/memory_manager.o:(.debug_frame)
            1218             1218       b8     8         ./build/x86_64/hal/x86_64/pic.o:(.debug_frame)
            12d0             12d0      110     8         ./build/x86_64/hal/x86_64/pit_timer.o:(.debug_frame)
            13e0             13e0       68     8         ./build/x86_64/hal/x86_64/port_io.o:(.debug_frame)
            1448             1448       e8     8         ./build/x86_64/hal/x86_64/process_manager.o:(.debug_frame)
            1530             1530       e0     8         ./build/x86_64/hal/x86_64/segment_configurator.o:(.debug_frame)
            1610             1610      190     8         ./build/x86_64/hal/x86_64/serial.o:(.debug_frame)
               0                0     3866     1 .debug_line
               0                0      1fb     1         ./build/x86_64/kernel/include/library/string.o:(.debug_line)
             1fb              1fb      10f     1         ./build/x86_64/kernel/kernel.o:(.debug_line)
             30a              30a      21d     1         ./build/x86_64/kernel/logger.o:(.debug_line)
             527              527      355     1         ./build/x86_64/kernel/main.o:(.debug_line)
             87c              87c      67e     1         ./build/x86_64/kernel/memory_manager.o:(.debug_line)
             efa              efa       94     1         ./build/x86_64/kernel/new.o:(.debug_line)
             f8e              f8e     144d     1         ./build/x86_64/kernel/print.o:(.debug_line)
            23db             23db       c0     1         ./build/x86_64/kernel/process.o:(.debug_line)
            249b             249b      2ba     1         ./build/x86_64/kernel/process_manager.o:(.debug_line)
            2755             2755      169     1         ./build/x86_64/kernel/scheduler.o:(.debug_line)
            28be             28be       de     1         ./build/x86_64/hal/x86_64/arch_initializer.o:(.debug_line)
            299c             299c       c0     1         ./build/x86_64/hal/x86_64/boot.o:(.debug_line)
            2a5c             2a5c      1da     1         ./build/x86_64/hal/x86_64/hal_factory.o:(.debug_line)
            2c36             2c36      1a4     1         ./build/x86_64/hal/x86_64/interrupt.o:(.debug_line)
            2dda             2dda      341     1         ./build/x86_64/hal/x86_64/memory_manager.o:(.debug_line)
            311b             311b      10d     1         ./build/x86_64/hal/x86_64/pic.o:(.debug_line)
            3228             3228      13a     1         ./build/x86_64/hal/x86_64/pit_timer.o:(.debug_line)
            3362             3362       af     1         ./build/x86_64/hal/x86_64/port_io.o:(.debug_line)
            3411             3411      195     1         ./build/x86_64/hal/x86_64/process_manager.o:(.debug_line)
            35a6             35a6       e7     1         ./build/x86_64/hal/x86_64/segment_configurator.o:(.debug_line)
            368d             368d      1d9     1         ./build/x86_64/hal/x86_64/serial.o:(.debug_line)
               0                0     1350     1 .debug_ranges
               0                0      280     1         ./build/x86_64/kernel/memory_manager.o:(.debug_ranges)
             280              280      c40     1         ./build/x86_64/kernel/print.o:(.debug_ranges)
             ec0              ec0       80     1         ./build/x86_64/kernel/process_manager.o:(.debug_ranges)
             f40              f40      410     1         ./build/x86_64/hal/x86_64/memory_manager.o:(.debug_ranges)
               0                0     16c8     8 .symtab
               0                0     16c8     8         <internal>:(.symtab)
               0                0       9a     1 .shstrtab
               0                0       9a     1         <internal>:(.shstrtab)
               0                0     2062     1 .strtab
               0                0     2062     1         <internal>:(.strtab)
