             VMA              LMA     Size Align Out     In      Symbol
               0                0        0     1 KERNEL_VMA = 0xFFFF800000000000
               0                0        0     1 KERNEL_LMA = 0x200000
               0                0   200000     1 . = KERNEL_LMA
          200000           200000      13d    16 .boot
          200000           200000       90    16         ./build/x86_64/hal/x86_64/_boot.o:(.boot)
          200000           200000        0     1                 _boot_kernel_gateway
          200022           200022        0     1                 _boot_gdtr
          20002c           20002c        0     1                 boot_gdt
          20004c           20004c        0     1                 boot_gdt_end
          20004c           20004c        0     1                 _load_segment_register
          200058           200058        0     1                 _load_segment_register.reload_cs
          200067           200067        0     1                 _boot_lower_half
          200090           200090       ad    16         ./build/x86_64/hal/x86_64/boot.o:(.boot)
          200090           200090       ad     1                 init_page_table
          20013d           20013d      ec3     1 . = KERNEL_VMA + KERNEL_LMA + 0x1000
ffff800000201000           201000     477e    16 .text
          201000     800000201000        0     1         __kernel_start = . - KERNEL_VMA
ffff800000201000           201000      366    16         ./build/x86_64/kernel/include/library/string.o:(.text)
ffff800000201000           201000      13f     1                 std::memset(void*, char, unsigned long)
ffff800000201140           201140      1ae     1                 std::memcpy(void*, void const*, unsigned long)
ffff8000002012f0           2012f0       36     1                 std::strcpy(char*, char const*)
ffff800000201330           201330       36     1                 std::strcmp(char const*, char const*)
ffff800000201370           201370      5f1    16         ./build/x86_64/kernel/logger.o:(.text)
ffff800000201370           201370       43     1                 kernel::utility::logger::logger(hal::interface::serial&)
ffff800000201370           201370       43     1                 kernel::utility::logger::logger(hal::interface::serial&)
ffff8000002013c0           2013c0       c2     1                 kernel::utility::logger::log(char const*, char const*)
ffff800000201490           201490       53     1                 kernel::utility::logger::print_log_id(char const*)
ffff8000002014f0           2014f0       3e     1                 kernel::utility::logger::print_sender(char const*, char const*)
ffff800000201530           201530       2a     1                 kernel::utility::logger::print_splitter()
ffff800000201560           201560      15a     1                 kernel::utility::logger::debug(char const*, ...)
ffff8000002016c0           2016c0       c2     1                 kernel::utility::logger::error(char const*)
ffff800000201790           201790      13d     1                 kernel::utility::logger::printk(char const*, ...)
ffff8000002018d0           2018d0       2a     1                 kernel::utility::logger::split()
ffff800000201900           201900       61     1                 kernel::utility::logger::a9nout()
ffff800000201970           201970      5ca    16         ./build/x86_64/kernel/main.o:(.text)
ffff800000201970           201970      4e6     1                 kernel_entry
ffff800000201e60           201e60       da     1                 kernel_main()
ffff800000201f40           201f40      b86    16         ./build/x86_64/kernel/memory_manager.o:(.text)
ffff800000201f40           201f40       32     1                 kernel::memory_manager::memory_manager(hal::interface::memory_manager&, memory_info const&)
ffff800000201f40           201f40       32     1                 kernel::memory_manager::memory_manager(hal::interface::memory_manager&, memory_info const&)
ffff800000201f80           201f80       11     1                 kernel::memory_manager::init(memory_info const&)
ffff800000201fa0           201fa0      26c     1                 kernel::memory_manager::init_memory_block(memory_info const&)
ffff800000202210           202210       16     1                 kernel::memory_manager::align_physical_address(unsigned long, unsigned short)
ffff800000202230           202230       9d     1                 kernel::memory_manager::init_memory_frame(kernel::memory_block&)
ffff8000002022d0           2022d0       b3     1                 kernel::memory_manager::print_memory_block_info(kernel::memory_block&)
ffff800000202390           202390      16a     1                 kernel::memory_manager::allocate_physical_memory(unsigned long, kernel::process*)
ffff800000202500           202500       16     1                 kernel::memory_manager::align_size(unsigned long, unsigned short)
ffff800000202520           202520       52     1                 kernel::memory_manager::find_free_frames(kernel::memory_block&, unsigned long, unsigned long&)
ffff800000202580           202580       60     1                 kernel::memory_manager::configure_memory_frames(kernel::memory_frame*, unsigned long, kernel::process*, bool)
ffff8000002025e0           2025e0       4e     1                 kernel::memory_manager::find_frames(kernel::memory_block&, unsigned long, unsigned long&, bool)
ffff800000202630           202630       c3     1                 kernel::memory_manager::deallocate_physical_memory(unsigned long, unsigned long)
ffff800000202700           202700       12     1                 kernel::memory_manager::convert_physical_to_virtual_address(unsigned long)
ffff800000202720           202720       12     1                 kernel::memory_manager::convert_virtual_to_physical_address(unsigned long)
ffff800000202740           202740      101     1                 kernel::memory_manager::init_virtual_memory(kernel::process*)
ffff800000202850           202850      265     1                 kernel::memory_manager::map_virtual_memory(kernel::process*, unsigned long, unsigned long, unsigned long)
ffff800000202ac0           202ac0        6     1                 kernel::memory_manager::unmap_virtual_memory(kernel::process*, unsigned long, unsigned long)
ffff800000202ad0           202ad0       36    16         ./build/x86_64/kernel/new.o:(.text)
ffff800000202ad0           202ad0        9     1                 operator new(unsigned long, void*)
ffff800000202ae0           202ae0        9     1                 operator new[](unsigned long, void*)
ffff800000202af0           202af0        6     1                 operator delete(void*, void*)
ffff800000202b00           202b00        6     1                 operator delete[](void*, void*)
ffff800000202b10           202b10     1c04    16         ./build/x86_64/kernel/print.o:(.text)
ffff800000202b10           202b10        9     1                 kernel::utility::print::print(hal::interface::serial&)
ffff800000202b10           202b10        9     1                 kernel::utility::print::print(hal::interface::serial&)
ffff800000202b20           202b20      124     1                 kernel::utility::print::printf(char const*, ...)
ffff800000202c50           202c50       94     1                 kernel::utility::print::vsprintf(char*, char const*, __va_list_tag*)
ffff800000202cf0           202cf0       c3     1                 kernel::utility::print::vprintf(char const*, __va_list_tag*)
ffff800000202dc0           202dc0      107     1                 kernel::utility::print::sprintf(char*, char const*, ...)
ffff800000202ed0           202ed0     10d4     1                 kernel::utility::print::process_format(char**, char const**, __va_list_tag*)
ffff800000203fb0           203fb0       14     1                 kernel::utility::print::write_char(char**, char)
ffff800000203fd0           203fd0      104     1                 kernel::utility::print::write_int(char**, int, int, bool)
ffff8000002040e0           2040e0      114     1                 kernel::utility::print::write_int_ll(char**, long long, int, bool)
ffff800000204200           204200       e4     1                 kernel::utility::print::write_hex_ll(char**, unsigned long long, int, bool, bool)
ffff8000002042f0           2042f0       e4     1                 kernel::utility::print::write_hex(char**, unsigned int, int, bool, bool)
ffff8000002043e0           2043e0       82     1                 kernel::utility::print::write_string(char**, char*, int)
ffff800000204470           204470       ae     1                 kernel::utility::print::write_pointer(char**, void const*)
ffff800000204520           204520       f4     1                 kernel::utility::print::write_uint(char**, unsigned int, int, bool)
ffff800000204620           204620       f4     1                 kernel::utility::print::write_uint_ll(char**, unsigned long long, int, bool)
ffff800000204720           204720       16    16         ./build/x86_64/kernel/process.o:(.text)
ffff800000204720           204720        6     1                 kernel::process::process()
ffff800000204720           204720        6     1                 kernel::process::process()
ffff800000204730           204730        6     1                 kernel::process::~process()
ffff800000204730           204730        6     1                 kernel::process::~process()
ffff800000204740           204740       93    16         ./build/x86_64/kernel/process_manager.o:(.text)
ffff800000204740           204740       1c     1                 kernel::process_manager::process_manager(hal::interface::process_manager&, hal::interface::interrupt&)
ffff800000204740           204740       1c     1                 kernel::process_manager::process_manager(hal::interface::process_manager&, hal::interface::interrupt&)
ffff800000204760           204760       15     1                 kernel::process_manager::~process_manager()
ffff800000204760           204760       15     1                 kernel::process_manager::~process_manager()
ffff800000204780           204780        6     1                 kernel::process_manager::init_process()
ffff800000204790           204790        6     1                 kernel::process_manager::create_process(char const*, unsigned long)
ffff8000002047a0           2047a0        6     1                 kernel::process_manager::delete_process(int)
ffff8000002047b0           2047b0       23     1                 kernel::process_manager::switch_context()
ffff8000002047e0           2047e0       24    16         ./build/x86_64/kernel/scheduler.o:(.text)
ffff8000002047e0           2047e0        6     1                 kernel::scheduler::scheduler()
ffff8000002047e0           2047e0        6     1                 kernel::scheduler::scheduler()
ffff8000002047f0           2047f0        6     1                 kernel::scheduler::~scheduler()
ffff8000002047f0           2047f0        6     1                 kernel::scheduler::~scheduler()
ffff800000204800           204800        4     1                 kernel::schedule_next_process()
ffff800000204810           204810       1e    16         ./build/x86_64/hal/x86_64/_boot.o:(.text)
ffff800000204810           204810        0     1                 _boot_higher_half
ffff80000020482a           20482a        0     1                 none
ffff800000204830           204830        f    16         ./build/x86_64/hal/x86_64/_paging.o:(.text)
ffff800000204830           204830        0     1                 _load_cr3
ffff800000204834           204834        0     1                 _flush_tlb
ffff80000020483b           20483b        0     1                 _invalidate_page
ffff800000204840           204840       3a    16         ./build/x86_64/hal/x86_64/_segment_configurator.o:(.text)
ffff800000204840           204840        0     1                 gdtr
ffff80000020484a           20484a        0     1                 _load_gdt
ffff800000204860           204860        0     1                 _load_segment_register
ffff80000020486b           20486b        0     1                 _load_segment_register.reload_cs
ffff800000204880           204880       1d    16         ./build/x86_64/hal/x86_64/_x86_64_context_switch.o:(.text)
ffff800000204880           204880        0     1                 _switch_context
ffff8000002048a0           2048a0       31    16         ./build/x86_64/hal/x86_64/_x86_64_interrupt.o:(.text)
ffff8000002048a0           2048a0        0     1                 interrupt_handler_common
ffff8000002048e0           2048e0       29    16         ./build/x86_64/hal/x86_64/_x86_64_interrupt_configurator.o:(.text)
ffff8000002048e0           2048e0        0     1                 idtr
ffff8000002048ea           2048ea        0     1                 _load_idt
ffff800000204905           204905        0     1                 _enable_interrupt_all
ffff800000204907           204907        0     1                 _disable_interrupt_all
ffff800000204910           204910        d    16         ./build/x86_64/hal/x86_64/_x86_64_port_io.o:(.text)
ffff800000204910           204910        0     1                 _read
ffff800000204914           204914        0     1                 _write
ffff800000204920           204920       45    16         ./build/x86_64/hal/x86_64/arch_initializer.o:(.text)
ffff800000204920           204920       1b     1                 hal::x86_64::arch_initializer::arch_initializer(hal::x86_64::segment_configurator&)
ffff800000204920           204920       1b     1                 hal::x86_64::arch_initializer::arch_initializer(hal::x86_64::segment_configurator&)
ffff800000204940           204940        6     1                 hal::x86_64::arch_initializer::~arch_initializer()
ffff800000204940           204940        6     1                 hal::x86_64::arch_initializer::~arch_initializer()
ffff800000204950           204950       15     1                 hal::x86_64::arch_initializer::init_architecture()
ffff800000204968           204968        0     4         ./build/x86_64/hal/x86_64/boot.o:(.text)
ffff800000204970           204970      229    16         ./build/x86_64/hal/x86_64/interrupt.o:(.text)
ffff800000204970           204970       17     1                 hal::x86_64::interrupt::interrupt()
ffff800000204970           204970       17     1                 hal::x86_64::interrupt::interrupt()
ffff800000204990           204990        6     1                 hal::x86_64::interrupt::~interrupt()
ffff800000204990           204990        6     1                 hal::x86_64::interrupt::~interrupt()
ffff8000002049a0           2049a0       1a     1                 hal::x86_64::interrupt::init_interrupt()
ffff8000002049c0           2049c0       1a     1                 hal::x86_64::interrupt::load_idt()
ffff8000002049e0           2049e0       35     1                 hal::x86_64::interrupt::register_interrupt(unsigned int, void (*)(void*))
ffff800000204a20           204a20       11     1                 hal::x86_64::interrupt::enable_interrupt(unsigned int)
ffff800000204a40           204a40       11     1                 hal::x86_64::interrupt::disable_interrupt(unsigned int)
ffff800000204a60           204a60       11     1                 hal::x86_64::interrupt::enable_interrupt_all()
ffff800000204a80           204a80       11     1                 hal::x86_64::interrupt::disable_interrupt_all()
ffff800000204aa0           204aa0       f9     1                 hal::x86_64::interrupt::mask_interrupt(hal::interface::interrupt_mask)
ffff800000204ba0           204ba0      4e3    16         ./build/x86_64/hal/x86_64/memory_manager.o:(.text)
ffff800000204ba0           204ba0        6     1                 hal::x86_64::memory_manager::init_memory()
ffff800000204bb0           204bb0       23     1                 hal::x86_64::memory_manager::init_virtual_memory(unsigned long)
ffff800000204be0           204be0      13b     1                 hal::x86_64::memory_manager::is_table_exists(unsigned long, unsigned long)
ffff800000204d20           204d20      1c6     1                 hal::x86_64::memory_manager::configure_page_table(unsigned long, unsigned long, unsigned long)
ffff800000204ef0           204ef0      143     1                 hal::x86_64::memory_manager::map_virtual_memory(unsigned long, unsigned long, unsigned long)
ffff800000205040           205040        6     1                 hal::x86_64::memory_manager::unmap_virtual_memory(unsigned long, unsigned long)
ffff800000205050           205050       13     1                 hal::x86_64::memory_manager::convert_physical_to_virtual_address(unsigned long)
ffff800000205070           205070       13     1                 hal::x86_64::memory_manager::convert_virtual_to_physical_address(unsigned long)
ffff800000205090           205090       eb    16         ./build/x86_64/hal/x86_64/pic.o:(.text)
ffff800000205090           205090        9     1                 hal::x86_64::pic::pic(hal::interface::port_io&)
ffff800000205090           205090        9     1                 hal::x86_64::pic::pic(hal::interface::port_io&)
ffff8000002050a0           2050a0        6     1                 hal::x86_64::pic::~pic()
ffff8000002050a0           2050a0        6     1                 hal::x86_64::pic::~pic()
ffff8000002050b0           2050b0       aa     1                 hal::x86_64::pic::init_pic()
ffff800000205160           205160       1b     1                 hal::x86_64::pic::end_of_interrupt_pic()
ffff800000205180           205180      289    16         ./build/x86_64/hal/x86_64/pit_timer.o:(.text)
ffff800000205180           205180       49     1                 hal::x86_64::pit_timer::pit_timer(hal::interface::port_io&)
ffff800000205180           205180       49     1                 hal::x86_64::pit_timer::pit_timer(hal::interface::port_io&)
ffff8000002051d0           2051d0       26     1                 hal::x86_64::pit_timer::~pit_timer()
ffff8000002051d0           2051d0       26     1                 hal::x86_64::pit_timer::~pit_timer()
ffff800000205200           205200       5e     1                 hal::x86_64::pit_timer::init_timer()
ffff800000205260           205260       54     1                 hal::x86_64::pit_timer::configure_timer(unsigned short)
ffff8000002052c0           2052c0      12f     1                 hal::x86_64::pit_timer::handle(void*)
ffff8000002053f0           2053f0        a     1                 hal::x86_64::pit_timer::clock()
ffff800000205400           205400        9     1                 hal::x86_64::pit_timer::get_tick()
ffff800000205410           205410       35    16         ./build/x86_64/hal/x86_64/port_io.o:(.text)
ffff800000205410           205410       13     1                 hal::x86_64::port_io::read(unsigned short)
ffff800000205430           205430       15     1                 hal::x86_64::port_io::write(unsigned short, unsigned char)
ffff800000205450           205450       76    16         ./build/x86_64/hal/x86_64/process_manager.o:(.text)
ffff800000205450           205450       17     1                 hal::x86_64::process_manager::process_manager()
ffff800000205450           205450       17     1                 hal::x86_64::process_manager::process_manager()
ffff800000205470           205470        6     1                 hal::x86_64::process_manager::~process_manager()
ffff800000205470           205470        6     1                 hal::x86_64::process_manager::~process_manager()
ffff800000205480           205480       1f     1                 hal::x86_64::process_manager::switch_context(kernel::process*, kernel::process*)
ffff8000002054a0           2054a0       20     1                 hal::x86_64::process_manager::create_process(kernel::process*, unsigned long)
ffff8000002054c0           2054c0        6     1                 hal::x86_64::process_manager::delete_process(kernel::process*)
ffff8000002054d0           2054d0       93    16         ./build/x86_64/hal/x86_64/segment_configurator.o:(.text)
ffff8000002054d0           2054d0        6     1                 hal::x86_64::segment_configurator::segment_configurator()
ffff8000002054d0           2054d0        6     1                 hal::x86_64::segment_configurator::segment_configurator()
ffff8000002054e0           2054e0        6     1                 hal::x86_64::segment_configurator::~segment_configurator()
ffff8000002054e0           2054e0        6     1                 hal::x86_64::segment_configurator::~segment_configurator()
ffff8000002054f0           2054f0       31     1                 hal::x86_64::segment_configurator::init_gdt()
ffff800000205530           205530       20     1                 hal::x86_64::segment_configurator::load_gdt()
ffff800000205550           205550       13     1                 hal::x86_64::segment_configurator::load_segment_register(unsigned short)
ffff800000205570           205570      20e    16         ./build/x86_64/hal/x86_64/serial.o:(.text)
ffff800000205570           205570       1b     1                 hal::x86_64::serial::serial(hal::interface::port_io&)
ffff800000205570           205570       1b     1                 hal::x86_64::serial::serial(hal::interface::port_io&)
ffff800000205590           205590        6     1                 hal::x86_64::serial::~serial()
ffff800000205590           205590        6     1                 hal::x86_64::serial::~serial()
ffff8000002055a0           2055a0       98     1                 hal::x86_64::serial::init_serial(unsigned int)
ffff800000205640           205640       39     1                 hal::x86_64::serial::read_serial()
ffff800000205680           205680       19     1                 hal::x86_64::serial::is_received()
ffff8000002056a0           2056a0       3c     1                 hal::x86_64::serial::write_serial(char)
ffff8000002056e0           2056e0       19     1                 hal::x86_64::serial::is_empty()
ffff800000205700           205700       5f     1                 hal::x86_64::serial::write_string_serial(char*)
ffff800000205760           205760       1e     1                 hal::x86_64::serial::strlen(char const*)
ffff800000205780           205780      db8    16 .rodata
ffff800000205780           205780      108     8         ./build/x86_64/kernel/print.o:(.rodata)
ffff800000205888           205888       18     8         ./build/x86_64/hal/x86_64/arch_initializer.o:(.rodata)
ffff800000205888           205888       18     1                 vtable for hal::x86_64::arch_initializer
ffff8000002058a0           2058a0       48     8         ./build/x86_64/hal/x86_64/interrupt.o:(.rodata)
ffff8000002058a0           2058a0       48     1                 vtable for hal::x86_64::interrupt
ffff8000002058e8           2058e8       50     8         ./build/x86_64/hal/x86_64/memory_manager.o:(.rodata)
ffff8000002058e8           2058e8       50     1                 vtable for hal::x86_64::memory_manager
ffff800000205938           205938       30     8         ./build/x86_64/hal/x86_64/pit_timer.o:(.rodata)
ffff800000205938           205938       30     1                 vtable for hal::x86_64::pit_timer
ffff800000205968           205968       20     8         ./build/x86_64/hal/x86_64/port_io.o:(.rodata)
ffff800000205968           205968       20     1                 vtable for hal::x86_64::port_io
ffff800000205988           205988       28     8         ./build/x86_64/hal/x86_64/process_manager.o:(.rodata)
ffff800000205988           205988       28     1                 vtable for hal::x86_64::process_manager
ffff8000002059b0           2059b0       30     8         ./build/x86_64/hal/x86_64/serial.o:(.rodata)
ffff8000002059b0           2059b0       30     1                 vtable for hal::x86_64::serial
ffff8000002059e0           2059e0      b0a     1         <internal>:(.rodata)
ffff8000002064f0           2064f0       20    16         <internal>:(.rodata)
ffff800000206510           206510       28    16         ./build/x86_64/hal/x86_64/segment_configurator.o:(.rodata._ZN3hal6x86_6420segment_configurator3gdtE)
ffff800000206510           206510       28     1                 hal::x86_64::segment_configurator::gdt
ffff800000206538           206538        0     1 .data
ffff800000206538           206538    16ac8     8 .bss
          206538     800000206538        0     1         __bss_start = . - KERNEL_VMA
ffff800000206538           206538       10     8         ./build/x86_64/kernel/logger.o:(.bss)
ffff800000206538           206538        4     1                 kernel::utility::logger::log_id
ffff800000206540           206540        8     1                 kernel::utility::logger::this_logger
ffff800000206548           206548        8     8         ./build/x86_64/kernel/main.o:(.bss)
ffff800000206548           206548        8     1                 timer
ffff800000206550           206550        8     8         ./build/x86_64/hal/x86_64/pit_timer.o:(.bss)
ffff800000206550           206550        8     1                 hal::x86_64::pit_timer::this_timer
          206558     800000206558        0     1         __bss_end = . - KERNEL_VMA
          206558     800000206558      aa8     1         . = ALIGN ( 0x1000 )
          207000     800000207000        0     1         __kernel_pml4 = . - KERNEL_VMA
          207000     800000207000     1000     1         . += 0x1000
          208000     800000208000        0     1         . = ALIGN ( 0x1000 )
          208000     800000208000        0     1         __kernel_pdpt = . - KERNEL_VMA
          208000     800000208000     1000     1         . += 0x1000
          209000     800000209000        0     1         . = ALIGN ( 0x1000 )
          209000     800000209000        0     1         __kernel_pd = . - KERNEL_VMA
          209000     800000209000     4000     1         . += 4 * 512 * 8
          20d000     80000020d000        0     1         . = ALIGN ( 0x1000 )
          20d000     80000020d000        0     1         __boot_stack_start = . - KERNEL_VMA
          20d000     80000020d000    10000     1         . += 0x1000 * 16
          21d000     80000021d000        0     1         __boot_stack_end = . - KERNEL_VMA
          21d000     80000021d000        0     1         . = ALIGN ( 0x1000 )
          21d000     80000021d000        0     1         __kernel_end = . - KERNEL_VMA
               0                0     3255     1 .debug_str
               0                0     3255     1         <internal>:(.debug_str)
               0                0     6e51     1 .debug_loc
               0                0      3b3     1         ./build/x86_64/kernel/include/library/string.o:(.debug_loc)
             3b3              3b3      40e     1         ./build/x86_64/kernel/logger.o:(.debug_loc)
             7c1              7c1      4cb     1         ./build/x86_64/kernel/main.o:(.debug_loc)
             c8c              c8c     1a8b     1         ./build/x86_64/kernel/memory_manager.o:(.debug_loc)
            2717             2717       6c     1         ./build/x86_64/kernel/new.o:(.debug_loc)
            2783             2783     32db     1         ./build/x86_64/kernel/print.o:(.debug_loc)
            5a5e             5a5e       c2     1         ./build/x86_64/kernel/process_manager.o:(.debug_loc)
            5b20             5b20       23     1         ./build/x86_64/hal/x86_64/arch_initializer.o:(.debug_loc)
            5b43             5b43       c9     1         ./build/x86_64/hal/x86_64/boot.o:(.debug_loc)
            5c0c             5c0c      13d     1         ./build/x86_64/hal/x86_64/interrupt.o:(.debug_loc)
            5d49             5d49      a89     1         ./build/x86_64/hal/x86_64/memory_manager.o:(.debug_loc)
            67d2             67d2       59     1         ./build/x86_64/hal/x86_64/pic.o:(.debug_loc)
            682b             682b      174     1         ./build/x86_64/hal/x86_64/pit_timer.o:(.debug_loc)
            699f             699f       a2     1         ./build/x86_64/hal/x86_64/port_io.o:(.debug_loc)
            6a41             6a41       ee     1         ./build/x86_64/hal/x86_64/process_manager.o:(.debug_loc)
            6b2f             6b2f       9f     1         ./build/x86_64/hal/x86_64/segment_configurator.o:(.debug_loc)
            6bce             6bce      283     1         ./build/x86_64/hal/x86_64/serial.o:(.debug_loc)
               0                0     1ed1     1 .debug_abbrev
               0                0       9b     1         ./build/x86_64/kernel/include/library/string.o:(.debug_abbrev)
              9b               9b      204     1         ./build/x86_64/kernel/logger.o:(.debug_abbrev)
             29f              29f      2d6     1         ./build/x86_64/kernel/main.o:(.debug_abbrev)
             575              575      2e9     1         ./build/x86_64/kernel/memory_manager.o:(.debug_abbrev)
             85e              85e       81     1         ./build/x86_64/kernel/new.o:(.debug_abbrev)
             8df              8df      2a8     1         ./build/x86_64/kernel/print.o:(.debug_abbrev)
             b87              b87       c5     1         ./build/x86_64/kernel/process.o:(.debug_abbrev)
             c4c              c4c      139     1         ./build/x86_64/kernel/process_manager.o:(.debug_abbrev)
             d85              d85       af     1         ./build/x86_64/kernel/scheduler.o:(.debug_abbrev)
             e34              e34      19c     1         ./build/x86_64/hal/x86_64/arch_initializer.o:(.debug_abbrev)
             fd0              fd0       70     1         ./build/x86_64/hal/x86_64/boot.o:(.debug_abbrev)
            1040             1040      250     1         ./build/x86_64/hal/x86_64/interrupt.o:(.debug_abbrev)
            1290             1290      230     1         ./build/x86_64/hal/x86_64/memory_manager.o:(.debug_abbrev)
            14c0             14c0      148     1         ./build/x86_64/hal/x86_64/pic.o:(.debug_abbrev)
            1608             1608      243     1         ./build/x86_64/hal/x86_64/pit_timer.o:(.debug_abbrev)
            184b             184b      102     1         ./build/x86_64/hal/x86_64/port_io.o:(.debug_abbrev)
            194d             194d      197     1         ./build/x86_64/hal/x86_64/process_manager.o:(.debug_abbrev)
            1ae4             1ae4      1b5     1         ./build/x86_64/hal/x86_64/segment_configurator.o:(.debug_abbrev)
            1c99             1c99      238     1         ./build/x86_64/hal/x86_64/serial.o:(.debug_abbrev)
               0                0     7727     1 .debug_info
               0                0      214     1         ./build/x86_64/kernel/include/library/string.o:(.debug_info)
             214              214      941     1         ./build/x86_64/kernel/logger.o:(.debug_info)
             b55              b55     105c     1         ./build/x86_64/kernel/main.o:(.debug_info)
            1bb1             1bb1     1354     1         ./build/x86_64/kernel/memory_manager.o:(.debug_info)
            2f05             2f05      11a     1         ./build/x86_64/kernel/new.o:(.debug_info)
            301f             301f     1b8b     1         ./build/x86_64/kernel/print.o:(.debug_info)
            4baa             4baa      168     1         ./build/x86_64/kernel/process.o:(.debug_info)
            4d12             4d12      2e3     1         ./build/x86_64/kernel/process_manager.o:(.debug_info)
            4ff5             4ff5       f5     1         ./build/x86_64/kernel/scheduler.o:(.debug_info)
            50ea             50ea      234     1         ./build/x86_64/hal/x86_64/arch_initializer.o:(.debug_info)
            531e             531e       df     1         ./build/x86_64/hal/x86_64/boot.o:(.debug_info)
            53fd             53fd      67e     1         ./build/x86_64/hal/x86_64/interrupt.o:(.debug_info)
            5a7b             5a7b      935     1         ./build/x86_64/hal/x86_64/memory_manager.o:(.debug_info)
            63b0             63b0      204     1         ./build/x86_64/hal/x86_64/pic.o:(.debug_info)
            65b4             65b4      426     1         ./build/x86_64/hal/x86_64/pit_timer.o:(.debug_info)
            69da             69da      178     1         ./build/x86_64/hal/x86_64/port_io.o:(.debug_info)
            6b52             6b52      3bf     1         ./build/x86_64/hal/x86_64/process_manager.o:(.debug_info)
            6f11             6f11      2ad     1         ./build/x86_64/hal/x86_64/segment_configurator.o:(.debug_info)
            71be             71be      569     1         ./build/x86_64/hal/x86_64/serial.o:(.debug_info)
               0                0       33     1 .comment
               0                0       33     1         <internal>:(.comment)
               0                0     1588     8 .debug_frame
               0                0       c0     8         ./build/x86_64/kernel/include/library/string.o:(.debug_frame)
              c0               c0      1e0     8         ./build/x86_64/kernel/logger.o:(.debug_frame)
             2a0              2a0       78     8         ./build/x86_64/kernel/main.o:(.debug_frame)
             318              318      318     8         ./build/x86_64/kernel/memory_manager.o:(.debug_frame)
             630              630       b8     8         ./build/x86_64/kernel/new.o:(.debug_frame)
             6e8              6e8      2d8     8         ./build/x86_64/kernel/print.o:(.debug_frame)
             9c0              9c0       68     8         ./build/x86_64/kernel/process.o:(.debug_frame)
             a28              a28      108     8         ./build/x86_64/kernel/process_manager.o:(.debug_frame)
             b30              b30       88     8         ./build/x86_64/kernel/scheduler.o:(.debug_frame)
             bb8              bb8       90     8         ./build/x86_64/hal/x86_64/arch_initializer.o:(.debug_frame)
             c48              c48       30     8         ./build/x86_64/hal/x86_64/boot.o:(.debug_frame)
             c78              c78      1a8     8         ./build/x86_64/hal/x86_64/interrupt.o:(.debug_frame)
             e20              e20      188     8         ./build/x86_64/hal/x86_64/memory_manager.o:(.debug_frame)
             fa8              fa8       b8     8         ./build/x86_64/hal/x86_64/pic.o:(.debug_frame)
            1060             1060      170     8         ./build/x86_64/hal/x86_64/pit_timer.o:(.debug_frame)
            11d0             11d0       68     8         ./build/x86_64/hal/x86_64/port_io.o:(.debug_frame)
            1238             1238       e0     8         ./build/x86_64/hal/x86_64/process_manager.o:(.debug_frame)
            1318             1318       e0     8         ./build/x86_64/hal/x86_64/segment_configurator.o:(.debug_frame)
            13f8             13f8      190     8         ./build/x86_64/hal/x86_64/serial.o:(.debug_frame)
               0                0     33a9     1 .debug_line
               0                0      1fb     1         ./build/x86_64/kernel/include/library/string.o:(.debug_line)
             1fb              1fb      21d     1         ./build/x86_64/kernel/logger.o:(.debug_line)
             418              418      379     1         ./build/x86_64/kernel/main.o:(.debug_line)
             791              791      72e     1         ./build/x86_64/kernel/memory_manager.o:(.debug_line)
             ebf              ebf       94     1         ./build/x86_64/kernel/new.o:(.debug_line)
             f53              f53     144d     1         ./build/x86_64/kernel/print.o:(.debug_line)
            23a0             23a0       be     1         ./build/x86_64/kernel/process.o:(.debug_line)
            245e             245e       f7     1         ./build/x86_64/kernel/process_manager.o:(.debug_line)
            2555             2555       74     1         ./build/x86_64/kernel/scheduler.o:(.debug_line)
            25c9             25c9      124     1         ./build/x86_64/hal/x86_64/arch_initializer.o:(.debug_line)
            26ed             26ed       c0     1         ./build/x86_64/hal/x86_64/boot.o:(.debug_line)
            27ad             27ad      19d     1         ./build/x86_64/hal/x86_64/interrupt.o:(.debug_line)
            294a             294a      354     1         ./build/x86_64/hal/x86_64/memory_manager.o:(.debug_line)
            2c9e             2c9e       fd     1         ./build/x86_64/hal/x86_64/pic.o:(.debug_line)
            2d9b             2d9b      154     1         ./build/x86_64/hal/x86_64/pit_timer.o:(.debug_line)
            2eef             2eef       af     1         ./build/x86_64/hal/x86_64/port_io.o:(.debug_line)
            2f9e             2f9e      14b     1         ./build/x86_64/hal/x86_64/process_manager.o:(.debug_line)
            30e9             30e9       e7     1         ./build/x86_64/hal/x86_64/segment_configurator.o:(.debug_line)
            31d0             31d0      1d9     1         ./build/x86_64/hal/x86_64/serial.o:(.debug_line)
               0                0     1180     1 .debug_ranges
               0                0       30     1         ./build/x86_64/kernel/main.o:(.debug_ranges)
              30               30      370     1         ./build/x86_64/kernel/memory_manager.o:(.debug_ranges)
             3a0              3a0      c40     1         ./build/x86_64/kernel/print.o:(.debug_ranges)
             fe0              fe0      1a0     1         ./build/x86_64/hal/x86_64/memory_manager.o:(.debug_ranges)
               0                0     1410     8 .symtab
               0                0     1410     8         <internal>:(.symtab)
               0                0       9a     1 .shstrtab
               0                0       9a     1         <internal>:(.shstrtab)
               0                0     1d03     1 .strtab
               0                0     1d03     1         <internal>:(.strtab)
