             VMA              LMA     Size Align Out     In      Symbol
               0                0        0     1 KERNEL_VMA = 0xFFFF800000000000
               0                0        0     1 KERNEL_LMA = 0x200000
               0                0   200000     1 . = KERNEL_LMA
          200000           200000      13d    16 .boot
          200000           200000       90    16         ./build/x86_64/hal/x86_64/_boot.o:(.boot)
          200000           200000        0     1                 _boot_kernel_gateway
          200022           200022        0     1                 _boot_gdtr
          20002c           20002c        0     1                 gdt
          20004c           20004c        0     1                 gdt_end
          20004c           20004c        0     1                 _load_segment_register
          200058           200058        0     1                 _load_segment_register.reload_cs
          200067           200067        0     1                 _boot_lower_half
          200090           200090       ad    16         ./build/x86_64/hal/x86_64/boot.o:(.boot)
          200090           200090       ad     1                 init_page_table
          20013d           20013d      ec3     1 . = KERNEL_VMA + KERNEL_LMA + 0x1000
ffff800000201000           201000     40ee    16 .text
          201000     800000201000        0     1         __kernel_start = . - KERNEL_VMA
ffff800000201000           201000      366    16         ./build/x86_64/kernel/include/library/string.o:(.text)
ffff800000201000           201000      13f     1                 std::memset(void*, char, unsigned long)
ffff800000201140           201140      1ae     1                 std::memcpy(void*, void const*, unsigned long)
ffff8000002012f0           2012f0       36     1                 std::strcpy(char*, char const*)
ffff800000201330           201330       36     1                 std::strcmp(char const*, char const*)
ffff800000201370           201370      5f1    16         ./build/x86_64/kernel/logger.o:(.text)
ffff800000201370           201370       43     1                 kernel::utility::logger::logger(hal::interface::serial&)
ffff800000201370           201370       43     1                 kernel::utility::logger::logger(hal::interface::serial&)
ffff8000002013c0           2013c0       c2     1                 kernel::utility::logger::log(char const*, char const*)
ffff800000201490           201490       53     1                 kernel::utility::logger::print_log_id(char const*)
ffff8000002014f0           2014f0       3e     1                 kernel::utility::logger::print_sender(char const*, char const*)
ffff800000201530           201530       2a     1                 kernel::utility::logger::print_splitter()
ffff800000201560           201560      15a     1                 kernel::utility::logger::debug(char const*, ...)
ffff8000002016c0           2016c0       c2     1                 kernel::utility::logger::error(char const*)
ffff800000201790           201790      13d     1                 kernel::utility::logger::printk(char const*, ...)
ffff8000002018d0           2018d0       2a     1                 kernel::utility::logger::split()
ffff800000201900           201900       61     1                 kernel::utility::logger::a9nout()
ffff800000201970           201970      54a    16         ./build/x86_64/kernel/main.o:(.text)
ffff800000201970           201970      46b     1                 kernel_entry
ffff800000201de0           201de0       da     1                 kernel_main()
ffff800000201ec0           201ec0      906    16         ./build/x86_64/kernel/memory_manager.o:(.text)
ffff800000201ec0           201ec0       18     1                 kernel::memory_manager::memory_manager(memory_info const&)
ffff800000201ec0           201ec0       18     1                 kernel::memory_manager::memory_manager(memory_info const&)
ffff800000201ee0           201ee0       11     1                 kernel::memory_manager::init(memory_info const&)
ffff800000201f00           201f00      3ef     1                 kernel::memory_manager::init_memory_block(memory_info const&)
ffff8000002022f0           2022f0       9d     1                 kernel::memory_manager::init_memory_frame(kernel::memory_block&)
ffff800000202390           202390       c4     1                 kernel::memory_manager::print_memory_block_info(kernel::memory_block&)
ffff800000202460           202460      14c     1                 kernel::memory_manager::allocate_physical_memory(unsigned long, kernel::process*)
ffff8000002025b0           2025b0       16     1                 kernel::memory_manager::align_size(unsigned long, unsigned short)
ffff8000002025d0           2025d0       52     1                 kernel::memory_manager::find_free_frames(kernel::memory_block&, unsigned long, unsigned long&)
ffff800000202630           202630       60     1                 kernel::memory_manager::configure_memory_frames(kernel::memory_frame*, unsigned long, kernel::process*, bool)
ffff800000202690           202690       4e     1                 kernel::memory_manager::find_frames(kernel::memory_block&, unsigned long, unsigned long&, bool)
ffff8000002026e0           2026e0       c3     1                 kernel::memory_manager::deallocate_physical_memory(void*, unsigned long)
ffff8000002027b0           2027b0       16     1                 kernel::memory_manager::align_physical_address(unsigned long, unsigned short)
ffff8000002027d0           2027d0       36    16         ./build/x86_64/kernel/new.o:(.text)
ffff8000002027d0           2027d0        9     1                 operator new(unsigned long, void*)
ffff8000002027e0           2027e0        9     1                 operator new[](unsigned long, void*)
ffff8000002027f0           2027f0        6     1                 operator delete(void*, void*)
ffff800000202800           202800        6     1                 operator delete[](void*, void*)
ffff800000202810           202810     1c04    16         ./build/x86_64/kernel/print.o:(.text)
ffff800000202810           202810        9     1                 kernel::utility::print::print(hal::interface::serial&)
ffff800000202810           202810        9     1                 kernel::utility::print::print(hal::interface::serial&)
ffff800000202820           202820      124     1                 kernel::utility::print::printf(char const*, ...)
ffff800000202950           202950       94     1                 kernel::utility::print::vsprintf(char*, char const*, __va_list_tag*)
ffff8000002029f0           2029f0       c3     1                 kernel::utility::print::vprintf(char const*, __va_list_tag*)
ffff800000202ac0           202ac0      107     1                 kernel::utility::print::sprintf(char*, char const*, ...)
ffff800000202bd0           202bd0     10d4     1                 kernel::utility::print::process_format(char**, char const**, __va_list_tag*)
ffff800000203cb0           203cb0       14     1                 kernel::utility::print::write_char(char**, char)
ffff800000203cd0           203cd0      104     1                 kernel::utility::print::write_int(char**, int, int, bool)
ffff800000203de0           203de0      114     1                 kernel::utility::print::write_int_ll(char**, long long, int, bool)
ffff800000203f00           203f00       e4     1                 kernel::utility::print::write_hex_ll(char**, unsigned long long, int, bool, bool)
ffff800000203ff0           203ff0       e4     1                 kernel::utility::print::write_hex(char**, unsigned int, int, bool, bool)
ffff8000002040e0           2040e0       82     1                 kernel::utility::print::write_string(char**, char*, int)
ffff800000204170           204170       ae     1                 kernel::utility::print::write_pointer(char**, void const*)
ffff800000204220           204220       f4     1                 kernel::utility::print::write_uint(char**, unsigned int, int, bool)
ffff800000204320           204320       f4     1                 kernel::utility::print::write_uint_ll(char**, unsigned long long, int, bool)
ffff800000204420           204420       16    16         ./build/x86_64/kernel/process.o:(.text)
ffff800000204420           204420        6     1                 kernel::process::process()
ffff800000204420           204420        6     1                 kernel::process::process()
ffff800000204430           204430        6     1                 kernel::process::~process()
ffff800000204430           204430        6     1                 kernel::process::~process()
ffff800000204440           204440       93    16         ./build/x86_64/kernel/process_manager.o:(.text)
ffff800000204440           204440       1c     1                 kernel::process_manager::process_manager(hal::interface::process_manager&, hal::interface::interrupt&)
ffff800000204440           204440       1c     1                 kernel::process_manager::process_manager(hal::interface::process_manager&, hal::interface::interrupt&)
ffff800000204460           204460       15     1                 kernel::process_manager::~process_manager()
ffff800000204460           204460       15     1                 kernel::process_manager::~process_manager()
ffff800000204480           204480        6     1                 kernel::process_manager::init_process()
ffff800000204490           204490        6     1                 kernel::process_manager::create_process(char const*, unsigned long)
ffff8000002044a0           2044a0        6     1                 kernel::process_manager::delete_process(int)
ffff8000002044b0           2044b0       23     1                 kernel::process_manager::switch_context()
ffff8000002044e0           2044e0       24    16         ./build/x86_64/kernel/scheduler.o:(.text)
ffff8000002044e0           2044e0        6     1                 kernel::scheduler::scheduler()
ffff8000002044e0           2044e0        6     1                 kernel::scheduler::scheduler()
ffff8000002044f0           2044f0        6     1                 kernel::scheduler::~scheduler()
ffff8000002044f0           2044f0        6     1                 kernel::scheduler::~scheduler()
ffff800000204500           204500        4     1                 kernel::schedule_next_process()
ffff800000204510           204510       1e    16         ./build/x86_64/hal/x86_64/_boot.o:(.text)
ffff800000204510           204510        0     1                 _boot_higher_half
ffff80000020452a           20452a        0     1                 none
ffff800000204530           204530        a    16         ./build/x86_64/hal/x86_64/_paging.o:(.text)
ffff800000204530           204530        0     1                 _load_cr3
ffff800000204534           204534        0     1                 _flush_tlb
ffff800000204540           204540       3a    16         ./build/x86_64/hal/x86_64/_segment_configurator.o:(.text)
ffff800000204540           204540        0     1                 gdtr
ffff80000020454a           20454a        0     1                 _load_gdt
ffff800000204560           204560        0     1                 _load_segment_register
ffff80000020456b           20456b        0     1                 _load_segment_register.reload_cs
ffff800000204580           204580       1d    16         ./build/x86_64/hal/x86_64/_x86_64_context_switch.o:(.text)
ffff800000204580           204580        0     1                 _switch_context
ffff8000002045a0           2045a0       31    16         ./build/x86_64/hal/x86_64/_x86_64_interrupt.o:(.text)
ffff8000002045a0           2045a0        0     1                 interrupt_handler_common
ffff8000002045e0           2045e0       29    16         ./build/x86_64/hal/x86_64/_x86_64_interrupt_configurator.o:(.text)
ffff8000002045e0           2045e0        0     1                 idtr
ffff8000002045ea           2045ea        0     1                 _load_idt
ffff800000204605           204605        0     1                 _enable_interrupt_all
ffff800000204607           204607        0     1                 _disable_interrupt_all
ffff800000204610           204610        d    16         ./build/x86_64/hal/x86_64/_x86_64_port_io.o:(.text)
ffff800000204610           204610        0     1                 _read
ffff800000204614           204614        0     1                 _write
ffff800000204620           204620       45    16         ./build/x86_64/hal/x86_64/arch_initializer.o:(.text)
ffff800000204620           204620       1b     1                 hal::x86_64::arch_initializer::arch_initializer(hal::x86_64::segment_configurator&)
ffff800000204620           204620       1b     1                 hal::x86_64::arch_initializer::arch_initializer(hal::x86_64::segment_configurator&)
ffff800000204640           204640        6     1                 hal::x86_64::arch_initializer::~arch_initializer()
ffff800000204640           204640        6     1                 hal::x86_64::arch_initializer::~arch_initializer()
ffff800000204650           204650       15     1                 hal::x86_64::arch_initializer::init_architecture()
ffff800000204668           204668        0     4         ./build/x86_64/hal/x86_64/boot.o:(.text)
ffff800000204670           204670      229    16         ./build/x86_64/hal/x86_64/interrupt.o:(.text)
ffff800000204670           204670       17     1                 hal::x86_64::interrupt::interrupt()
ffff800000204670           204670       17     1                 hal::x86_64::interrupt::interrupt()
ffff800000204690           204690        6     1                 hal::x86_64::interrupt::~interrupt()
ffff800000204690           204690        6     1                 hal::x86_64::interrupt::~interrupt()
ffff8000002046a0           2046a0       1a     1                 hal::x86_64::interrupt::init_interrupt()
ffff8000002046c0           2046c0       1a     1                 hal::x86_64::interrupt::load_idt()
ffff8000002046e0           2046e0       35     1                 hal::x86_64::interrupt::register_interrupt(unsigned int, void (*)(void*))
ffff800000204720           204720       11     1                 hal::x86_64::interrupt::enable_interrupt(unsigned int)
ffff800000204740           204740       11     1                 hal::x86_64::interrupt::disable_interrupt(unsigned int)
ffff800000204760           204760       11     1                 hal::x86_64::interrupt::enable_interrupt_all()
ffff800000204780           204780       11     1                 hal::x86_64::interrupt::disable_interrupt_all()
ffff8000002047a0           2047a0       f9     1                 hal::x86_64::interrupt::mask_interrupt(hal::interface::interrupt_mask)
ffff8000002048a0           2048a0       b6    16         ./build/x86_64/hal/x86_64/memory_manager.o:(.text)
ffff8000002048a0           2048a0        6     1                 hal::x86_64::init_memory()
ffff8000002048b0           2048b0       3e     1                 hal::x86_64::memory_manager::init_virtual_memory(unsigned long)
ffff8000002048f0           2048f0        6     1                 hal::x86_64::memory_manager::map_virtual_memory(kernel::process*, unsigned long, unsigned long, unsigned long)
ffff800000204900           204900        6     1                 hal::x86_64::memory_manager::map_page(hal::x86_64::page_table&, unsigned long, unsigned long)
ffff800000204910           204910       3b     1                 hal::x86_64::acquire_page_table(hal::x86_64::page_table&, unsigned long)
ffff800000204950           204950        6     1                 hal::x86_64::memory_manager::unmap_virtual_memory(kernel::process*, unsigned long, unsigned long)
ffff800000204960           204960       8d    16         ./build/x86_64/hal/x86_64/paging.o:(.text)
ffff800000204960           204960       18     1                 hal::x86_64::page_table::page_table()
ffff800000204960           204960       18     1                 hal::x86_64::page_table::page_table()
ffff800000204980           204980       18     1                 hal::x86_64::page_table::init()
ffff8000002049a0           2049a0        6     1                 hal::x86_64::page_table::~page_table()
ffff8000002049a0           2049a0        6     1                 hal::x86_64::page_table::~page_table()
ffff8000002049b0           2049b0       22     1                 hal::x86_64::page_table::page_to_physical_address(unsigned short)
ffff8000002049e0           2049e0        d     1                 hal::x86_64::page_table::is_present(unsigned short)
ffff8000002049f0           2049f0       eb    16         ./build/x86_64/hal/x86_64/pic.o:(.text)
ffff8000002049f0           2049f0        9     1                 hal::x86_64::pic::pic(hal::interface::port_io&)
ffff8000002049f0           2049f0        9     1                 hal::x86_64::pic::pic(hal::interface::port_io&)
ffff800000204a00           204a00        6     1                 hal::x86_64::pic::~pic()
ffff800000204a00           204a00        6     1                 hal::x86_64::pic::~pic()
ffff800000204a10           204a10       aa     1                 hal::x86_64::pic::init_pic()
ffff800000204ac0           204ac0       1b     1                 hal::x86_64::pic::end_of_interrupt_pic()
ffff800000204ae0           204ae0      289    16         ./build/x86_64/hal/x86_64/pit_timer.o:(.text)
ffff800000204ae0           204ae0       49     1                 hal::x86_64::pit_timer::pit_timer(hal::interface::port_io&)
ffff800000204ae0           204ae0       49     1                 hal::x86_64::pit_timer::pit_timer(hal::interface::port_io&)
ffff800000204b30           204b30       26     1                 hal::x86_64::pit_timer::~pit_timer()
ffff800000204b30           204b30       26     1                 hal::x86_64::pit_timer::~pit_timer()
ffff800000204b60           204b60       5e     1                 hal::x86_64::pit_timer::init_timer()
ffff800000204bc0           204bc0       54     1                 hal::x86_64::pit_timer::configure_timer(unsigned short)
ffff800000204c20           204c20      12f     1                 hal::x86_64::pit_timer::handle(void*)
ffff800000204d50           204d50        a     1                 hal::x86_64::pit_timer::clock()
ffff800000204d60           204d60        9     1                 hal::x86_64::pit_timer::get_tick()
ffff800000204d70           204d70       35    16         ./build/x86_64/hal/x86_64/port_io.o:(.text)
ffff800000204d70           204d70       13     1                 hal::x86_64::port_io::read(unsigned short)
ffff800000204d90           204d90       15     1                 hal::x86_64::port_io::write(unsigned short, unsigned char)
ffff800000204db0           204db0       86    16         ./build/x86_64/hal/x86_64/process_manager.o:(.text)
ffff800000204db0           204db0       17     1                 hal::x86_64::process_manager::process_manager()
ffff800000204db0           204db0       17     1                 hal::x86_64::process_manager::process_manager()
ffff800000204dd0           204dd0        6     1                 hal::x86_64::process_manager::~process_manager()
ffff800000204dd0           204dd0        6     1                 hal::x86_64::process_manager::~process_manager()
ffff800000204de0           204de0       1f     1                 hal::x86_64::process_manager::switch_context(kernel::process*, kernel::process*)
ffff800000204e00           204e00       2b     1                 hal::x86_64::process_manager::create_process(kernel::process*, unsigned long)
ffff800000204e30           204e30        6     1                 hal::x86_64::process_manager::delete_process(kernel::process*)
ffff800000204e40           204e40       93    16         ./build/x86_64/hal/x86_64/segment_configurator.o:(.text)
ffff800000204e40           204e40        6     1                 hal::x86_64::segment_configurator::segment_configurator()
ffff800000204e40           204e40        6     1                 hal::x86_64::segment_configurator::segment_configurator()
ffff800000204e50           204e50        6     1                 hal::x86_64::segment_configurator::~segment_configurator()
ffff800000204e50           204e50        6     1                 hal::x86_64::segment_configurator::~segment_configurator()
ffff800000204e60           204e60       31     1                 hal::x86_64::segment_configurator::init_gdt()
ffff800000204ea0           204ea0       20     1                 hal::x86_64::segment_configurator::load_gdt()
ffff800000204ec0           204ec0       13     1                 hal::x86_64::segment_configurator::load_segment_register(unsigned short)
ffff800000204ee0           204ee0      20e    16         ./build/x86_64/hal/x86_64/serial.o:(.text)
ffff800000204ee0           204ee0       1b     1                 hal::x86_64::serial::serial(hal::interface::port_io&)
ffff800000204ee0           204ee0       1b     1                 hal::x86_64::serial::serial(hal::interface::port_io&)
ffff800000204f00           204f00        6     1                 hal::x86_64::serial::~serial()
ffff800000204f00           204f00        6     1                 hal::x86_64::serial::~serial()
ffff800000204f10           204f10       98     1                 hal::x86_64::serial::init_serial(unsigned int)
ffff800000204fb0           204fb0       39     1                 hal::x86_64::serial::read_serial()
ffff800000204ff0           204ff0       19     1                 hal::x86_64::serial::is_received()
ffff800000205010           205010       3c     1                 hal::x86_64::serial::write_serial(char)
ffff800000205050           205050       19     1                 hal::x86_64::serial::is_empty()
ffff800000205070           205070       5f     1                 hal::x86_64::serial::write_string_serial(char*)
ffff8000002050d0           2050d0       1e     1                 hal::x86_64::serial::strlen(char const*)
ffff8000002050f0           2050f0      b48    16 .rodata
ffff8000002050f0           2050f0      108     8         ./build/x86_64/kernel/print.o:(.rodata)
ffff8000002051f8           2051f8       18     8         ./build/x86_64/hal/x86_64/arch_initializer.o:(.rodata)
ffff8000002051f8           2051f8       18     1                 vtable for hal::x86_64::arch_initializer
ffff800000205210           205210       48     8         ./build/x86_64/hal/x86_64/interrupt.o:(.rodata)
ffff800000205210           205210       48     1                 vtable for hal::x86_64::interrupt
ffff800000205258           205258       30     8         ./build/x86_64/hal/x86_64/pit_timer.o:(.rodata)
ffff800000205258           205258       30     1                 vtable for hal::x86_64::pit_timer
ffff800000205288           205288       20     8         ./build/x86_64/hal/x86_64/port_io.o:(.rodata)
ffff800000205288           205288       20     1                 vtable for hal::x86_64::port_io
ffff8000002052a8           2052a8       28     8         ./build/x86_64/hal/x86_64/process_manager.o:(.rodata)
ffff8000002052a8           2052a8       28     1                 vtable for hal::x86_64::process_manager
ffff8000002052d0           2052d0       30     8         ./build/x86_64/hal/x86_64/serial.o:(.rodata)
ffff8000002052d0           2052d0       30     1                 vtable for hal::x86_64::serial
ffff800000205300           205300      8e7     1         <internal>:(.rodata)
ffff800000205bf0           205bf0       20    16         <internal>:(.rodata)
ffff800000205c10           205c10       28    16         ./build/x86_64/hal/x86_64/segment_configurator.o:(.rodata._ZN3hal6x86_6420segment_configurator3gdtE)
ffff800000205c10           205c10       28     1                 hal::x86_64::segment_configurator::gdt
ffff800000205c38           205c38        0     1 .data
ffff800000205c38           205c38    163c8     8 .bss
          205c38     800000205c38        0     1         __bss_start = . - KERNEL_VMA
ffff800000205c38           205c38       10     8         ./build/x86_64/kernel/logger.o:(.bss)
ffff800000205c38           205c38        4     1                 kernel::utility::logger::log_id
ffff800000205c40           205c40        8     1                 kernel::utility::logger::this_logger
ffff800000205c48           205c48        8     8         ./build/x86_64/kernel/main.o:(.bss)
ffff800000205c48           205c48        8     1                 timer
ffff800000205c50           205c50        8     8         ./build/x86_64/hal/x86_64/pit_timer.o:(.bss)
ffff800000205c50           205c50        8     1                 hal::x86_64::pit_timer::this_timer
          205c58     800000205c58        0     1         __bss_end = . - KERNEL_VMA
          205c58     800000205c58      3a8     1         . = ALIGN ( 0x1000 )
          206000     800000206000        0     1         __kernel_pml4 = . - KERNEL_VMA
          206000     800000206000     1000     1         . += 0x1000
          207000     800000207000        0     1         . = ALIGN ( 0x1000 )
          207000     800000207000        0     1         __kernel_pdpt = . - KERNEL_VMA
          207000     800000207000     1000     1         . += 0x1000
          208000     800000208000        0     1         . = ALIGN ( 0x1000 )
          208000     800000208000        0     1         __kernel_pd = . - KERNEL_VMA
          208000     800000208000     4000     1         . += 4 * 512 * 8
          20c000     80000020c000        0     1         . = ALIGN ( 0x1000 )
          20c000     80000020c000        0     1         __boot_stack_start = . - KERNEL_VMA
          20c000     80000020c000    10000     1         . += 0x1000 * 16
          21c000     80000021c000        0     1         __boot_stack_end = . - KERNEL_VMA
          21c000     80000021c000        0     1         . = ALIGN ( 0x1000 )
          21c000     80000021c000        0     1         __kernel_end = . - KERNEL_VMA
               0                0     2d6d     1 .debug_str
               0                0     2d6d     1         <internal>:(.debug_str)
               0                0     5aa4     1 .debug_loc
               0                0      3b3     1         ./build/x86_64/kernel/include/library/string.o:(.debug_loc)
             3b3              3b3      40e     1         ./build/x86_64/kernel/logger.o:(.debug_loc)
             7c1              7c1      481     1         ./build/x86_64/kernel/main.o:(.debug_loc)
             c42              c42     10be     1         ./build/x86_64/kernel/memory_manager.o:(.debug_loc)
            1d00             1d00       6c     1         ./build/x86_64/kernel/new.o:(.debug_loc)
            1d6c             1d6c     32db     1         ./build/x86_64/kernel/print.o:(.debug_loc)
            5047             5047       c2     1         ./build/x86_64/kernel/process_manager.o:(.debug_loc)
            5109             5109       23     1         ./build/x86_64/hal/x86_64/arch_initializer.o:(.debug_loc)
            512c             512c       c9     1         ./build/x86_64/hal/x86_64/boot.o:(.debug_loc)
            51f5             51f5      13d     1         ./build/x86_64/hal/x86_64/interrupt.o:(.debug_loc)
            5332             5332       ec     1         ./build/x86_64/hal/x86_64/memory_manager.o:(.debug_loc)
            541e             541e       69     1         ./build/x86_64/hal/x86_64/paging.o:(.debug_loc)
            5487             5487       59     1         ./build/x86_64/hal/x86_64/pic.o:(.debug_loc)
            54e0             54e0      174     1         ./build/x86_64/hal/x86_64/pit_timer.o:(.debug_loc)
            5654             5654       a2     1         ./build/x86_64/hal/x86_64/port_io.o:(.debug_loc)
            56f6             56f6       8c     1         ./build/x86_64/hal/x86_64/process_manager.o:(.debug_loc)
            5782             5782       9f     1         ./build/x86_64/hal/x86_64/segment_configurator.o:(.debug_loc)
            5821             5821      283     1         ./build/x86_64/hal/x86_64/serial.o:(.debug_loc)
               0                0     2042     1 .debug_abbrev
               0                0       9b     1         ./build/x86_64/kernel/include/library/string.o:(.debug_abbrev)
              9b               9b      204     1         ./build/x86_64/kernel/logger.o:(.debug_abbrev)
             29f              29f      2cd     1         ./build/x86_64/kernel/main.o:(.debug_abbrev)
             56c              56c      256     1         ./build/x86_64/kernel/memory_manager.o:(.debug_abbrev)
             7c2              7c2       81     1         ./build/x86_64/kernel/new.o:(.debug_abbrev)
             843              843      2a8     1         ./build/x86_64/kernel/print.o:(.debug_abbrev)
             aeb              aeb       c5     1         ./build/x86_64/kernel/process.o:(.debug_abbrev)
             bb0              bb0      139     1         ./build/x86_64/kernel/process_manager.o:(.debug_abbrev)
             ce9              ce9       af     1         ./build/x86_64/kernel/scheduler.o:(.debug_abbrev)
             d98              d98      19c     1         ./build/x86_64/hal/x86_64/arch_initializer.o:(.debug_abbrev)
             f34              f34       70     1         ./build/x86_64/hal/x86_64/boot.o:(.debug_abbrev)
             fa4              fa4      250     1         ./build/x86_64/hal/x86_64/interrupt.o:(.debug_abbrev)
            11f4             11f4      245     1         ./build/x86_64/hal/x86_64/memory_manager.o:(.debug_abbrev)
            1439             1439      1f8     1         ./build/x86_64/hal/x86_64/paging.o:(.debug_abbrev)
            1631             1631      148     1         ./build/x86_64/hal/x86_64/pic.o:(.debug_abbrev)
            1779             1779      243     1         ./build/x86_64/hal/x86_64/pit_timer.o:(.debug_abbrev)
            19bc             19bc      102     1         ./build/x86_64/hal/x86_64/port_io.o:(.debug_abbrev)
            1abe             1abe      197     1         ./build/x86_64/hal/x86_64/process_manager.o:(.debug_abbrev)
            1c55             1c55      1b5     1         ./build/x86_64/hal/x86_64/segment_configurator.o:(.debug_abbrev)
            1e0a             1e0a      238     1         ./build/x86_64/hal/x86_64/serial.o:(.debug_abbrev)
               0                0     6d7a     1 .debug_info
               0                0      214     1         ./build/x86_64/kernel/include/library/string.o:(.debug_info)
             214              214      941     1         ./build/x86_64/kernel/logger.o:(.debug_info)
             b55              b55      dd3     1         ./build/x86_64/kernel/main.o:(.debug_info)
            1928             1928      d2d     1         ./build/x86_64/kernel/memory_manager.o:(.debug_info)
            2655             2655      11a     1         ./build/x86_64/kernel/new.o:(.debug_info)
            276f             276f     1b8b     1         ./build/x86_64/kernel/print.o:(.debug_info)
            42fa             42fa      162     1         ./build/x86_64/kernel/process.o:(.debug_info)
            445c             445c      2e3     1         ./build/x86_64/kernel/process_manager.o:(.debug_info)
            473f             473f       f5     1         ./build/x86_64/kernel/scheduler.o:(.debug_info)
            4834             4834      234     1         ./build/x86_64/hal/x86_64/arch_initializer.o:(.debug_info)
            4a68             4a68       df     1         ./build/x86_64/hal/x86_64/boot.o:(.debug_info)
            4b47             4b47      67e     1         ./build/x86_64/hal/x86_64/interrupt.o:(.debug_info)
            51c5             51c5      530     1         ./build/x86_64/hal/x86_64/memory_manager.o:(.debug_info)
            56f5             56f5      333     1         ./build/x86_64/hal/x86_64/paging.o:(.debug_info)
            5a28             5a28      204     1         ./build/x86_64/hal/x86_64/pic.o:(.debug_info)
            5c2c             5c2c      426     1         ./build/x86_64/hal/x86_64/pit_timer.o:(.debug_info)
            6052             6052      178     1         ./build/x86_64/hal/x86_64/port_io.o:(.debug_info)
            61ca             61ca      39a     1         ./build/x86_64/hal/x86_64/process_manager.o:(.debug_info)
            6564             6564      2ad     1         ./build/x86_64/hal/x86_64/segment_configurator.o:(.debug_info)
            6811             6811      569     1         ./build/x86_64/hal/x86_64/serial.o:(.debug_info)
               0                0       33     1 .comment
               0                0       33     1         <internal>:(.comment)
               0                0     1508     8 .debug_frame
               0                0       c0     8         ./build/x86_64/kernel/include/library/string.o:(.debug_frame)
              c0               c0      1e0     8         ./build/x86_64/kernel/logger.o:(.debug_frame)
             2a0              2a0       78     8         ./build/x86_64/kernel/main.o:(.debug_frame)
             318              318      230     8         ./build/x86_64/kernel/memory_manager.o:(.debug_frame)
             548              548       b8     8         ./build/x86_64/kernel/new.o:(.debug_frame)
             600              600      2d8     8         ./build/x86_64/kernel/print.o:(.debug_frame)
             8d8              8d8       68     8         ./build/x86_64/kernel/process.o:(.debug_frame)
             940              940      108     8         ./build/x86_64/kernel/process_manager.o:(.debug_frame)
             a48              a48       88     8         ./build/x86_64/kernel/scheduler.o:(.debug_frame)
             ad0              ad0       90     8         ./build/x86_64/hal/x86_64/arch_initializer.o:(.debug_frame)
             b60              b60       30     8         ./build/x86_64/hal/x86_64/boot.o:(.debug_frame)
             b90              b90      1a8     8         ./build/x86_64/hal/x86_64/interrupt.o:(.debug_frame)
             d38              d38      110     8         ./build/x86_64/hal/x86_64/memory_manager.o:(.debug_frame)
             e48              e48       e0     8         ./build/x86_64/hal/x86_64/paging.o:(.debug_frame)
             f28              f28       b8     8         ./build/x86_64/hal/x86_64/pic.o:(.debug_frame)
             fe0              fe0      170     8         ./build/x86_64/hal/x86_64/pit_timer.o:(.debug_frame)
            1150             1150       68     8         ./build/x86_64/hal/x86_64/port_io.o:(.debug_frame)
            11b8             11b8       e0     8         ./build/x86_64/hal/x86_64/process_manager.o:(.debug_frame)
            1298             1298       e0     8         ./build/x86_64/hal/x86_64/segment_configurator.o:(.debug_frame)
            1378             1378      190     8         ./build/x86_64/hal/x86_64/serial.o:(.debug_frame)
               0                0     3028     1 .debug_line
               0                0      1fb     1         ./build/x86_64/kernel/include/library/string.o:(.debug_line)
             1fb              1fb      21d     1         ./build/x86_64/kernel/logger.o:(.debug_line)
             418              418      310     1         ./build/x86_64/kernel/main.o:(.debug_line)
             728              728      53e     1         ./build/x86_64/kernel/memory_manager.o:(.debug_line)
             c66              c66       94     1         ./build/x86_64/kernel/new.o:(.debug_line)
             cfa              cfa     144d     1         ./build/x86_64/kernel/print.o:(.debug_line)
            2147             2147       b0     1         ./build/x86_64/kernel/process.o:(.debug_line)
            21f7             21f7       f7     1         ./build/x86_64/kernel/process_manager.o:(.debug_line)
            22ee             22ee       74     1         ./build/x86_64/kernel/scheduler.o:(.debug_line)
            2362             2362      124     1         ./build/x86_64/hal/x86_64/arch_initializer.o:(.debug_line)
            2486             2486       c0     1         ./build/x86_64/hal/x86_64/boot.o:(.debug_line)
            2546             2546      19d     1         ./build/x86_64/hal/x86_64/interrupt.o:(.debug_line)
            26e3             26e3      131     1         ./build/x86_64/hal/x86_64/memory_manager.o:(.debug_line)
            2814             2814      110     1         ./build/x86_64/hal/x86_64/paging.o:(.debug_line)
            2924             2924       fd     1         ./build/x86_64/hal/x86_64/pic.o:(.debug_line)
            2a21             2a21      154     1         ./build/x86_64/hal/x86_64/pit_timer.o:(.debug_line)
            2b75             2b75       af     1         ./build/x86_64/hal/x86_64/port_io.o:(.debug_line)
            2c24             2c24      144     1         ./build/x86_64/hal/x86_64/process_manager.o:(.debug_line)
            2d68             2d68       e7     1         ./build/x86_64/hal/x86_64/segment_configurator.o:(.debug_line)
            2e4f             2e4f      1d9     1         ./build/x86_64/hal/x86_64/serial.o:(.debug_line)
               0                0      e70     1 .debug_ranges
               0                0       30     1         ./build/x86_64/kernel/main.o:(.debug_ranges)
              30               30      200     1         ./build/x86_64/kernel/memory_manager.o:(.debug_ranges)
             230              230      c40     1         ./build/x86_64/kernel/print.o:(.debug_ranges)
               0                0     13f8     8 .symtab
               0                0     13f8     8         <internal>:(.symtab)
               0                0       9a     1 .shstrtab
               0                0       9a     1         <internal>:(.shstrtab)
               0                0     1bdb     1 .strtab
               0                0     1bdb     1         <internal>:(.strtab)
