             VMA              LMA     Size Align Out     In      Symbol
               0                0        0     1 KERNEL_VMA = 0xFFFF800000000000
               0                0        0     1 KERNEL_LMA = 0x200000
               0                0   200000     1 . = KERNEL_LMA
          200000           200000      13d    16 .boot
          200000           200000       90    16         ./build/x86_64/hal/x86_64/_boot.o:(.boot)
          200000           200000        0     1                 _boot_kernel_gateway
          200022           200022        0     1                 _boot_gdtr
          20002c           20002c        0     1                 boot_gdt
          20004c           20004c        0     1                 boot_gdt_end
          20004c           20004c        0     1                 _load_segment_register
          200058           200058        0     1                 _load_segment_register.reload_cs
          200067           200067        0     1                 _boot_lower_half
          200090           200090       ad    16         ./build/x86_64/hal/x86_64/boot.o:(.boot)
          200090           200090       ad     1                 init_page_table
          20013d           20013d      ec3     1 . = KERNEL_VMA + KERNEL_LMA + 0x1000
ffff800000201000           201000     3f7e    16 .text
          201000     800000201000        0     1         __kernel_start = . - KERNEL_VMA
ffff800000201000           201000      366    16         ./build/x86_64/kernel/include/library/string.o:(.text)
ffff800000201000           201000      13f     1                 std::memset(void*, char, unsigned long)
ffff800000201140           201140      1ae     1                 std::memcpy(void*, void const*, unsigned long)
ffff8000002012f0           2012f0       36     1                 std::strcpy(char*, char const*)
ffff800000201330           201330       36     1                 std::strcmp(char const*, char const*)
ffff800000201370           201370      5f1    16         ./build/x86_64/kernel/logger.o:(.text)
ffff800000201370           201370       43     1                 kernel::utility::logger::logger(hal::interface::serial&)
ffff800000201370           201370       43     1                 kernel::utility::logger::logger(hal::interface::serial&)
ffff8000002013c0           2013c0       c2     1                 kernel::utility::logger::log(char const*, char const*)
ffff800000201490           201490       53     1                 kernel::utility::logger::print_log_id(char const*)
ffff8000002014f0           2014f0       3e     1                 kernel::utility::logger::print_sender(char const*, char const*)
ffff800000201530           201530       2a     1                 kernel::utility::logger::print_splitter()
ffff800000201560           201560      15a     1                 kernel::utility::logger::debug(char const*, ...)
ffff8000002016c0           2016c0       c2     1                 kernel::utility::logger::error(char const*)
ffff800000201790           201790      13d     1                 kernel::utility::logger::printk(char const*, ...)
ffff8000002018d0           2018d0       2a     1                 kernel::utility::logger::split()
ffff800000201900           201900       61     1                 kernel::utility::logger::a9nout()
ffff800000201970           201970      56a    16         ./build/x86_64/kernel/main.o:(.text)
ffff800000201970           201970      484     1                 kernel_entry
ffff800000201e00           201e00       da     1                 kernel_main()
ffff800000201ee0           201ee0      776    16         ./build/x86_64/kernel/memory_manager.o:(.text)
ffff800000201ee0           201ee0       18     1                 kernel::memory_manager::memory_manager(memory_info const&)
ffff800000201ee0           201ee0       18     1                 kernel::memory_manager::memory_manager(memory_info const&)
ffff800000201f00           201f00       11     1                 kernel::memory_manager::init(memory_info const&)
ffff800000201f20           201f20      25f     1                 kernel::memory_manager::init_memory_block(memory_info const&)
ffff800000202180           202180       9d     1                 kernel::memory_manager::init_memory_frame(kernel::memory_block&)
ffff800000202220           202220       c4     1                 kernel::memory_manager::print_memory_block_info(kernel::memory_block&)
ffff8000002022f0           2022f0      14c     1                 kernel::memory_manager::allocate_physical_memory(unsigned long, kernel::process*)
ffff800000202440           202440       16     1                 kernel::memory_manager::align_size(unsigned long, unsigned short)
ffff800000202460           202460       52     1                 kernel::memory_manager::find_free_frames(kernel::memory_block&, unsigned long, unsigned long&)
ffff8000002024c0           2024c0       60     1                 kernel::memory_manager::configure_memory_frames(kernel::memory_frame*, unsigned long, kernel::process*, bool)
ffff800000202520           202520       4e     1                 kernel::memory_manager::find_frames(kernel::memory_block&, unsigned long, unsigned long&, bool)
ffff800000202570           202570       c3     1                 kernel::memory_manager::deallocate_physical_memory(unsigned long, unsigned long)
ffff800000202640           202640       16     1                 kernel::memory_manager::align_physical_address(unsigned long, unsigned short)
ffff800000202660           202660       36    16         ./build/x86_64/kernel/new.o:(.text)
ffff800000202660           202660        9     1                 operator new(unsigned long, void*)
ffff800000202670           202670        9     1                 operator new[](unsigned long, void*)
ffff800000202680           202680        6     1                 operator delete(void*, void*)
ffff800000202690           202690        6     1                 operator delete[](void*, void*)
ffff8000002026a0           2026a0     1c04    16         ./build/x86_64/kernel/print.o:(.text)
ffff8000002026a0           2026a0        9     1                 kernel::utility::print::print(hal::interface::serial&)
ffff8000002026a0           2026a0        9     1                 kernel::utility::print::print(hal::interface::serial&)
ffff8000002026b0           2026b0      124     1                 kernel::utility::print::printf(char const*, ...)
ffff8000002027e0           2027e0       94     1                 kernel::utility::print::vsprintf(char*, char const*, __va_list_tag*)
ffff800000202880           202880       c3     1                 kernel::utility::print::vprintf(char const*, __va_list_tag*)
ffff800000202950           202950      107     1                 kernel::utility::print::sprintf(char*, char const*, ...)
ffff800000202a60           202a60     10d4     1                 kernel::utility::print::process_format(char**, char const**, __va_list_tag*)
ffff800000203b40           203b40       14     1                 kernel::utility::print::write_char(char**, char)
ffff800000203b60           203b60      104     1                 kernel::utility::print::write_int(char**, int, int, bool)
ffff800000203c70           203c70      114     1                 kernel::utility::print::write_int_ll(char**, long long, int, bool)
ffff800000203d90           203d90       e4     1                 kernel::utility::print::write_hex_ll(char**, unsigned long long, int, bool, bool)
ffff800000203e80           203e80       e4     1                 kernel::utility::print::write_hex(char**, unsigned int, int, bool, bool)
ffff800000203f70           203f70       82     1                 kernel::utility::print::write_string(char**, char*, int)
ffff800000204000           204000       ae     1                 kernel::utility::print::write_pointer(char**, void const*)
ffff8000002040b0           2040b0       f4     1                 kernel::utility::print::write_uint(char**, unsigned int, int, bool)
ffff8000002041b0           2041b0       f4     1                 kernel::utility::print::write_uint_ll(char**, unsigned long long, int, bool)
ffff8000002042b0           2042b0       16    16         ./build/x86_64/kernel/process.o:(.text)
ffff8000002042b0           2042b0        6     1                 kernel::process::process()
ffff8000002042b0           2042b0        6     1                 kernel::process::process()
ffff8000002042c0           2042c0        6     1                 kernel::process::~process()
ffff8000002042c0           2042c0        6     1                 kernel::process::~process()
ffff8000002042d0           2042d0       93    16         ./build/x86_64/kernel/process_manager.o:(.text)
ffff8000002042d0           2042d0       1c     1                 kernel::process_manager::process_manager(hal::interface::process_manager&, hal::interface::interrupt&)
ffff8000002042d0           2042d0       1c     1                 kernel::process_manager::process_manager(hal::interface::process_manager&, hal::interface::interrupt&)
ffff8000002042f0           2042f0       15     1                 kernel::process_manager::~process_manager()
ffff8000002042f0           2042f0       15     1                 kernel::process_manager::~process_manager()
ffff800000204310           204310        6     1                 kernel::process_manager::init_process()
ffff800000204320           204320        6     1                 kernel::process_manager::create_process(char const*, unsigned long)
ffff800000204330           204330        6     1                 kernel::process_manager::delete_process(int)
ffff800000204340           204340       23     1                 kernel::process_manager::switch_context()
ffff800000204370           204370       24    16         ./build/x86_64/kernel/scheduler.o:(.text)
ffff800000204370           204370        6     1                 kernel::scheduler::scheduler()
ffff800000204370           204370        6     1                 kernel::scheduler::scheduler()
ffff800000204380           204380        6     1                 kernel::scheduler::~scheduler()
ffff800000204380           204380        6     1                 kernel::scheduler::~scheduler()
ffff800000204390           204390        4     1                 kernel::schedule_next_process()
ffff8000002043a0           2043a0       1e    16         ./build/x86_64/hal/x86_64/_boot.o:(.text)
ffff8000002043a0           2043a0        0     1                 _boot_higher_half
ffff8000002043ba           2043ba        0     1                 none
ffff8000002043c0           2043c0        a    16         ./build/x86_64/hal/x86_64/_paging.o:(.text)
ffff8000002043c0           2043c0        0     1                 _load_cr3
ffff8000002043c4           2043c4        0     1                 _flush_tlb
ffff8000002043d0           2043d0       3a    16         ./build/x86_64/hal/x86_64/_segment_configurator.o:(.text)
ffff8000002043d0           2043d0        0     1                 gdtr
ffff8000002043da           2043da        0     1                 _load_gdt
ffff8000002043f0           2043f0        0     1                 _load_segment_register
ffff8000002043fb           2043fb        0     1                 _load_segment_register.reload_cs
ffff800000204410           204410       1d    16         ./build/x86_64/hal/x86_64/_x86_64_context_switch.o:(.text)
ffff800000204410           204410        0     1                 _switch_context
ffff800000204430           204430       31    16         ./build/x86_64/hal/x86_64/_x86_64_interrupt.o:(.text)
ffff800000204430           204430        0     1                 interrupt_handler_common
ffff800000204470           204470       29    16         ./build/x86_64/hal/x86_64/_x86_64_interrupt_configurator.o:(.text)
ffff800000204470           204470        0     1                 idtr
ffff80000020447a           20447a        0     1                 _load_idt
ffff800000204495           204495        0     1                 _enable_interrupt_all
ffff800000204497           204497        0     1                 _disable_interrupt_all
ffff8000002044a0           2044a0        d    16         ./build/x86_64/hal/x86_64/_x86_64_port_io.o:(.text)
ffff8000002044a0           2044a0        0     1                 _read
ffff8000002044a4           2044a4        0     1                 _write
ffff8000002044b0           2044b0       45    16         ./build/x86_64/hal/x86_64/arch_initializer.o:(.text)
ffff8000002044b0           2044b0       1b     1                 hal::x86_64::arch_initializer::arch_initializer(hal::x86_64::segment_configurator&)
ffff8000002044b0           2044b0       1b     1                 hal::x86_64::arch_initializer::arch_initializer(hal::x86_64::segment_configurator&)
ffff8000002044d0           2044d0        6     1                 hal::x86_64::arch_initializer::~arch_initializer()
ffff8000002044d0           2044d0        6     1                 hal::x86_64::arch_initializer::~arch_initializer()
ffff8000002044e0           2044e0       15     1                 hal::x86_64::arch_initializer::init_architecture()
ffff8000002044f8           2044f8        0     4         ./build/x86_64/hal/x86_64/boot.o:(.text)
ffff800000204500           204500      229    16         ./build/x86_64/hal/x86_64/interrupt.o:(.text)
ffff800000204500           204500       17     1                 hal::x86_64::interrupt::interrupt()
ffff800000204500           204500       17     1                 hal::x86_64::interrupt::interrupt()
ffff800000204520           204520        6     1                 hal::x86_64::interrupt::~interrupt()
ffff800000204520           204520        6     1                 hal::x86_64::interrupt::~interrupt()
ffff800000204530           204530       1a     1                 hal::x86_64::interrupt::init_interrupt()
ffff800000204550           204550       1a     1                 hal::x86_64::interrupt::load_idt()
ffff800000204570           204570       35     1                 hal::x86_64::interrupt::register_interrupt(unsigned int, void (*)(void*))
ffff8000002045b0           2045b0       11     1                 hal::x86_64::interrupt::enable_interrupt(unsigned int)
ffff8000002045d0           2045d0       11     1                 hal::x86_64::interrupt::disable_interrupt(unsigned int)
ffff8000002045f0           2045f0       11     1                 hal::x86_64::interrupt::enable_interrupt_all()
ffff800000204610           204610       11     1                 hal::x86_64::interrupt::disable_interrupt_all()
ffff800000204630           204630       f9     1                 hal::x86_64::interrupt::mask_interrupt(hal::interface::interrupt_mask)
ffff800000204730           204730       b6    16         ./build/x86_64/hal/x86_64/memory_manager.o:(.text)
ffff800000204730           204730        6     1                 hal::x86_64::init_memory()
ffff800000204740           204740       3e     1                 hal::x86_64::memory_manager::init_virtual_memory(unsigned long)
ffff800000204780           204780        6     1                 hal::x86_64::memory_manager::map_virtual_memory(kernel::process*, unsigned long, unsigned long, unsigned long)
ffff800000204790           204790        6     1                 hal::x86_64::memory_manager::map_page(hal::x86_64::page_table&, unsigned long, unsigned long)
ffff8000002047a0           2047a0       3b     1                 hal::x86_64::acquire_page_table(hal::x86_64::page_table&, unsigned long)
ffff8000002047e0           2047e0        6     1                 hal::x86_64::memory_manager::unmap_virtual_memory(kernel::process*, unsigned long, unsigned long)
ffff8000002047f0           2047f0       8d    16         ./build/x86_64/hal/x86_64/paging.o:(.text)
ffff8000002047f0           2047f0       18     1                 hal::x86_64::page_table::page_table()
ffff8000002047f0           2047f0       18     1                 hal::x86_64::page_table::page_table()
ffff800000204810           204810       18     1                 hal::x86_64::page_table::init()
ffff800000204830           204830        6     1                 hal::x86_64::page_table::~page_table()
ffff800000204830           204830        6     1                 hal::x86_64::page_table::~page_table()
ffff800000204840           204840       22     1                 hal::x86_64::page_table::page_to_physical_address(unsigned short)
ffff800000204870           204870        d     1                 hal::x86_64::page_table::is_present(unsigned short)
ffff800000204880           204880       eb    16         ./build/x86_64/hal/x86_64/pic.o:(.text)
ffff800000204880           204880        9     1                 hal::x86_64::pic::pic(hal::interface::port_io&)
ffff800000204880           204880        9     1                 hal::x86_64::pic::pic(hal::interface::port_io&)
ffff800000204890           204890        6     1                 hal::x86_64::pic::~pic()
ffff800000204890           204890        6     1                 hal::x86_64::pic::~pic()
ffff8000002048a0           2048a0       aa     1                 hal::x86_64::pic::init_pic()
ffff800000204950           204950       1b     1                 hal::x86_64::pic::end_of_interrupt_pic()
ffff800000204970           204970      289    16         ./build/x86_64/hal/x86_64/pit_timer.o:(.text)
ffff800000204970           204970       49     1                 hal::x86_64::pit_timer::pit_timer(hal::interface::port_io&)
ffff800000204970           204970       49     1                 hal::x86_64::pit_timer::pit_timer(hal::interface::port_io&)
ffff8000002049c0           2049c0       26     1                 hal::x86_64::pit_timer::~pit_timer()
ffff8000002049c0           2049c0       26     1                 hal::x86_64::pit_timer::~pit_timer()
ffff8000002049f0           2049f0       5e     1                 hal::x86_64::pit_timer::init_timer()
ffff800000204a50           204a50       54     1                 hal::x86_64::pit_timer::configure_timer(unsigned short)
ffff800000204ab0           204ab0      12f     1                 hal::x86_64::pit_timer::handle(void*)
ffff800000204be0           204be0        a     1                 hal::x86_64::pit_timer::clock()
ffff800000204bf0           204bf0        9     1                 hal::x86_64::pit_timer::get_tick()
ffff800000204c00           204c00       35    16         ./build/x86_64/hal/x86_64/port_io.o:(.text)
ffff800000204c00           204c00       13     1                 hal::x86_64::port_io::read(unsigned short)
ffff800000204c20           204c20       15     1                 hal::x86_64::port_io::write(unsigned short, unsigned char)
ffff800000204c40           204c40       86    16         ./build/x86_64/hal/x86_64/process_manager.o:(.text)
ffff800000204c40           204c40       17     1                 hal::x86_64::process_manager::process_manager()
ffff800000204c40           204c40       17     1                 hal::x86_64::process_manager::process_manager()
ffff800000204c60           204c60        6     1                 hal::x86_64::process_manager::~process_manager()
ffff800000204c60           204c60        6     1                 hal::x86_64::process_manager::~process_manager()
ffff800000204c70           204c70       1f     1                 hal::x86_64::process_manager::switch_context(kernel::process*, kernel::process*)
ffff800000204c90           204c90       2b     1                 hal::x86_64::process_manager::create_process(kernel::process*, unsigned long)
ffff800000204cc0           204cc0        6     1                 hal::x86_64::process_manager::delete_process(kernel::process*)
ffff800000204cd0           204cd0       93    16         ./build/x86_64/hal/x86_64/segment_configurator.o:(.text)
ffff800000204cd0           204cd0        6     1                 hal::x86_64::segment_configurator::segment_configurator()
ffff800000204cd0           204cd0        6     1                 hal::x86_64::segment_configurator::segment_configurator()
ffff800000204ce0           204ce0        6     1                 hal::x86_64::segment_configurator::~segment_configurator()
ffff800000204ce0           204ce0        6     1                 hal::x86_64::segment_configurator::~segment_configurator()
ffff800000204cf0           204cf0       31     1                 hal::x86_64::segment_configurator::init_gdt()
ffff800000204d30           204d30       20     1                 hal::x86_64::segment_configurator::load_gdt()
ffff800000204d50           204d50       13     1                 hal::x86_64::segment_configurator::load_segment_register(unsigned short)
ffff800000204d70           204d70      20e    16         ./build/x86_64/hal/x86_64/serial.o:(.text)
ffff800000204d70           204d70       1b     1                 hal::x86_64::serial::serial(hal::interface::port_io&)
ffff800000204d70           204d70       1b     1                 hal::x86_64::serial::serial(hal::interface::port_io&)
ffff800000204d90           204d90        6     1                 hal::x86_64::serial::~serial()
ffff800000204d90           204d90        6     1                 hal::x86_64::serial::~serial()
ffff800000204da0           204da0       98     1                 hal::x86_64::serial::init_serial(unsigned int)
ffff800000204e40           204e40       39     1                 hal::x86_64::serial::read_serial()
ffff800000204e80           204e80       19     1                 hal::x86_64::serial::is_received()
ffff800000204ea0           204ea0       3c     1                 hal::x86_64::serial::write_serial(char)
ffff800000204ee0           204ee0       19     1                 hal::x86_64::serial::is_empty()
ffff800000204f00           204f00       5f     1                 hal::x86_64::serial::write_string_serial(char*)
ffff800000204f60           204f60       1e     1                 hal::x86_64::serial::strlen(char const*)
ffff800000204f80           204f80      b78    16 .rodata
ffff800000204f80           204f80      108     8         ./build/x86_64/kernel/print.o:(.rodata)
ffff800000205088           205088       18     8         ./build/x86_64/hal/x86_64/arch_initializer.o:(.rodata)
ffff800000205088           205088       18     1                 vtable for hal::x86_64::arch_initializer
ffff8000002050a0           2050a0       48     8         ./build/x86_64/hal/x86_64/interrupt.o:(.rodata)
ffff8000002050a0           2050a0       48     1                 vtable for hal::x86_64::interrupt
ffff8000002050e8           2050e8       30     8         ./build/x86_64/hal/x86_64/pit_timer.o:(.rodata)
ffff8000002050e8           2050e8       30     1                 vtable for hal::x86_64::pit_timer
ffff800000205118           205118       20     8         ./build/x86_64/hal/x86_64/port_io.o:(.rodata)
ffff800000205118           205118       20     1                 vtable for hal::x86_64::port_io
ffff800000205138           205138       28     8         ./build/x86_64/hal/x86_64/process_manager.o:(.rodata)
ffff800000205138           205138       28     1                 vtable for hal::x86_64::process_manager
ffff800000205160           205160       30     8         ./build/x86_64/hal/x86_64/serial.o:(.rodata)
ffff800000205160           205160       30     1                 vtable for hal::x86_64::serial
ffff800000205190           205190      911     1         <internal>:(.rodata)
ffff800000205ab0           205ab0       20    16         <internal>:(.rodata)
ffff800000205ad0           205ad0       28    16         ./build/x86_64/hal/x86_64/segment_configurator.o:(.rodata._ZN3hal6x86_6420segment_configurator3gdtE)
ffff800000205ad0           205ad0       28     1                 hal::x86_64::segment_configurator::gdt
ffff800000205af8           205af8        0     1 .data
ffff800000205af8           205af8    16508     8 .bss
          205af8     800000205af8        0     1         __bss_start = . - KERNEL_VMA
ffff800000205af8           205af8       10     8         ./build/x86_64/kernel/logger.o:(.bss)
ffff800000205af8           205af8        4     1                 kernel::utility::logger::log_id
ffff800000205b00           205b00        8     1                 kernel::utility::logger::this_logger
ffff800000205b08           205b08        8     8         ./build/x86_64/kernel/main.o:(.bss)
ffff800000205b08           205b08        8     1                 timer
ffff800000205b10           205b10        8     8         ./build/x86_64/hal/x86_64/pit_timer.o:(.bss)
ffff800000205b10           205b10        8     1                 hal::x86_64::pit_timer::this_timer
          205b18     800000205b18        0     1         __bss_end = . - KERNEL_VMA
          205b18     800000205b18      4e8     1         . = ALIGN ( 0x1000 )
          206000     800000206000        0     1         __kernel_pml4 = . - KERNEL_VMA
          206000     800000206000     1000     1         . += 0x1000
          207000     800000207000        0     1         . = ALIGN ( 0x1000 )
          207000     800000207000        0     1         __kernel_pdpt = . - KERNEL_VMA
          207000     800000207000     1000     1         . += 0x1000
          208000     800000208000        0     1         . = ALIGN ( 0x1000 )
          208000     800000208000        0     1         __kernel_pd = . - KERNEL_VMA
          208000     800000208000     4000     1         . += 4 * 512 * 8
          20c000     80000020c000        0     1         . = ALIGN ( 0x1000 )
          20c000     80000020c000        0     1         __boot_stack_start = . - KERNEL_VMA
          20c000     80000020c000    10000     1         . += 0x1000 * 16
          21c000     80000021c000        0     1         __boot_stack_end = . - KERNEL_VMA
          21c000     80000021c000        0     1         . = ALIGN ( 0x1000 )
          21c000     80000021c000        0     1         __kernel_end = . - KERNEL_VMA
               0                0     2d55     1 .debug_str
               0                0     2d55     1         <internal>:(.debug_str)
               0                0     598c     1 .debug_loc
               0                0      3b3     1         ./build/x86_64/kernel/include/library/string.o:(.debug_loc)
             3b3              3b3      40e     1         ./build/x86_64/kernel/logger.o:(.debug_loc)
             7c1              7c1      481     1         ./build/x86_64/kernel/main.o:(.debug_loc)
             c42              c42      fa6     1         ./build/x86_64/kernel/memory_manager.o:(.debug_loc)
            1be8             1be8       6c     1         ./build/x86_64/kernel/new.o:(.debug_loc)
            1c54             1c54     32db     1         ./build/x86_64/kernel/print.o:(.debug_loc)
            4f2f             4f2f       c2     1         ./build/x86_64/kernel/process_manager.o:(.debug_loc)
            4ff1             4ff1       23     1         ./build/x86_64/hal/x86_64/arch_initializer.o:(.debug_loc)
            5014             5014       c9     1         ./build/x86_64/hal/x86_64/boot.o:(.debug_loc)
            50dd             50dd      13d     1         ./build/x86_64/hal/x86_64/interrupt.o:(.debug_loc)
            521a             521a       ec     1         ./build/x86_64/hal/x86_64/memory_manager.o:(.debug_loc)
            5306             5306       69     1         ./build/x86_64/hal/x86_64/paging.o:(.debug_loc)
            536f             536f       59     1         ./build/x86_64/hal/x86_64/pic.o:(.debug_loc)
            53c8             53c8      174     1         ./build/x86_64/hal/x86_64/pit_timer.o:(.debug_loc)
            553c             553c       a2     1         ./build/x86_64/hal/x86_64/port_io.o:(.debug_loc)
            55de             55de       8c     1         ./build/x86_64/hal/x86_64/process_manager.o:(.debug_loc)
            566a             566a       9f     1         ./build/x86_64/hal/x86_64/segment_configurator.o:(.debug_loc)
            5709             5709      283     1         ./build/x86_64/hal/x86_64/serial.o:(.debug_loc)
               0                0     203d     1 .debug_abbrev
               0                0       9b     1         ./build/x86_64/kernel/include/library/string.o:(.debug_abbrev)
              9b               9b      204     1         ./build/x86_64/kernel/logger.o:(.debug_abbrev)
             29f              29f      2cd     1         ./build/x86_64/kernel/main.o:(.debug_abbrev)
             56c              56c      251     1         ./build/x86_64/kernel/memory_manager.o:(.debug_abbrev)
             7bd              7bd       81     1         ./build/x86_64/kernel/new.o:(.debug_abbrev)
             83e              83e      2a8     1         ./build/x86_64/kernel/print.o:(.debug_abbrev)
             ae6              ae6       c5     1         ./build/x86_64/kernel/process.o:(.debug_abbrev)
             bab              bab      139     1         ./build/x86_64/kernel/process_manager.o:(.debug_abbrev)
             ce4              ce4       af     1         ./build/x86_64/kernel/scheduler.o:(.debug_abbrev)
             d93              d93      19c     1         ./build/x86_64/hal/x86_64/arch_initializer.o:(.debug_abbrev)
             f2f              f2f       70     1         ./build/x86_64/hal/x86_64/boot.o:(.debug_abbrev)
             f9f              f9f      250     1         ./build/x86_64/hal/x86_64/interrupt.o:(.debug_abbrev)
            11ef             11ef      245     1         ./build/x86_64/hal/x86_64/memory_manager.o:(.debug_abbrev)
            1434             1434      1f8     1         ./build/x86_64/hal/x86_64/paging.o:(.debug_abbrev)
            162c             162c      148     1         ./build/x86_64/hal/x86_64/pic.o:(.debug_abbrev)
            1774             1774      243     1         ./build/x86_64/hal/x86_64/pit_timer.o:(.debug_abbrev)
            19b7             19b7      102     1         ./build/x86_64/hal/x86_64/port_io.o:(.debug_abbrev)
            1ab9             1ab9      197     1         ./build/x86_64/hal/x86_64/process_manager.o:(.debug_abbrev)
            1c50             1c50      1b5     1         ./build/x86_64/hal/x86_64/segment_configurator.o:(.debug_abbrev)
            1e05             1e05      238     1         ./build/x86_64/hal/x86_64/serial.o:(.debug_abbrev)
               0                0     6cb5     1 .debug_info
               0                0      214     1         ./build/x86_64/kernel/include/library/string.o:(.debug_info)
             214              214      941     1         ./build/x86_64/kernel/logger.o:(.debug_info)
             b55              b55      de9     1         ./build/x86_64/kernel/main.o:(.debug_info)
            193e             193e      c52     1         ./build/x86_64/kernel/memory_manager.o:(.debug_info)
            2590             2590      11a     1         ./build/x86_64/kernel/new.o:(.debug_info)
            26aa             26aa     1b8b     1         ./build/x86_64/kernel/print.o:(.debug_info)
            4235             4235      162     1         ./build/x86_64/kernel/process.o:(.debug_info)
            4397             4397      2e3     1         ./build/x86_64/kernel/process_manager.o:(.debug_info)
            467a             467a       f5     1         ./build/x86_64/kernel/scheduler.o:(.debug_info)
            476f             476f      234     1         ./build/x86_64/hal/x86_64/arch_initializer.o:(.debug_info)
            49a3             49a3       df     1         ./build/x86_64/hal/x86_64/boot.o:(.debug_info)
            4a82             4a82      67e     1         ./build/x86_64/hal/x86_64/interrupt.o:(.debug_info)
            5100             5100      530     1         ./build/x86_64/hal/x86_64/memory_manager.o:(.debug_info)
            5630             5630      333     1         ./build/x86_64/hal/x86_64/paging.o:(.debug_info)
            5963             5963      204     1         ./build/x86_64/hal/x86_64/pic.o:(.debug_info)
            5b67             5b67      426     1         ./build/x86_64/hal/x86_64/pit_timer.o:(.debug_info)
            5f8d             5f8d      178     1         ./build/x86_64/hal/x86_64/port_io.o:(.debug_info)
            6105             6105      39a     1         ./build/x86_64/hal/x86_64/process_manager.o:(.debug_info)
            649f             649f      2ad     1         ./build/x86_64/hal/x86_64/segment_configurator.o:(.debug_info)
            674c             674c      569     1         ./build/x86_64/hal/x86_64/serial.o:(.debug_info)
               0                0       33     1 .comment
               0                0       33     1         <internal>:(.comment)
               0                0     1508     8 .debug_frame
               0                0       c0     8         ./build/x86_64/kernel/include/library/string.o:(.debug_frame)
              c0               c0      1e0     8         ./build/x86_64/kernel/logger.o:(.debug_frame)
             2a0              2a0       78     8         ./build/x86_64/kernel/main.o:(.debug_frame)
             318              318      230     8         ./build/x86_64/kernel/memory_manager.o:(.debug_frame)
             548              548       b8     8         ./build/x86_64/kernel/new.o:(.debug_frame)
             600              600      2d8     8         ./build/x86_64/kernel/print.o:(.debug_frame)
             8d8              8d8       68     8         ./build/x86_64/kernel/process.o:(.debug_frame)
             940              940      108     8         ./build/x86_64/kernel/process_manager.o:(.debug_frame)
             a48              a48       88     8         ./build/x86_64/kernel/scheduler.o:(.debug_frame)
             ad0              ad0       90     8         ./build/x86_64/hal/x86_64/arch_initializer.o:(.debug_frame)
             b60              b60       30     8         ./build/x86_64/hal/x86_64/boot.o:(.debug_frame)
             b90              b90      1a8     8         ./build/x86_64/hal/x86_64/interrupt.o:(.debug_frame)
             d38              d38      110     8         ./build/x86_64/hal/x86_64/memory_manager.o:(.debug_frame)
             e48              e48       e0     8         ./build/x86_64/hal/x86_64/paging.o:(.debug_frame)
             f28              f28       b8     8         ./build/x86_64/hal/x86_64/pic.o:(.debug_frame)
             fe0              fe0      170     8         ./build/x86_64/hal/x86_64/pit_timer.o:(.debug_frame)
            1150             1150       68     8         ./build/x86_64/hal/x86_64/port_io.o:(.debug_frame)
            11b8             11b8       e0     8         ./build/x86_64/hal/x86_64/process_manager.o:(.debug_frame)
            1298             1298       e0     8         ./build/x86_64/hal/x86_64/segment_configurator.o:(.debug_frame)
            1378             1378      190     8         ./build/x86_64/hal/x86_64/serial.o:(.debug_frame)
               0                0     300f     1 .debug_line
               0                0      1fb     1         ./build/x86_64/kernel/include/library/string.o:(.debug_line)
             1fb              1fb      21d     1         ./build/x86_64/kernel/logger.o:(.debug_line)
             418              418      335     1         ./build/x86_64/kernel/main.o:(.debug_line)
             74d              74d      500     1         ./build/x86_64/kernel/memory_manager.o:(.debug_line)
             c4d              c4d       94     1         ./build/x86_64/kernel/new.o:(.debug_line)
             ce1              ce1     144d     1         ./build/x86_64/kernel/print.o:(.debug_line)
            212e             212e       b0     1         ./build/x86_64/kernel/process.o:(.debug_line)
            21de             21de       f7     1         ./build/x86_64/kernel/process_manager.o:(.debug_line)
            22d5             22d5       74     1         ./build/x86_64/kernel/scheduler.o:(.debug_line)
            2349             2349      124     1         ./build/x86_64/hal/x86_64/arch_initializer.o:(.debug_line)
            246d             246d       c0     1         ./build/x86_64/hal/x86_64/boot.o:(.debug_line)
            252d             252d      19d     1         ./build/x86_64/hal/x86_64/interrupt.o:(.debug_line)
            26ca             26ca      131     1         ./build/x86_64/hal/x86_64/memory_manager.o:(.debug_line)
            27fb             27fb      110     1         ./build/x86_64/hal/x86_64/paging.o:(.debug_line)
            290b             290b       fd     1         ./build/x86_64/hal/x86_64/pic.o:(.debug_line)
            2a08             2a08      154     1         ./build/x86_64/hal/x86_64/pit_timer.o:(.debug_line)
            2b5c             2b5c       af     1         ./build/x86_64/hal/x86_64/port_io.o:(.debug_line)
            2c0b             2c0b      144     1         ./build/x86_64/hal/x86_64/process_manager.o:(.debug_line)
            2d4f             2d4f       e7     1         ./build/x86_64/hal/x86_64/segment_configurator.o:(.debug_line)
            2e36             2e36      1d9     1         ./build/x86_64/hal/x86_64/serial.o:(.debug_line)
               0                0      e70     1 .debug_ranges
               0                0       30     1         ./build/x86_64/kernel/main.o:(.debug_ranges)
              30               30      200     1         ./build/x86_64/kernel/memory_manager.o:(.debug_ranges)
             230              230      c40     1         ./build/x86_64/kernel/print.o:(.debug_ranges)
               0                0     13f8     8 .symtab
               0                0     13f8     8         <internal>:(.symtab)
               0                0       9a     1 .shstrtab
               0                0       9a     1         <internal>:(.shstrtab)
               0                0     1be4     1 .strtab
               0                0     1be4     1         <internal>:(.strtab)
