             VMA              LMA     Size Align Out     In      Symbol
               0                0        0     1 KERNEL_VMA = 0xFFFF800000000000
               0                0        0     1 KERNEL_LMA = 0x200000
               0                0   200000     1 . = KERNEL_LMA
          200000           200000      13d    16 .boot
          200000           200000       90    16         ./build/x86_64/hal/x86_64/_boot.o:(.boot)
          200000           200000        0     1                 _boot_kernel_gateway
          200022           200022        0     1                 _boot_gdtr
          20002c           20002c        0     1                 boot_gdt
          20004c           20004c        0     1                 boot_gdt_end
          20004c           20004c        0     1                 _load_segment_register
          200058           200058        0     1                 _load_segment_register.reload_cs
          200067           200067        0     1                 _boot_lower_half
          200090           200090       ad    16         ./build/x86_64/hal/x86_64/boot.o:(.boot)
          200090           200090       ad     1                 init_page_table
          20013d           20013d      ec3     1 . = KERNEL_VMA + KERNEL_LMA + 0x1000
ffff800000201000           201000     40ae    16 .text
          201000     800000201000        0     1         __kernel_start = . - KERNEL_VMA
ffff800000201000           201000      366    16         ./build/x86_64/kernel/include/library/string.o:(.text)
ffff800000201000           201000      13f     1                 std::memset(void*, char, unsigned long)
ffff800000201140           201140      1ae     1                 std::memcpy(void*, void const*, unsigned long)
ffff8000002012f0           2012f0       36     1                 std::strcpy(char*, char const*)
ffff800000201330           201330       36     1                 std::strcmp(char const*, char const*)
ffff800000201370           201370      5f1    16         ./build/x86_64/kernel/logger.o:(.text)
ffff800000201370           201370       43     1                 kernel::utility::logger::logger(hal::interface::serial&)
ffff800000201370           201370       43     1                 kernel::utility::logger::logger(hal::interface::serial&)
ffff8000002013c0           2013c0       c2     1                 kernel::utility::logger::log(char const*, char const*)
ffff800000201490           201490       53     1                 kernel::utility::logger::print_log_id(char const*)
ffff8000002014f0           2014f0       3e     1                 kernel::utility::logger::print_sender(char const*, char const*)
ffff800000201530           201530       2a     1                 kernel::utility::logger::print_splitter()
ffff800000201560           201560      15a     1                 kernel::utility::logger::debug(char const*, ...)
ffff8000002016c0           2016c0       c2     1                 kernel::utility::logger::error(char const*)
ffff800000201790           201790      13d     1                 kernel::utility::logger::printk(char const*, ...)
ffff8000002018d0           2018d0       2a     1                 kernel::utility::logger::split()
ffff800000201900           201900       61     1                 kernel::utility::logger::a9nout()
ffff800000201970           201970      56a    16         ./build/x86_64/kernel/main.o:(.text)
ffff800000201970           201970      484     1                 kernel_entry
ffff800000201e00           201e00       da     1                 kernel_main()
ffff800000201ee0           201ee0      860    16         ./build/x86_64/kernel/memory_manager.o:(.text)
ffff800000201ee0           201ee0       18     1                 kernel::memory_manager::memory_manager(memory_info const&)
ffff800000201ee0           201ee0       18     1                 kernel::memory_manager::memory_manager(memory_info const&)
ffff800000201f00           201f00       11     1                 kernel::memory_manager::init(memory_info const&)
ffff800000201f20           201f20      25f     1                 kernel::memory_manager::init_memory_block(memory_info const&)
ffff800000202180           202180       9d     1                 kernel::memory_manager::init_memory_frame(kernel::memory_block&)
ffff800000202220           202220       c4     1                 kernel::memory_manager::print_memory_block_info(kernel::memory_block&)
ffff8000002022f0           2022f0      14c     1                 kernel::memory_manager::allocate_physical_memory(unsigned long, kernel::process*)
ffff800000202440           202440       16     1                 kernel::memory_manager::align_size(unsigned long, unsigned short)
ffff800000202460           202460       52     1                 kernel::memory_manager::find_free_frames(kernel::memory_block&, unsigned long, unsigned long&)
ffff8000002024c0           2024c0       60     1                 kernel::memory_manager::configure_memory_frames(kernel::memory_frame*, unsigned long, kernel::process*, bool)
ffff800000202520           202520       4e     1                 kernel::memory_manager::find_frames(kernel::memory_block&, unsigned long, unsigned long&, bool)
ffff800000202570           202570       c3     1                 kernel::memory_manager::deallocate_physical_memory(unsigned long, unsigned long)
ffff800000202640           202640       16     1                 kernel::memory_manager::align_physical_address(unsigned long, unsigned short)
ffff800000202660           202660        4     1                 kernel::memory_manager::convert_physical_to_virtual_address(unsigned long)
ffff800000202670           202670        4     1                 kernel::memory_manager::convert_virtual_to_physical_address(unsigned long)
ffff800000202680           202680       c0     1                 kernel::memory_manager::init_virtual_memory(kernel::process*)
ffff800000202740           202740       36    16         ./build/x86_64/kernel/new.o:(.text)
ffff800000202740           202740        9     1                 operator new(unsigned long, void*)
ffff800000202750           202750        9     1                 operator new[](unsigned long, void*)
ffff800000202760           202760        6     1                 operator delete(void*, void*)
ffff800000202770           202770        6     1                 operator delete[](void*, void*)
ffff800000202780           202780     1c04    16         ./build/x86_64/kernel/print.o:(.text)
ffff800000202780           202780        9     1                 kernel::utility::print::print(hal::interface::serial&)
ffff800000202780           202780        9     1                 kernel::utility::print::print(hal::interface::serial&)
ffff800000202790           202790      124     1                 kernel::utility::print::printf(char const*, ...)
ffff8000002028c0           2028c0       94     1                 kernel::utility::print::vsprintf(char*, char const*, __va_list_tag*)
ffff800000202960           202960       c3     1                 kernel::utility::print::vprintf(char const*, __va_list_tag*)
ffff800000202a30           202a30      107     1                 kernel::utility::print::sprintf(char*, char const*, ...)
ffff800000202b40           202b40     10d4     1                 kernel::utility::print::process_format(char**, char const**, __va_list_tag*)
ffff800000203c20           203c20       14     1                 kernel::utility::print::write_char(char**, char)
ffff800000203c40           203c40      104     1                 kernel::utility::print::write_int(char**, int, int, bool)
ffff800000203d50           203d50      114     1                 kernel::utility::print::write_int_ll(char**, long long, int, bool)
ffff800000203e70           203e70       e4     1                 kernel::utility::print::write_hex_ll(char**, unsigned long long, int, bool, bool)
ffff800000203f60           203f60       e4     1                 kernel::utility::print::write_hex(char**, unsigned int, int, bool, bool)
ffff800000204050           204050       82     1                 kernel::utility::print::write_string(char**, char*, int)
ffff8000002040e0           2040e0       ae     1                 kernel::utility::print::write_pointer(char**, void const*)
ffff800000204190           204190       f4     1                 kernel::utility::print::write_uint(char**, unsigned int, int, bool)
ffff800000204290           204290       f4     1                 kernel::utility::print::write_uint_ll(char**, unsigned long long, int, bool)
ffff800000204390           204390       16    16         ./build/x86_64/kernel/process.o:(.text)
ffff800000204390           204390        6     1                 kernel::process::process()
ffff800000204390           204390        6     1                 kernel::process::process()
ffff8000002043a0           2043a0        6     1                 kernel::process::~process()
ffff8000002043a0           2043a0        6     1                 kernel::process::~process()
ffff8000002043b0           2043b0       93    16         ./build/x86_64/kernel/process_manager.o:(.text)
ffff8000002043b0           2043b0       1c     1                 kernel::process_manager::process_manager(hal::interface::process_manager&, hal::interface::interrupt&)
ffff8000002043b0           2043b0       1c     1                 kernel::process_manager::process_manager(hal::interface::process_manager&, hal::interface::interrupt&)
ffff8000002043d0           2043d0       15     1                 kernel::process_manager::~process_manager()
ffff8000002043d0           2043d0       15     1                 kernel::process_manager::~process_manager()
ffff8000002043f0           2043f0        6     1                 kernel::process_manager::init_process()
ffff800000204400           204400        6     1                 kernel::process_manager::create_process(char const*, unsigned long)
ffff800000204410           204410        6     1                 kernel::process_manager::delete_process(int)
ffff800000204420           204420       23     1                 kernel::process_manager::switch_context()
ffff800000204450           204450       24    16         ./build/x86_64/kernel/scheduler.o:(.text)
ffff800000204450           204450        6     1                 kernel::scheduler::scheduler()
ffff800000204450           204450        6     1                 kernel::scheduler::scheduler()
ffff800000204460           204460        6     1                 kernel::scheduler::~scheduler()
ffff800000204460           204460        6     1                 kernel::scheduler::~scheduler()
ffff800000204470           204470        4     1                 kernel::schedule_next_process()
ffff800000204480           204480       1e    16         ./build/x86_64/hal/x86_64/_boot.o:(.text)
ffff800000204480           204480        0     1                 _boot_higher_half
ffff80000020449a           20449a        0     1                 none
ffff8000002044a0           2044a0        a    16         ./build/x86_64/hal/x86_64/_paging.o:(.text)
ffff8000002044a0           2044a0        0     1                 _load_cr3
ffff8000002044a4           2044a4        0     1                 _flush_tlb
ffff8000002044b0           2044b0       3a    16         ./build/x86_64/hal/x86_64/_segment_configurator.o:(.text)
ffff8000002044b0           2044b0        0     1                 gdtr
ffff8000002044ba           2044ba        0     1                 _load_gdt
ffff8000002044d0           2044d0        0     1                 _load_segment_register
ffff8000002044db           2044db        0     1                 _load_segment_register.reload_cs
ffff8000002044f0           2044f0       1d    16         ./build/x86_64/hal/x86_64/_x86_64_context_switch.o:(.text)
ffff8000002044f0           2044f0        0     1                 _switch_context
ffff800000204510           204510       31    16         ./build/x86_64/hal/x86_64/_x86_64_interrupt.o:(.text)
ffff800000204510           204510        0     1                 interrupt_handler_common
ffff800000204550           204550       29    16         ./build/x86_64/hal/x86_64/_x86_64_interrupt_configurator.o:(.text)
ffff800000204550           204550        0     1                 idtr
ffff80000020455a           20455a        0     1                 _load_idt
ffff800000204575           204575        0     1                 _enable_interrupt_all
ffff800000204577           204577        0     1                 _disable_interrupt_all
ffff800000204580           204580        d    16         ./build/x86_64/hal/x86_64/_x86_64_port_io.o:(.text)
ffff800000204580           204580        0     1                 _read
ffff800000204584           204584        0     1                 _write
ffff800000204590           204590       45    16         ./build/x86_64/hal/x86_64/arch_initializer.o:(.text)
ffff800000204590           204590       1b     1                 hal::x86_64::arch_initializer::arch_initializer(hal::x86_64::segment_configurator&)
ffff800000204590           204590       1b     1                 hal::x86_64::arch_initializer::arch_initializer(hal::x86_64::segment_configurator&)
ffff8000002045b0           2045b0        6     1                 hal::x86_64::arch_initializer::~arch_initializer()
ffff8000002045b0           2045b0        6     1                 hal::x86_64::arch_initializer::~arch_initializer()
ffff8000002045c0           2045c0       15     1                 hal::x86_64::arch_initializer::init_architecture()
ffff8000002045d8           2045d8        0     4         ./build/x86_64/hal/x86_64/boot.o:(.text)
ffff8000002045e0           2045e0      229    16         ./build/x86_64/hal/x86_64/interrupt.o:(.text)
ffff8000002045e0           2045e0       17     1                 hal::x86_64::interrupt::interrupt()
ffff8000002045e0           2045e0       17     1                 hal::x86_64::interrupt::interrupt()
ffff800000204600           204600        6     1                 hal::x86_64::interrupt::~interrupt()
ffff800000204600           204600        6     1                 hal::x86_64::interrupt::~interrupt()
ffff800000204610           204610       1a     1                 hal::x86_64::interrupt::init_interrupt()
ffff800000204630           204630       1a     1                 hal::x86_64::interrupt::load_idt()
ffff800000204650           204650       35     1                 hal::x86_64::interrupt::register_interrupt(unsigned int, void (*)(void*))
ffff800000204690           204690       11     1                 hal::x86_64::interrupt::enable_interrupt(unsigned int)
ffff8000002046b0           2046b0       11     1                 hal::x86_64::interrupt::disable_interrupt(unsigned int)
ffff8000002046d0           2046d0       11     1                 hal::x86_64::interrupt::enable_interrupt_all()
ffff8000002046f0           2046f0       11     1                 hal::x86_64::interrupt::disable_interrupt_all()
ffff800000204710           204710       f9     1                 hal::x86_64::interrupt::mask_interrupt(hal::interface::interrupt_mask)
ffff800000204810           204810      103    16         ./build/x86_64/hal/x86_64/memory_manager.o:(.text)
ffff800000204810           204810        6     1                 hal::x86_64::init_memory()
ffff800000204820           204820       43     1                 hal::x86_64::memory_manager::init_virtual_memory(unsigned long)
ffff800000204870           204870        6     1                 hal::x86_64::memory_manager::map_virtual_memory(kernel::process*, unsigned long, unsigned long, unsigned long)
ffff800000204880           204880       3e     1                 hal::x86_64::memory_manager::acquire_page_table(hal::x86_64::page_table&, unsigned long)
ffff8000002048c0           2048c0        6     1                 hal::x86_64::memory_manager::map_page(hal::x86_64::page_table&, unsigned long, unsigned long)
ffff8000002048d0           2048d0        6     1                 hal::x86_64::memory_manager::unmap_virtual_memory(kernel::process*, unsigned long, unsigned long)
ffff8000002048e0           2048e0       13     1                 hal::x86_64::memory_manager::convert_physical_to_virtual_address(unsigned long)
ffff800000204900           204900       13     1                 hal::x86_64::memory_manager::convert_virtual_to_physical_address(unsigned long)
ffff800000204920           204920       8d    16         ./build/x86_64/hal/x86_64/paging.o:(.text)
ffff800000204920           204920       18     1                 hal::x86_64::page_table::page_table()
ffff800000204920           204920       18     1                 hal::x86_64::page_table::page_table()
ffff800000204940           204940       18     1                 hal::x86_64::page_table::init()
ffff800000204960           204960        6     1                 hal::x86_64::page_table::~page_table()
ffff800000204960           204960        6     1                 hal::x86_64::page_table::~page_table()
ffff800000204970           204970       22     1                 hal::x86_64::page_table::page_to_physical_address(unsigned short)
ffff8000002049a0           2049a0        d     1                 hal::x86_64::page_table::is_present(unsigned short)
ffff8000002049b0           2049b0       eb    16         ./build/x86_64/hal/x86_64/pic.o:(.text)
ffff8000002049b0           2049b0        9     1                 hal::x86_64::pic::pic(hal::interface::port_io&)
ffff8000002049b0           2049b0        9     1                 hal::x86_64::pic::pic(hal::interface::port_io&)
ffff8000002049c0           2049c0        6     1                 hal::x86_64::pic::~pic()
ffff8000002049c0           2049c0        6     1                 hal::x86_64::pic::~pic()
ffff8000002049d0           2049d0       aa     1                 hal::x86_64::pic::init_pic()
ffff800000204a80           204a80       1b     1                 hal::x86_64::pic::end_of_interrupt_pic()
ffff800000204aa0           204aa0      289    16         ./build/x86_64/hal/x86_64/pit_timer.o:(.text)
ffff800000204aa0           204aa0       49     1                 hal::x86_64::pit_timer::pit_timer(hal::interface::port_io&)
ffff800000204aa0           204aa0       49     1                 hal::x86_64::pit_timer::pit_timer(hal::interface::port_io&)
ffff800000204af0           204af0       26     1                 hal::x86_64::pit_timer::~pit_timer()
ffff800000204af0           204af0       26     1                 hal::x86_64::pit_timer::~pit_timer()
ffff800000204b20           204b20       5e     1                 hal::x86_64::pit_timer::init_timer()
ffff800000204b80           204b80       54     1                 hal::x86_64::pit_timer::configure_timer(unsigned short)
ffff800000204be0           204be0      12f     1                 hal::x86_64::pit_timer::handle(void*)
ffff800000204d10           204d10        a     1                 hal::x86_64::pit_timer::clock()
ffff800000204d20           204d20        9     1                 hal::x86_64::pit_timer::get_tick()
ffff800000204d30           204d30       35    16         ./build/x86_64/hal/x86_64/port_io.o:(.text)
ffff800000204d30           204d30       13     1                 hal::x86_64::port_io::read(unsigned short)
ffff800000204d50           204d50       15     1                 hal::x86_64::port_io::write(unsigned short, unsigned char)
ffff800000204d70           204d70       86    16         ./build/x86_64/hal/x86_64/process_manager.o:(.text)
ffff800000204d70           204d70       17     1                 hal::x86_64::process_manager::process_manager()
ffff800000204d70           204d70       17     1                 hal::x86_64::process_manager::process_manager()
ffff800000204d90           204d90        6     1                 hal::x86_64::process_manager::~process_manager()
ffff800000204d90           204d90        6     1                 hal::x86_64::process_manager::~process_manager()
ffff800000204da0           204da0       1f     1                 hal::x86_64::process_manager::switch_context(kernel::process*, kernel::process*)
ffff800000204dc0           204dc0       2b     1                 hal::x86_64::process_manager::create_process(kernel::process*, unsigned long)
ffff800000204df0           204df0        6     1                 hal::x86_64::process_manager::delete_process(kernel::process*)
ffff800000204e00           204e00       93    16         ./build/x86_64/hal/x86_64/segment_configurator.o:(.text)
ffff800000204e00           204e00        6     1                 hal::x86_64::segment_configurator::segment_configurator()
ffff800000204e00           204e00        6     1                 hal::x86_64::segment_configurator::segment_configurator()
ffff800000204e10           204e10        6     1                 hal::x86_64::segment_configurator::~segment_configurator()
ffff800000204e10           204e10        6     1                 hal::x86_64::segment_configurator::~segment_configurator()
ffff800000204e20           204e20       31     1                 hal::x86_64::segment_configurator::init_gdt()
ffff800000204e60           204e60       20     1                 hal::x86_64::segment_configurator::load_gdt()
ffff800000204e80           204e80       13     1                 hal::x86_64::segment_configurator::load_segment_register(unsigned short)
ffff800000204ea0           204ea0      20e    16         ./build/x86_64/hal/x86_64/serial.o:(.text)
ffff800000204ea0           204ea0       1b     1                 hal::x86_64::serial::serial(hal::interface::port_io&)
ffff800000204ea0           204ea0       1b     1                 hal::x86_64::serial::serial(hal::interface::port_io&)
ffff800000204ec0           204ec0        6     1                 hal::x86_64::serial::~serial()
ffff800000204ec0           204ec0        6     1                 hal::x86_64::serial::~serial()
ffff800000204ed0           204ed0       98     1                 hal::x86_64::serial::init_serial(unsigned int)
ffff800000204f70           204f70       39     1                 hal::x86_64::serial::read_serial()
ffff800000204fb0           204fb0       19     1                 hal::x86_64::serial::is_received()
ffff800000204fd0           204fd0       3c     1                 hal::x86_64::serial::write_serial(char)
ffff800000205010           205010       19     1                 hal::x86_64::serial::is_empty()
ffff800000205030           205030       5f     1                 hal::x86_64::serial::write_string_serial(char*)
ffff800000205090           205090       1e     1                 hal::x86_64::serial::strlen(char const*)
ffff8000002050b0           2050b0      b78    16 .rodata
ffff8000002050b0           2050b0      108     8         ./build/x86_64/kernel/print.o:(.rodata)
ffff8000002051b8           2051b8       18     8         ./build/x86_64/hal/x86_64/arch_initializer.o:(.rodata)
ffff8000002051b8           2051b8       18     1                 vtable for hal::x86_64::arch_initializer
ffff8000002051d0           2051d0       48     8         ./build/x86_64/hal/x86_64/interrupt.o:(.rodata)
ffff8000002051d0           2051d0       48     1                 vtable for hal::x86_64::interrupt
ffff800000205218           205218       30     8         ./build/x86_64/hal/x86_64/pit_timer.o:(.rodata)
ffff800000205218           205218       30     1                 vtable for hal::x86_64::pit_timer
ffff800000205248           205248       20     8         ./build/x86_64/hal/x86_64/port_io.o:(.rodata)
ffff800000205248           205248       20     1                 vtable for hal::x86_64::port_io
ffff800000205268           205268       28     8         ./build/x86_64/hal/x86_64/process_manager.o:(.rodata)
ffff800000205268           205268       28     1                 vtable for hal::x86_64::process_manager
ffff800000205290           205290       30     8         ./build/x86_64/hal/x86_64/serial.o:(.rodata)
ffff800000205290           205290       30     1                 vtable for hal::x86_64::serial
ffff8000002052c0           2052c0      911     1         <internal>:(.rodata)
ffff800000205be0           205be0       20    16         <internal>:(.rodata)
ffff800000205c00           205c00       28    16         ./build/x86_64/hal/x86_64/segment_configurator.o:(.rodata._ZN3hal6x86_6420segment_configurator3gdtE)
ffff800000205c00           205c00       28     1                 hal::x86_64::segment_configurator::gdt
ffff800000205c28           205c28        0     1 .data
ffff800000205c28           205c28    163d8     8 .bss
          205c28     800000205c28        0     1         __bss_start = . - KERNEL_VMA
ffff800000205c28           205c28       10     8         ./build/x86_64/kernel/logger.o:(.bss)
ffff800000205c28           205c28        4     1                 kernel::utility::logger::log_id
ffff800000205c30           205c30        8     1                 kernel::utility::logger::this_logger
ffff800000205c38           205c38        8     8         ./build/x86_64/kernel/main.o:(.bss)
ffff800000205c38           205c38        8     1                 timer
ffff800000205c40           205c40        8     8         ./build/x86_64/hal/x86_64/pit_timer.o:(.bss)
ffff800000205c40           205c40        8     1                 hal::x86_64::pit_timer::this_timer
          205c48     800000205c48        0     1         __bss_end = . - KERNEL_VMA
          205c48     800000205c48      3b8     1         . = ALIGN ( 0x1000 )
          206000     800000206000        0     1         __kernel_pml4 = . - KERNEL_VMA
          206000     800000206000     1000     1         . += 0x1000
          207000     800000207000        0     1         . = ALIGN ( 0x1000 )
          207000     800000207000        0     1         __kernel_pdpt = . - KERNEL_VMA
          207000     800000207000     1000     1         . += 0x1000
          208000     800000208000        0     1         . = ALIGN ( 0x1000 )
          208000     800000208000        0     1         __kernel_pd = . - KERNEL_VMA
          208000     800000208000     4000     1         . += 4 * 512 * 8
          20c000     80000020c000        0     1         . = ALIGN ( 0x1000 )
          20c000     80000020c000        0     1         __boot_stack_start = . - KERNEL_VMA
          20c000     80000020c000    10000     1         . += 0x1000 * 16
          21c000     80000021c000        0     1         __boot_stack_end = . - KERNEL_VMA
          21c000     80000021c000        0     1         . = ALIGN ( 0x1000 )
          21c000     80000021c000        0     1         __kernel_end = . - KERNEL_VMA
               0                0     2fdc     1 .debug_str
               0                0     2fdc     1         <internal>:(.debug_str)
               0                0     5ce0     1 .debug_loc
               0                0      3b3     1         ./build/x86_64/kernel/include/library/string.o:(.debug_loc)
             3b3              3b3      40e     1         ./build/x86_64/kernel/logger.o:(.debug_loc)
             7c1              7c1      481     1         ./build/x86_64/kernel/main.o:(.debug_loc)
             c42              c42     12fe     1         ./build/x86_64/kernel/memory_manager.o:(.debug_loc)
            1f40             1f40       6c     1         ./build/x86_64/kernel/new.o:(.debug_loc)
            1fac             1fac     32db     1         ./build/x86_64/kernel/print.o:(.debug_loc)
            5287             5287       c2     1         ./build/x86_64/kernel/process_manager.o:(.debug_loc)
            5349             5349       23     1         ./build/x86_64/hal/x86_64/arch_initializer.o:(.debug_loc)
            536c             536c       c9     1         ./build/x86_64/hal/x86_64/boot.o:(.debug_loc)
            5435             5435      13d     1         ./build/x86_64/hal/x86_64/interrupt.o:(.debug_loc)
            5572             5572       e8     1         ./build/x86_64/hal/x86_64/memory_manager.o:(.debug_loc)
            565a             565a       69     1         ./build/x86_64/hal/x86_64/paging.o:(.debug_loc)
            56c3             56c3       59     1         ./build/x86_64/hal/x86_64/pic.o:(.debug_loc)
            571c             571c      174     1         ./build/x86_64/hal/x86_64/pit_timer.o:(.debug_loc)
            5890             5890       a2     1         ./build/x86_64/hal/x86_64/port_io.o:(.debug_loc)
            5932             5932       8c     1         ./build/x86_64/hal/x86_64/process_manager.o:(.debug_loc)
            59be             59be       9f     1         ./build/x86_64/hal/x86_64/segment_configurator.o:(.debug_loc)
            5a5d             5a5d      283     1         ./build/x86_64/hal/x86_64/serial.o:(.debug_loc)
               0                0     20ca     1 .debug_abbrev
               0                0       9b     1         ./build/x86_64/kernel/include/library/string.o:(.debug_abbrev)
              9b               9b      204     1         ./build/x86_64/kernel/logger.o:(.debug_abbrev)
             29f              29f      2cd     1         ./build/x86_64/kernel/main.o:(.debug_abbrev)
             56c              56c      2a4     1         ./build/x86_64/kernel/memory_manager.o:(.debug_abbrev)
             810              810       81     1         ./build/x86_64/kernel/new.o:(.debug_abbrev)
             891              891      2a8     1         ./build/x86_64/kernel/print.o:(.debug_abbrev)
             b39              b39       c5     1         ./build/x86_64/kernel/process.o:(.debug_abbrev)
             bfe              bfe      139     1         ./build/x86_64/kernel/process_manager.o:(.debug_abbrev)
             d37              d37       af     1         ./build/x86_64/kernel/scheduler.o:(.debug_abbrev)
             de6              de6      19c     1         ./build/x86_64/hal/x86_64/arch_initializer.o:(.debug_abbrev)
             f82              f82       70     1         ./build/x86_64/hal/x86_64/boot.o:(.debug_abbrev)
             ff2              ff2      250     1         ./build/x86_64/hal/x86_64/interrupt.o:(.debug_abbrev)
            1242             1242      27f     1         ./build/x86_64/hal/x86_64/memory_manager.o:(.debug_abbrev)
            14c1             14c1      1f8     1         ./build/x86_64/hal/x86_64/paging.o:(.debug_abbrev)
            16b9             16b9      148     1         ./build/x86_64/hal/x86_64/pic.o:(.debug_abbrev)
            1801             1801      243     1         ./build/x86_64/hal/x86_64/pit_timer.o:(.debug_abbrev)
            1a44             1a44      102     1         ./build/x86_64/hal/x86_64/port_io.o:(.debug_abbrev)
            1b46             1b46      197     1         ./build/x86_64/hal/x86_64/process_manager.o:(.debug_abbrev)
            1cdd             1cdd      1b5     1         ./build/x86_64/hal/x86_64/segment_configurator.o:(.debug_abbrev)
            1e92             1e92      238     1         ./build/x86_64/hal/x86_64/serial.o:(.debug_abbrev)
               0                0     72d2     1 .debug_info
               0                0      214     1         ./build/x86_64/kernel/include/library/string.o:(.debug_info)
             214              214      941     1         ./build/x86_64/kernel/logger.o:(.debug_info)
             b55              b55      e64     1         ./build/x86_64/kernel/main.o:(.debug_info)
            19b9             19b9      f9c     1         ./build/x86_64/kernel/memory_manager.o:(.debug_info)
            2955             2955      11a     1         ./build/x86_64/kernel/new.o:(.debug_info)
            2a6f             2a6f     1b8b     1         ./build/x86_64/kernel/print.o:(.debug_info)
            45fa             45fa      16d     1         ./build/x86_64/kernel/process.o:(.debug_info)
            4767             4767      2e3     1         ./build/x86_64/kernel/process_manager.o:(.debug_info)
            4a4a             4a4a       f5     1         ./build/x86_64/kernel/scheduler.o:(.debug_info)
            4b3f             4b3f      234     1         ./build/x86_64/hal/x86_64/arch_initializer.o:(.debug_info)
            4d73             4d73       df     1         ./build/x86_64/hal/x86_64/boot.o:(.debug_info)
            4e52             4e52      67e     1         ./build/x86_64/hal/x86_64/interrupt.o:(.debug_info)
            54d0             54d0      772     1         ./build/x86_64/hal/x86_64/memory_manager.o:(.debug_info)
            5c42             5c42      333     1         ./build/x86_64/hal/x86_64/paging.o:(.debug_info)
            5f75             5f75      204     1         ./build/x86_64/hal/x86_64/pic.o:(.debug_info)
            6179             6179      426     1         ./build/x86_64/hal/x86_64/pit_timer.o:(.debug_info)
            659f             659f      178     1         ./build/x86_64/hal/x86_64/port_io.o:(.debug_info)
            6717             6717      3a5     1         ./build/x86_64/hal/x86_64/process_manager.o:(.debug_info)
            6abc             6abc      2ad     1         ./build/x86_64/hal/x86_64/segment_configurator.o:(.debug_info)
            6d69             6d69      569     1         ./build/x86_64/hal/x86_64/serial.o:(.debug_info)
               0                0       33     1 .comment
               0                0       33     1         <internal>:(.comment)
               0                0     15c8     8 .debug_frame
               0                0       c0     8         ./build/x86_64/kernel/include/library/string.o:(.debug_frame)
              c0               c0      1e0     8         ./build/x86_64/kernel/logger.o:(.debug_frame)
             2a0              2a0       78     8         ./build/x86_64/kernel/main.o:(.debug_frame)
             318              318      2a0     8         ./build/x86_64/kernel/memory_manager.o:(.debug_frame)
             5b8              5b8       b8     8         ./build/x86_64/kernel/new.o:(.debug_frame)
             670              670      2d8     8         ./build/x86_64/kernel/print.o:(.debug_frame)
             948              948       68     8         ./build/x86_64/kernel/process.o:(.debug_frame)
             9b0              9b0      108     8         ./build/x86_64/kernel/process_manager.o:(.debug_frame)
             ab8              ab8       88     8         ./build/x86_64/kernel/scheduler.o:(.debug_frame)
             b40              b40       90     8         ./build/x86_64/hal/x86_64/arch_initializer.o:(.debug_frame)
             bd0              bd0       30     8         ./build/x86_64/hal/x86_64/boot.o:(.debug_frame)
             c00              c00      1a8     8         ./build/x86_64/hal/x86_64/interrupt.o:(.debug_frame)
             da8              da8      160     8         ./build/x86_64/hal/x86_64/memory_manager.o:(.debug_frame)
             f08              f08       e0     8         ./build/x86_64/hal/x86_64/paging.o:(.debug_frame)
             fe8              fe8       b8     8         ./build/x86_64/hal/x86_64/pic.o:(.debug_frame)
            10a0             10a0      170     8         ./build/x86_64/hal/x86_64/pit_timer.o:(.debug_frame)
            1210             1210       68     8         ./build/x86_64/hal/x86_64/port_io.o:(.debug_frame)
            1278             1278       e0     8         ./build/x86_64/hal/x86_64/process_manager.o:(.debug_frame)
            1358             1358       e0     8         ./build/x86_64/hal/x86_64/segment_configurator.o:(.debug_frame)
            1438             1438      190     8         ./build/x86_64/hal/x86_64/serial.o:(.debug_frame)
               0                0     3157     1 .debug_line
               0                0      1fb     1         ./build/x86_64/kernel/include/library/string.o:(.debug_line)
             1fb              1fb      21d     1         ./build/x86_64/kernel/logger.o:(.debug_line)
             418              418      335     1         ./build/x86_64/kernel/main.o:(.debug_line)
             74d              74d      5c8     1         ./build/x86_64/kernel/memory_manager.o:(.debug_line)
             d15              d15       94     1         ./build/x86_64/kernel/new.o:(.debug_line)
             da9              da9     144d     1         ./build/x86_64/kernel/print.o:(.debug_line)
            21f6             21f6       be     1         ./build/x86_64/kernel/process.o:(.debug_line)
            22b4             22b4       f7     1         ./build/x86_64/kernel/process_manager.o:(.debug_line)
            23ab             23ab       74     1         ./build/x86_64/kernel/scheduler.o:(.debug_line)
            241f             241f      124     1         ./build/x86_64/hal/x86_64/arch_initializer.o:(.debug_line)
            2543             2543       c0     1         ./build/x86_64/hal/x86_64/boot.o:(.debug_line)
            2603             2603      19d     1         ./build/x86_64/hal/x86_64/interrupt.o:(.debug_line)
            27a0             27a0      195     1         ./build/x86_64/hal/x86_64/memory_manager.o:(.debug_line)
            2935             2935      110     1         ./build/x86_64/hal/x86_64/paging.o:(.debug_line)
            2a45             2a45       fd     1         ./build/x86_64/hal/x86_64/pic.o:(.debug_line)
            2b42             2b42      154     1         ./build/x86_64/hal/x86_64/pit_timer.o:(.debug_line)
            2c96             2c96       af     1         ./build/x86_64/hal/x86_64/port_io.o:(.debug_line)
            2d45             2d45      152     1         ./build/x86_64/hal/x86_64/process_manager.o:(.debug_line)
            2e97             2e97       e7     1         ./build/x86_64/hal/x86_64/segment_configurator.o:(.debug_line)
            2f7e             2f7e      1d9     1         ./build/x86_64/hal/x86_64/serial.o:(.debug_line)
               0                0      e70     1 .debug_ranges
               0                0       30     1         ./build/x86_64/kernel/main.o:(.debug_ranges)
              30               30      200     1         ./build/x86_64/kernel/memory_manager.o:(.debug_ranges)
             230              230      c40     1         ./build/x86_64/kernel/print.o:(.debug_ranges)
               0                0     1470     8 .symtab
               0                0     1470     8         <internal>:(.symtab)
               0                0       9a     1 .shstrtab
               0                0       9a     1         <internal>:(.shstrtab)
               0                0     1d42     1 .strtab
               0                0     1d42     1         <internal>:(.strtab)
