             VMA              LMA     Size Align Out     In      Symbol
               0                0        0     1 KERNEL_VMA = 0xFFFF800000000000
               0                0        0     1 KERNEL_LMA = 0x200000
               0                0   200000     1 . = KERNEL_LMA
          200000           200000      13d    16 .boot
          200000           200000       90    16         ./build/x86_64/hal/x86_64/_boot.o:(.boot)
          200000           200000        0     1                 _boot_kernel_gateway
          200022           200022        0     1                 _boot_gdtr
          20002c           20002c        0     1                 boot_gdt
          20004c           20004c        0     1                 boot_gdt_end
          20004c           20004c        0     1                 _load_segment_register
          200058           200058        0     1                 _load_segment_register.reload_cs
          200067           200067        0     1                 _boot_lower_half
          200090           200090       ad    16         ./build/x86_64/hal/x86_64/boot.o:(.boot)
          200090           200090       ad     1                 init_page_table
          20013d           20013d      ec3     1 . = KERNEL_VMA + KERNEL_LMA + 0x1000
ffff800000201000           201000     411e    16 .text
          201000     800000201000        0     1         __kernel_start = . - KERNEL_VMA
ffff800000201000           201000      366    16         ./build/x86_64/kernel/include/library/string.o:(.text)
ffff800000201000           201000      13f     1                 std::memset(void*, char, unsigned long)
ffff800000201140           201140      1ae     1                 std::memcpy(void*, void const*, unsigned long)
ffff8000002012f0           2012f0       36     1                 std::strcpy(char*, char const*)
ffff800000201330           201330       36     1                 std::strcmp(char const*, char const*)
ffff800000201368           201368        0     4         ./build/x86_64/kernel/ipc_manager.o:(.text)
ffff800000201368           201368        0     4         ./build/x86_64/kernel/kernel.o:(.text)
ffff800000201370           201370      5f1    16         ./build/x86_64/kernel/logger.o:(.text)
ffff800000201370           201370       43     1                 kernel::utility::logger::logger(hal::interface::serial&)
ffff800000201370           201370       43     1                 kernel::utility::logger::logger(hal::interface::serial&)
ffff8000002013c0           2013c0       c2     1                 kernel::utility::logger::log(char const*, char const*)
ffff800000201490           201490       53     1                 kernel::utility::logger::print_log_id(char const*)
ffff8000002014f0           2014f0       3e     1                 kernel::utility::logger::print_sender(char const*, char const*)
ffff800000201530           201530       2a     1                 kernel::utility::logger::print_splitter()
ffff800000201560           201560      15a     1                 kernel::utility::logger::debug(char const*, ...)
ffff8000002016c0           2016c0       c2     1                 kernel::utility::logger::error(char const*)
ffff800000201790           201790      13d     1                 kernel::utility::logger::printk(char const*, ...)
ffff8000002018d0           2018d0       2a     1                 kernel::utility::logger::split()
ffff800000201900           201900       61     1                 kernel::utility::logger::a9nout()
ffff800000201970           201970      273    16         ./build/x86_64/kernel/main.o:(.text)
ffff800000201970           201970      1c9     1                 kernel_entry
ffff800000201b40           201b40       a3     1                 kernel_main()
ffff800000201bf0           201bf0      986    16         ./build/x86_64/kernel/memory_manager.o:(.text)
ffff800000201bf0           201bf0       1f     1                 kernel::memory_manager::memory_manager(hal::interface::memory_manager&, memory_info const&)
ffff800000201bf0           201bf0       1f     1                 kernel::memory_manager::memory_manager(hal::interface::memory_manager&, memory_info const&)
ffff800000201c10           201c10      145     1                 kernel::memory_manager::init(memory_info const&)
ffff800000201d60           201d60       f7     1                 kernel::memory_manager::init_memory_block(memory_info const&)
ffff800000201e60           201e60       16     1                 kernel::memory_manager::align_physical_address(unsigned long, unsigned short)
ffff800000201e80           201e80       6d     1                 kernel::memory_manager::init_memory_frame(kernel::memory_block&)
ffff800000201ef0           201ef0       b3     1                 kernel::memory_manager::print_memory_block_info(kernel::memory_block&)
ffff800000201fb0           201fb0      130     1                 kernel::memory_manager::allocate_physical_memory(unsigned long, kernel::process*)
ffff8000002020e0           2020e0       16     1                 kernel::memory_manager::align_size(unsigned long, unsigned short)
ffff800000202100           202100       52     1                 kernel::memory_manager::find_free_frames(kernel::memory_block&, unsigned long, unsigned long&)
ffff800000202160           202160       60     1                 kernel::memory_manager::configure_memory_frames(kernel::memory_frame*, unsigned long, kernel::process*, bool)
ffff8000002021c0           2021c0       4e     1                 kernel::memory_manager::find_frames(kernel::memory_block&, unsigned long, unsigned long&, bool)
ffff800000202210           202210       c3     1                 kernel::memory_manager::deallocate_physical_memory(unsigned long, unsigned long)
ffff8000002022e0           2022e0       12     1                 kernel::memory_manager::convert_physical_to_virtual_address(unsigned long)
ffff800000202300           202300       12     1                 kernel::memory_manager::convert_virtual_to_physical_address(unsigned long)
ffff800000202320           202320       ee     1                 kernel::memory_manager::init_virtual_memory(kernel::process*)
ffff800000202410           202410      15d     1                 kernel::memory_manager::map_virtual_memory(kernel::process*, unsigned long, unsigned long, unsigned long)
ffff800000202570           202570        6     1                 kernel::memory_manager::unmap_virtual_memory(kernel::process*, unsigned long, unsigned long)
ffff800000202580           202580       36    16         ./build/x86_64/kernel/new.o:(.text)
ffff800000202580           202580        9     1                 operator new(unsigned long, void*)
ffff800000202590           202590        9     1                 operator new[](unsigned long, void*)
ffff8000002025a0           2025a0        6     1                 operator delete(void*, void*)
ffff8000002025b0           2025b0        6     1                 operator delete[](void*, void*)
ffff8000002025c0           2025c0     1c04    16         ./build/x86_64/kernel/print.o:(.text)
ffff8000002025c0           2025c0        9     1                 kernel::utility::print::print(hal::interface::serial&)
ffff8000002025c0           2025c0        9     1                 kernel::utility::print::print(hal::interface::serial&)
ffff8000002025d0           2025d0      124     1                 kernel::utility::print::printf(char const*, ...)
ffff800000202700           202700       94     1                 kernel::utility::print::vsprintf(char*, char const*, __va_list_tag*)
ffff8000002027a0           2027a0       c3     1                 kernel::utility::print::vprintf(char const*, __va_list_tag*)
ffff800000202870           202870      107     1                 kernel::utility::print::sprintf(char*, char const*, ...)
ffff800000202980           202980     10d4     1                 kernel::utility::print::process_format(char**, char const**, __va_list_tag*)
ffff800000203a60           203a60       14     1                 kernel::utility::print::write_char(char**, char)
ffff800000203a80           203a80      104     1                 kernel::utility::print::write_int(char**, int, int, bool)
ffff800000203b90           203b90      114     1                 kernel::utility::print::write_int_ll(char**, long long, int, bool)
ffff800000203cb0           203cb0       e4     1                 kernel::utility::print::write_hex_ll(char**, unsigned long long, int, bool, bool)
ffff800000203da0           203da0       e4     1                 kernel::utility::print::write_hex(char**, unsigned int, int, bool, bool)
ffff800000203e90           203e90       82     1                 kernel::utility::print::write_string(char**, char*, int)
ffff800000203f20           203f20       ae     1                 kernel::utility::print::write_pointer(char**, void const*)
ffff800000203fd0           203fd0       f4     1                 kernel::utility::print::write_uint(char**, unsigned int, int, bool)
ffff8000002040d0           2040d0       f4     1                 kernel::utility::print::write_uint_ll(char**, unsigned long long, int, bool)
ffff8000002041d0           2041d0       16    16         ./build/x86_64/kernel/process.o:(.text)
ffff8000002041d0           2041d0        6     1                 kernel::process::process()
ffff8000002041d0           2041d0        6     1                 kernel::process::process()
ffff8000002041e0           2041e0        6     1                 kernel::process::~process()
ffff8000002041e0           2041e0        6     1                 kernel::process::~process()
ffff8000002041f0           2041f0       93    16         ./build/x86_64/kernel/process_manager.o:(.text)
ffff8000002041f0           2041f0       1c     1                 kernel::process_manager::process_manager(hal::interface::process_manager&, hal::interface::interrupt&)
ffff8000002041f0           2041f0       1c     1                 kernel::process_manager::process_manager(hal::interface::process_manager&, hal::interface::interrupt&)
ffff800000204210           204210       15     1                 kernel::process_manager::~process_manager()
ffff800000204210           204210       15     1                 kernel::process_manager::~process_manager()
ffff800000204230           204230        6     1                 kernel::process_manager::init_process()
ffff800000204240           204240        6     1                 kernel::process_manager::create_process(char const*, unsigned long)
ffff800000204250           204250        6     1                 kernel::process_manager::delete_process(int)
ffff800000204260           204260       23     1                 kernel::process_manager::switch_context()
ffff800000204290           204290       24    16         ./build/x86_64/kernel/scheduler.o:(.text)
ffff800000204290           204290        6     1                 kernel::scheduler::scheduler()
ffff800000204290           204290        6     1                 kernel::scheduler::scheduler()
ffff8000002042a0           2042a0        6     1                 kernel::scheduler::~scheduler()
ffff8000002042a0           2042a0        6     1                 kernel::scheduler::~scheduler()
ffff8000002042b0           2042b0        4     1                 kernel::schedule_next_process()
ffff8000002042b4           2042b4        0     4         ./build/x86_64/kernel/timer.o:(.text)
ffff8000002042c0           2042c0       1e    16         ./build/x86_64/hal/x86_64/_boot.o:(.text)
ffff8000002042c0           2042c0        0     1                 _boot_higher_half
ffff8000002042da           2042da        0     1                 none
ffff8000002042e0           2042e0        f    16         ./build/x86_64/hal/x86_64/_paging.o:(.text)
ffff8000002042e0           2042e0        0     1                 _load_cr3
ffff8000002042e4           2042e4        0     1                 _flush_tlb
ffff8000002042eb           2042eb        0     1                 _invalidate_page
ffff8000002042f0           2042f0       3a    16         ./build/x86_64/hal/x86_64/_segment_configurator.o:(.text)
ffff8000002042f0           2042f0        0     1                 gdtr
ffff8000002042fa           2042fa        0     1                 _load_gdt
ffff800000204310           204310        0     1                 _load_segment_register
ffff80000020431b           20431b        0     1                 _load_segment_register.reload_cs
ffff800000204330           204330       1d    16         ./build/x86_64/hal/x86_64/_x86_64_context_switch.o:(.text)
ffff800000204330           204330        0     1                 _switch_context
ffff800000204350           204350       31    16         ./build/x86_64/hal/x86_64/_x86_64_interrupt.o:(.text)
ffff800000204350           204350        0     1                 interrupt_handler_common
ffff800000204390           204390       29    16         ./build/x86_64/hal/x86_64/_x86_64_interrupt_configurator.o:(.text)
ffff800000204390           204390        0     1                 idtr
ffff80000020439a           20439a        0     1                 _load_idt
ffff8000002043b5           2043b5        0     1                 _enable_interrupt_all
ffff8000002043b7           2043b7        0     1                 _disable_interrupt_all
ffff8000002043c0           2043c0        d    16         ./build/x86_64/hal/x86_64/_x86_64_port_io.o:(.text)
ffff8000002043c0           2043c0        0     1                 _read
ffff8000002043c4           2043c4        0     1                 _write
ffff8000002043d0           2043d0       3e    16         ./build/x86_64/hal/x86_64/arch_initializer.o:(.text)
ffff8000002043d0           2043d0       3e     1                 hal::x86_64::arch_initializer::init_architecture()
ffff800000204410           204410        0     4         ./build/x86_64/hal/x86_64/boot.o:(.text)
ffff800000204410           204410      12f    16         ./build/x86_64/hal/x86_64/hal_factory.o:(.text)
ffff800000204410           204410      12f     1                 hal::x86_64::hal_factory::make()
ffff800000204540           204540      229    16         ./build/x86_64/hal/x86_64/interrupt.o:(.text)
ffff800000204540           204540       17     1                 hal::x86_64::interrupt::interrupt()
ffff800000204540           204540       17     1                 hal::x86_64::interrupt::interrupt()
ffff800000204560           204560        6     1                 hal::x86_64::interrupt::~interrupt()
ffff800000204560           204560        6     1                 hal::x86_64::interrupt::~interrupt()
ffff800000204570           204570       1a     1                 hal::x86_64::interrupt::init_interrupt()
ffff800000204590           204590       1a     1                 hal::x86_64::interrupt::load_idt()
ffff8000002045b0           2045b0       35     1                 hal::x86_64::interrupt::register_interrupt(unsigned int, void (*)(void*))
ffff8000002045f0           2045f0       11     1                 hal::x86_64::interrupt::enable_interrupt(unsigned int)
ffff800000204610           204610       11     1                 hal::x86_64::interrupt::disable_interrupt(unsigned int)
ffff800000204630           204630       11     1                 hal::x86_64::interrupt::enable_interrupt_all()
ffff800000204650           204650       11     1                 hal::x86_64::interrupt::disable_interrupt_all()
ffff800000204670           204670       f9     1                 hal::x86_64::interrupt::mask_interrupt(hal::interface::interrupt_mask)
ffff800000204770           204770      2b3    16         ./build/x86_64/hal/x86_64/memory_manager.o:(.text)
ffff800000204770           204770        6     1                 hal::x86_64::memory_manager::init_memory()
ffff800000204780           204780       23     1                 hal::x86_64::memory_manager::init_virtual_memory(unsigned long)
ffff8000002047b0           2047b0       7f     1                 hal::x86_64::memory_manager::is_table_exists(unsigned long, unsigned long)
ffff800000204830           204830       ad     1                 hal::x86_64::memory_manager::configure_page_table(unsigned long, unsigned long, unsigned long)
ffff8000002048e0           2048e0       fe     1                 hal::x86_64::memory_manager::map_virtual_memory(unsigned long, unsigned long, unsigned long)
ffff8000002049e0           2049e0        6     1                 hal::x86_64::memory_manager::unmap_virtual_memory(unsigned long, unsigned long)
ffff8000002049f0           2049f0       13     1                 hal::x86_64::memory_manager::convert_physical_to_virtual_address(unsigned long)
ffff800000204a10           204a10       13     1                 hal::x86_64::memory_manager::convert_virtual_to_physical_address(unsigned long)
ffff800000204a30           204a30       eb    16         ./build/x86_64/hal/x86_64/pic.o:(.text)
ffff800000204a30           204a30        9     1                 hal::x86_64::pic::pic(hal::interface::port_io&)
ffff800000204a30           204a30        9     1                 hal::x86_64::pic::pic(hal::interface::port_io&)
ffff800000204a40           204a40        6     1                 hal::x86_64::pic::~pic()
ffff800000204a40           204a40        6     1                 hal::x86_64::pic::~pic()
ffff800000204a50           204a50       aa     1                 hal::x86_64::pic::init_pic()
ffff800000204b00           204b00       1b     1                 hal::x86_64::pic::end_of_interrupt_pic()
ffff800000204b20           204b20      289    16         ./build/x86_64/hal/x86_64/pit_timer.o:(.text)
ffff800000204b20           204b20       49     1                 hal::x86_64::pit_timer::pit_timer(hal::interface::port_io&)
ffff800000204b20           204b20       49     1                 hal::x86_64::pit_timer::pit_timer(hal::interface::port_io&)
ffff800000204b70           204b70       26     1                 hal::x86_64::pit_timer::~pit_timer()
ffff800000204b70           204b70       26     1                 hal::x86_64::pit_timer::~pit_timer()
ffff800000204ba0           204ba0       5e     1                 hal::x86_64::pit_timer::init_timer()
ffff800000204c00           204c00       54     1                 hal::x86_64::pit_timer::configure_timer(unsigned short)
ffff800000204c60           204c60      12f     1                 hal::x86_64::pit_timer::handle(void*)
ffff800000204d90           204d90        a     1                 hal::x86_64::pit_timer::clock()
ffff800000204da0           204da0        9     1                 hal::x86_64::pit_timer::get_tick()
ffff800000204db0           204db0       35    16         ./build/x86_64/hal/x86_64/port_io.o:(.text)
ffff800000204db0           204db0       13     1                 hal::x86_64::port_io::read(unsigned short)
ffff800000204dd0           204dd0       15     1                 hal::x86_64::port_io::write(unsigned short, unsigned char)
ffff800000204df0           204df0       76    16         ./build/x86_64/hal/x86_64/process_manager.o:(.text)
ffff800000204df0           204df0       17     1                 hal::x86_64::process_manager::process_manager()
ffff800000204df0           204df0       17     1                 hal::x86_64::process_manager::process_manager()
ffff800000204e10           204e10        6     1                 hal::x86_64::process_manager::~process_manager()
ffff800000204e10           204e10        6     1                 hal::x86_64::process_manager::~process_manager()
ffff800000204e20           204e20       1f     1                 hal::x86_64::process_manager::switch_context(kernel::process*, kernel::process*)
ffff800000204e40           204e40       20     1                 hal::x86_64::process_manager::create_process(kernel::process*, unsigned long)
ffff800000204e60           204e60        6     1                 hal::x86_64::process_manager::delete_process(kernel::process*)
ffff800000204e70           204e70       93    16         ./build/x86_64/hal/x86_64/segment_configurator.o:(.text)
ffff800000204e70           204e70        6     1                 hal::x86_64::segment_configurator::segment_configurator()
ffff800000204e70           204e70        6     1                 hal::x86_64::segment_configurator::segment_configurator()
ffff800000204e80           204e80        6     1                 hal::x86_64::segment_configurator::~segment_configurator()
ffff800000204e80           204e80        6     1                 hal::x86_64::segment_configurator::~segment_configurator()
ffff800000204e90           204e90       31     1                 hal::x86_64::segment_configurator::init_gdt()
ffff800000204ed0           204ed0       20     1                 hal::x86_64::segment_configurator::load_gdt()
ffff800000204ef0           204ef0       13     1                 hal::x86_64::segment_configurator::load_segment_register(unsigned short)
ffff800000204f10           204f10      20e    16         ./build/x86_64/hal/x86_64/serial.o:(.text)
ffff800000204f10           204f10       1b     1                 hal::x86_64::serial::serial(hal::interface::port_io&)
ffff800000204f10           204f10       1b     1                 hal::x86_64::serial::serial(hal::interface::port_io&)
ffff800000204f30           204f30        6     1                 hal::x86_64::serial::~serial()
ffff800000204f30           204f30        6     1                 hal::x86_64::serial::~serial()
ffff800000204f40           204f40       98     1                 hal::x86_64::serial::init_serial(unsigned int)
ffff800000204fe0           204fe0       39     1                 hal::x86_64::serial::read_serial()
ffff800000205020           205020       19     1                 hal::x86_64::serial::is_received()
ffff800000205040           205040       3c     1                 hal::x86_64::serial::write_serial(char)
ffff800000205080           205080       19     1                 hal::x86_64::serial::is_empty()
ffff8000002050a0           2050a0       5f     1                 hal::x86_64::serial::write_string_serial(char*)
ffff800000205100           205100       1e     1                 hal::x86_64::serial::strlen(char const*)
ffff800000205120           205120      a88    16 .rodata
ffff800000205120           205120      108     8         ./build/x86_64/kernel/print.o:(.rodata)
ffff800000205228           205228       18     8         ./build/x86_64/hal/x86_64/arch_initializer.o:(.rodata)
ffff800000205228           205228       18     1                 vtable for hal::x86_64::arch_initializer
ffff800000205240           205240       18     8         ./build/x86_64/hal/x86_64/hal_factory.o:(.rodata)
ffff800000205240           205240       18     1                 vtable for hal::x86_64::hal_factory
ffff800000205258           205258       48     8         ./build/x86_64/hal/x86_64/interrupt.o:(.rodata)
ffff800000205258           205258       48     1                 vtable for hal::x86_64::interrupt
ffff8000002052a0           2052a0       50     8         ./build/x86_64/hal/x86_64/memory_manager.o:(.rodata)
ffff8000002052a0           2052a0       50     1                 vtable for hal::x86_64::memory_manager
ffff8000002052f0           2052f0       30     8         ./build/x86_64/hal/x86_64/pit_timer.o:(.rodata)
ffff8000002052f0           2052f0       30     1                 vtable for hal::x86_64::pit_timer
ffff800000205320           205320       20     8         ./build/x86_64/hal/x86_64/port_io.o:(.rodata)
ffff800000205320           205320       20     1                 vtable for hal::x86_64::port_io
ffff800000205340           205340       28     8         ./build/x86_64/hal/x86_64/process_manager.o:(.rodata)
ffff800000205340           205340       28     1                 vtable for hal::x86_64::process_manager
ffff800000205368           205368       30     8         ./build/x86_64/hal/x86_64/serial.o:(.rodata)
ffff800000205368           205368       30     1                 vtable for hal::x86_64::serial
ffff800000205398           205398      7c3     1         <internal>:(.rodata)
ffff800000205b60           205b60       20    16         <internal>:(.rodata)
ffff800000205b80           205b80       28    16         ./build/x86_64/hal/x86_64/segment_configurator.o:(.rodata._ZN3hal6x86_6420segment_configurator3gdtE)
ffff800000205b80           205b80       28     1                 hal::x86_64::segment_configurator::gdt
ffff800000205ba8           205ba8        0     1 .data
ffff800000205ba8           205ba8    17458     8 .bss
          205ba8     800000205ba8        0     1         __bss_start = . - KERNEL_VMA
ffff800000205ba8           205ba8       48     8         ./build/x86_64/kernel/kernel.o:(.bss)
ffff800000205ba8           205ba8       10     1                 kernel::kernel_object::memory_manager_buffer
ffff800000205bb8           205bb8        8     1                 kernel::kernel_object::memory_manager
ffff800000205bc0           205bc0       18     1                 kernel::kernel_object::process_manager_buffer
ffff800000205bd8           205bd8        8     1                 kernel::kernel_object::process_manager
ffff800000205be0           205be0        1     1                 kernel::kernel_object::ipc_manager_buffer
ffff800000205be8           205be8        8     1                 kernel::kernel_object::ipc_manager
ffff800000205bf0           205bf0       10     8         ./build/x86_64/kernel/logger.o:(.bss)
ffff800000205bf0           205bf0        4     1                 kernel::utility::logger::log_id
ffff800000205bf8           205bf8        8     1                 kernel::utility::logger::this_logger
ffff800000205c00           205c00       10     8         ./build/x86_64/kernel/main.o:(.bss)
ffff800000205c00           205c00        8     1                 hal_instance
ffff800000205c08           205c08        8     1                 hal_factory_buffer
ffff800000205c10           205c10     1090     8         ./build/x86_64/hal/x86_64/hal_factory.o:(.bss)
ffff800000205c10           205c10       38     1                 hal::x86_64::hal_factory::hal_buffer
ffff800000205c48           205c48        8     1                 hal::x86_64::hal_factory::memory_manager_buffer
ffff800000205c50           205c50        8     1                 hal::x86_64::hal_factory::process_manager_buffer
ffff800000205c58           205c58     1008     1                 hal::x86_64::hal_factory::interrupt_buffer
ffff800000206c60           206c60        8     1                 hal::x86_64::hal_factory::arch_initializer_buffer
ffff800000206c68           206c68        8     1                 hal::x86_64::hal_factory::port_io_buffer
ffff800000206c70           206c70       10     1                 hal::x86_64::hal_factory::serial_buffer
ffff800000206c80           206c80       20     1                 hal::x86_64::hal_factory::timer_buffer
ffff800000206ca0           206ca0        8     8         ./build/x86_64/hal/x86_64/pit_timer.o:(.bss)
ffff800000206ca0           206ca0        8     1                 hal::x86_64::pit_timer::this_timer
          206ca8     800000206ca8        0     1         __bss_end = . - KERNEL_VMA
          206ca8     800000206ca8      358     1         . = ALIGN ( 0x1000 )
          207000     800000207000        0     1         __kernel_pml4 = . - KERNEL_VMA
          207000     800000207000     1000     1         . += 0x1000
          208000     800000208000        0     1         . = ALIGN ( 0x1000 )
          208000     800000208000        0     1         __kernel_pdpt = . - KERNEL_VMA
          208000     800000208000     1000     1         . += 0x1000
          209000     800000209000        0     1         . = ALIGN ( 0x1000 )
          209000     800000209000        0     1         __kernel_pd = . - KERNEL_VMA
          209000     800000209000     4000     1         . += 4 * 512 * 8
          20d000     80000020d000        0     1         . = ALIGN ( 0x1000 )
          20d000     80000020d000        0     1         __boot_stack_start = . - KERNEL_VMA
          20d000     80000020d000    10000     1         . += 0x1000 * 16
          21d000     80000021d000        0     1         __boot_stack_end = . - KERNEL_VMA
          21d000     80000021d000        0     1         . = ALIGN ( 0x1000 )
          21d000     80000021d000        0     1         __kernel_end = . - KERNEL_VMA
               0                0     3661     1 .debug_str
               0                0     3661     1         <internal>:(.debug_str)
               0                0     693d     1 .debug_loc
               0                0      3b3     1         ./build/x86_64/kernel/include/library/string.o:(.debug_loc)
             3b3              3b3      40e     1         ./build/x86_64/kernel/logger.o:(.debug_loc)
             7c1              7c1      1e3     1         ./build/x86_64/kernel/main.o:(.debug_loc)
             9a4              9a4     1add     1         ./build/x86_64/kernel/memory_manager.o:(.debug_loc)
            2481             2481       6c     1         ./build/x86_64/kernel/new.o:(.debug_loc)
            24ed             24ed     32db     1         ./build/x86_64/kernel/print.o:(.debug_loc)
            57c8             57c8       c2     1         ./build/x86_64/kernel/process_manager.o:(.debug_loc)
            588a             588a       c9     1         ./build/x86_64/hal/x86_64/boot.o:(.debug_loc)
            5953             5953      151     1         ./build/x86_64/hal/x86_64/hal_factory.o:(.debug_loc)
            5aa4             5aa4      13d     1         ./build/x86_64/hal/x86_64/interrupt.o:(.debug_loc)
            5be1             5be1      6dd     1         ./build/x86_64/hal/x86_64/memory_manager.o:(.debug_loc)
            62be             62be       59     1         ./build/x86_64/hal/x86_64/pic.o:(.debug_loc)
            6317             6317      174     1         ./build/x86_64/hal/x86_64/pit_timer.o:(.debug_loc)
            648b             648b       a2     1         ./build/x86_64/hal/x86_64/port_io.o:(.debug_loc)
            652d             652d       ee     1         ./build/x86_64/hal/x86_64/process_manager.o:(.debug_loc)
            661b             661b       9f     1         ./build/x86_64/hal/x86_64/segment_configurator.o:(.debug_loc)
            66ba             66ba      283     1         ./build/x86_64/hal/x86_64/serial.o:(.debug_loc)
               0                0     21a0     1 .debug_abbrev
               0                0       9b     1         ./build/x86_64/kernel/include/library/string.o:(.debug_abbrev)
              9b               9b      172     1         ./build/x86_64/kernel/kernel.o:(.debug_abbrev)
             20d              20d      204     1         ./build/x86_64/kernel/logger.o:(.debug_abbrev)
             411              411      2ae     1         ./build/x86_64/kernel/main.o:(.debug_abbrev)
             6bf              6bf      2e9     1         ./build/x86_64/kernel/memory_manager.o:(.debug_abbrev)
             9a8              9a8       81     1         ./build/x86_64/kernel/new.o:(.debug_abbrev)
             a29              a29      2a8     1         ./build/x86_64/kernel/print.o:(.debug_abbrev)
             cd1              cd1       c5     1         ./build/x86_64/kernel/process.o:(.debug_abbrev)
             d96              d96      139     1         ./build/x86_64/kernel/process_manager.o:(.debug_abbrev)
             ecf              ecf       af     1         ./build/x86_64/kernel/scheduler.o:(.debug_abbrev)
             f7e              f7e      13b     1         ./build/x86_64/hal/x86_64/arch_initializer.o:(.debug_abbrev)
            10b9             10b9       70     1         ./build/x86_64/hal/x86_64/boot.o:(.debug_abbrev)
            1129             1129      1c7     1         ./build/x86_64/hal/x86_64/hal_factory.o:(.debug_abbrev)
            12f0             12f0      250     1         ./build/x86_64/hal/x86_64/interrupt.o:(.debug_abbrev)
            1540             1540      237     1         ./build/x86_64/hal/x86_64/memory_manager.o:(.debug_abbrev)
            1777             1777      148     1         ./build/x86_64/hal/x86_64/pic.o:(.debug_abbrev)
            18bf             18bf      243     1         ./build/x86_64/hal/x86_64/pit_timer.o:(.debug_abbrev)
            1b02             1b02      102     1         ./build/x86_64/hal/x86_64/port_io.o:(.debug_abbrev)
            1c04             1c04      199     1         ./build/x86_64/hal/x86_64/process_manager.o:(.debug_abbrev)
            1d9d             1d9d      1cb     1         ./build/x86_64/hal/x86_64/segment_configurator.o:(.debug_abbrev)
            1f68             1f68      238     1         ./build/x86_64/hal/x86_64/serial.o:(.debug_abbrev)
               0                0     7a31     1 .debug_info
               0                0      214     1         ./build/x86_64/kernel/include/library/string.o:(.debug_info)
             214              214      586     1         ./build/x86_64/kernel/kernel.o:(.debug_info)
             79a              79a      941     1         ./build/x86_64/kernel/logger.o:(.debug_info)
            10db             10db      963     1         ./build/x86_64/kernel/main.o:(.debug_info)
            1a3e             1a3e     12ea     1         ./build/x86_64/kernel/memory_manager.o:(.debug_info)
            2d28             2d28      11a     1         ./build/x86_64/kernel/new.o:(.debug_info)
            2e42             2e42     1b8b     1         ./build/x86_64/kernel/print.o:(.debug_info)
            49cd             49cd      168     1         ./build/x86_64/kernel/process.o:(.debug_info)
            4b35             4b35      2e3     1         ./build/x86_64/kernel/process_manager.o:(.debug_info)
            4e18             4e18       f5     1         ./build/x86_64/kernel/scheduler.o:(.debug_info)
            4f0d             4f0d      178     1         ./build/x86_64/hal/x86_64/arch_initializer.o:(.debug_info)
            5085             5085       df     1         ./build/x86_64/hal/x86_64/boot.o:(.debug_info)
            5164             5164      702     1         ./build/x86_64/hal/x86_64/hal_factory.o:(.debug_info)
            5866             5866      67e     1         ./build/x86_64/hal/x86_64/interrupt.o:(.debug_info)
            5ee4             5ee4      7d6     1         ./build/x86_64/hal/x86_64/memory_manager.o:(.debug_info)
            66ba             66ba      204     1         ./build/x86_64/hal/x86_64/pic.o:(.debug_info)
            68be             68be      426     1         ./build/x86_64/hal/x86_64/pit_timer.o:(.debug_info)
            6ce4             6ce4      178     1         ./build/x86_64/hal/x86_64/port_io.o:(.debug_info)
            6e5c             6e5c      3c0     1         ./build/x86_64/hal/x86_64/process_manager.o:(.debug_info)
            721c             721c      2ac     1         ./build/x86_64/hal/x86_64/segment_configurator.o:(.debug_info)
            74c8             74c8      569     1         ./build/x86_64/hal/x86_64/serial.o:(.debug_info)
               0                0       33     1 .comment
               0                0       33     1         <internal>:(.comment)
               0                0     1550     8 .debug_frame
               0                0       c0     8         ./build/x86_64/kernel/include/library/string.o:(.debug_frame)
              c0               c0      1e0     8         ./build/x86_64/kernel/logger.o:(.debug_frame)
             2a0              2a0       70     8         ./build/x86_64/kernel/main.o:(.debug_frame)
             310              310      308     8         ./build/x86_64/kernel/memory_manager.o:(.debug_frame)
             618              618       b8     8         ./build/x86_64/kernel/new.o:(.debug_frame)
             6d0              6d0      2d8     8         ./build/x86_64/kernel/print.o:(.debug_frame)
             9a8              9a8       68     8         ./build/x86_64/kernel/process.o:(.debug_frame)
             a10              a10      108     8         ./build/x86_64/kernel/process_manager.o:(.debug_frame)
             b18              b18       88     8         ./build/x86_64/kernel/scheduler.o:(.debug_frame)
             ba0              ba0       40     8         ./build/x86_64/hal/x86_64/arch_initializer.o:(.debug_frame)
             be0              be0       30     8         ./build/x86_64/hal/x86_64/boot.o:(.debug_frame)
             c10              c10       50     8         ./build/x86_64/hal/x86_64/hal_factory.o:(.debug_frame)
             c60              c60      1a8     8         ./build/x86_64/hal/x86_64/interrupt.o:(.debug_frame)
             e08              e08      168     8         ./build/x86_64/hal/x86_64/memory_manager.o:(.debug_frame)
             f70              f70       b8     8         ./build/x86_64/hal/x86_64/pic.o:(.debug_frame)
            1028             1028      170     8         ./build/x86_64/hal/x86_64/pit_timer.o:(.debug_frame)
            1198             1198       68     8         ./build/x86_64/hal/x86_64/port_io.o:(.debug_frame)
            1200             1200       e0     8         ./build/x86_64/hal/x86_64/process_manager.o:(.debug_frame)
            12e0             12e0       e0     8         ./build/x86_64/hal/x86_64/segment_configurator.o:(.debug_frame)
            13c0             13c0      190     8         ./build/x86_64/hal/x86_64/serial.o:(.debug_frame)
               0                0     3430     1 .debug_line
               0                0      1fb     1         ./build/x86_64/kernel/include/library/string.o:(.debug_line)
             1fb              1fb      100     1         ./build/x86_64/kernel/kernel.o:(.debug_line)
             2fb              2fb      21d     1         ./build/x86_64/kernel/logger.o:(.debug_line)
             518              518      235     1         ./build/x86_64/kernel/main.o:(.debug_line)
             74d              74d      6e4     1         ./build/x86_64/kernel/memory_manager.o:(.debug_line)
             e31              e31       94     1         ./build/x86_64/kernel/new.o:(.debug_line)
             ec5              ec5     144d     1         ./build/x86_64/kernel/print.o:(.debug_line)
            2312             2312       be     1         ./build/x86_64/kernel/process.o:(.debug_line)
            23d0             23d0       f7     1         ./build/x86_64/kernel/process_manager.o:(.debug_line)
            24c7             24c7       74     1         ./build/x86_64/kernel/scheduler.o:(.debug_line)
            253b             253b       dc     1         ./build/x86_64/hal/x86_64/arch_initializer.o:(.debug_line)
            2617             2617       c0     1         ./build/x86_64/hal/x86_64/boot.o:(.debug_line)
            26d7             26d7      1da     1         ./build/x86_64/hal/x86_64/hal_factory.o:(.debug_line)
            28b1             28b1      19d     1         ./build/x86_64/hal/x86_64/interrupt.o:(.debug_line)
            2a4e             2a4e      2d7     1         ./build/x86_64/hal/x86_64/memory_manager.o:(.debug_line)
            2d25             2d25       fd     1         ./build/x86_64/hal/x86_64/pic.o:(.debug_line)
            2e22             2e22      154     1         ./build/x86_64/hal/x86_64/pit_timer.o:(.debug_line)
            2f76             2f76       af     1         ./build/x86_64/hal/x86_64/port_io.o:(.debug_line)
            3025             3025      14b     1         ./build/x86_64/hal/x86_64/process_manager.o:(.debug_line)
            3170             3170       e7     1         ./build/x86_64/hal/x86_64/segment_configurator.o:(.debug_line)
            3257             3257      1d9     1         ./build/x86_64/hal/x86_64/serial.o:(.debug_line)
               0                0     10d0     1 .debug_ranges
               0                0      310     1         ./build/x86_64/kernel/memory_manager.o:(.debug_ranges)
             310              310      c40     1         ./build/x86_64/kernel/print.o:(.debug_ranges)
             f50              f50      180     1         ./build/x86_64/hal/x86_64/memory_manager.o:(.debug_ranges)
               0                0     15a8     8 .symtab
               0                0     15a8     8         <internal>:(.symtab)
               0                0       9a     1 .shstrtab
               0                0       9a     1         <internal>:(.shstrtab)
               0                0     1f5d     1 .strtab
               0                0     1f5d     1         <internal>:(.strtab)
