             VMA              LMA     Size Align Out     In      Symbol
               0                0     1000     1 . = 0x1000
            1000             1000       16    16 .text
            1000             1000       16    16         ./build/x86_64/main.o:(.text)
            1000             1000        6     1                 _start
            1010             1010        6     1                 main
            2000             2000     3000     1 .bss
            2000             2000        0     1         __init_info_start = .
            2000             2000     1000     1         . += 0x1000
            3000             3000        0     1         __init_info_end = .
            3000             3000        0     1         __init_ipc_buffer_start = .
            3000             3000     1000     1         . += 0x1000
            4000             4000        0     1         __init_ipc_buffer_end = .
            4000             4000        0     1         __init_stack_start = .
            4000             4000     1000     1         . += 0x1000
            5000             5000        0     1         __init_stack_end = .
            5000             5000        0     1         __bss_start = .
            5000             5000        0     1         __bss_end = .
               0                0       2d     1 .debug_abbrev
               0                0       2d     1         ./build/x86_64/main.o:(.debug_abbrev)
               0                0       3a     1 .debug_info
               0                0       3a     1         ./build/x86_64/main.o:(.debug_info)
               0                0       1c     1 .debug_str_offsets
               0                0       1c     1         ./build/x86_64/main.o:(.debug_str_offsets)
               0                0       52     1 .debug_str
               0                0       52     1         <internal>:(.debug_str)
               0                0       18     1 .debug_addr
               0                0       18     1         ./build/x86_64/main.o:(.debug_addr)
               0                0       44     1 .comment
               0                0       44     1         <internal>:(.comment)
               0                0       68     8 .debug_frame
               0                0       68     8         ./build/x86_64/main.o:(.debug_frame)
               0                0       67     1 .debug_line
               0                0       67     1         ./build/x86_64/main.o:(.debug_line)
               0                0       1d     1 .debug_line_str
               0                0       1d     1         <internal>:(.debug_line_str)
               0                0      120     8 .symtab
               0                0      120     8         <internal>:(.symtab)
               0                0       9c     1 .shstrtab
               0                0       9c     1         <internal>:(.shstrtab)
               0                0       9e     1 .strtab
               0                0       9e     1         <internal>:(.strtab)
